
Recovery Manager: Release 11.2.0.4.0 - Production on Wed Jul 23 11:40:35 2025

Copyright (c) 1982, 2011, Oracle and/or its affiliates.  All rights reserved.

RMAN> 
connected to target database: TNPRO (DBID=1198730716)

RMAN> 2> 3> 4> 5> 6> 7> 8> 9> 
using target database control file instead of recovery catalog
allocated channel: ch1
channel ch1: SID=330 instance=tnpro1 device type=SBT_TAPE
channel ch1: Veeam Plug-in for Oracle RMAN

allocated channel: ch2
channel ch2: SID=11 instance=tnpro1 device type=SBT_TAPE
channel ch2: Veeam Plug-in for Oracle RMAN

Starting backup at 23-JUL-25
current log archived

backup will be obsolete on date 30-JUL-25
archived logs required to recover from this backup will be backed up
channel ch1: starting compressed incremental level 1 datafile backup set
channel ch1: specifying datafile(s) in backup set
input datafile file number=00004 name=+DG_TNPRO/tnpro/datafile/users.276.1047636911
input datafile file number=00008 name=+DG_TNPRO/tnpro/datafile/bpm_index.266.1047635815
input datafile file number=00014 name=+DG_TNPRO/tnpro/datafile/users.279.1047637405
input datafile file number=00016 name=+DG_TNPRO/tnpro/datafile/bpm_index.268.1047636041
input datafile file number=00018 name=+DG_TNPRO/tnpro/datafile/users.282.1047637827
input datafile file number=00024 name=+DG_TNPRO/tnpro/datafile/bpm_index.265.1047635767
input datafile file number=00029 name=+DG_TNPRO/tnpro/datafile/bpm.259.1047634877
input datafile file number=00003 name=+DG_TNPRO/tnpro/datafile/bpm_index.318.1060600329
input datafile file number=00011 name=+DG_TNPRO/tnpro/datafile/bpm.262.1047635197
input datafile file number=00019 name=+DG_TNPRO/tnpro/datafile/users.295.1047647567
input datafile file number=00021 name=+DG_TNPRO/tnpro/datafile/users.281.1047637777
input datafile file number=00028 name=+DG_TNPRO/tnpro/datafile/users.278.1047637355
input datafile file number=00031 name=+DG_TNPRO/tnpro/datafile/users.294.1047647517
input datafile file number=00052 name=+DG_TNPRO/tnpro/datafile/undotb01.305.1047650849
input datafile file number=00010 name=+DG_TNPRO/tnpro/datafile/users.288.1047646943
input datafile file number=00036 name=+DG_TNPRO/tnpro/datafile/users.293.1047647469
input datafile file number=00038 name=+DG_TNPRO/tnpro/datafile/users.283.1047638175
input datafile file number=00058 name=+DG_TNPRO/tnpro/datafile/bpm_index.330.1145784777
input datafile file number=00043 name=+DG_TNPRO/tnpro/datafile/bpm_index.270.1047636119
input datafile file number=00002 name=+DG_TNPRO/tnpro/datafile/sysaux.312.1049756329
input datafile file number=00001 name=+DG_TNPRO/tnpro/datafile/system.309.1049756205
input datafile file number=00049 name=+DG_TNPRO/tnpro/datafile/sysaux.313.1049756329
input datafile file number=00053 name=+DG_TNPRO/tnpro/datafile/undotb02.306.1047651111
input datafile file number=00057 name=+DG_TNPRO/tnpro/datafile/bpm.329.1141467023
input datafile file number=00026 name=+DG_TNPRO/tnpro/datafile/bpm_trace.272.1047636363
input datafile file number=00027 name=+DG_TNPRO/tnpro/datafile/bpm_trace.273.1047636367
input datafile file number=00046 name=+DG_TNPRO/tnpro/datafile/system.310.1049756251
input datafile file number=00047 name=+DG_TNPRO/tnpro/datafile/system.311.1049756251
input datafile file number=00045 name=+DG_TNPRO/tnpro/datafile/bpm.325.1129898839
channel ch1: starting piece 1 at 23-JUL-25
channel ch2: starting compressed incremental level 1 datafile backup set
channel ch2: specifying datafile(s) in backup set
input datafile file number=00007 name=+DG_TNPRO/tnpro/datafile/bpm.256.1047634413
input datafile file number=00012 name=+DG_TNPRO/tnpro/datafile/users.286.1047638323
input datafile file number=00015 name=+DG_TNPRO/tnpro/datafile/users.275.1047636863
input datafile file number=00017 name=+DG_TNPRO/tnpro/datafile/bpm.257.1047634459
input datafile file number=00023 name=+DG_TNPRO/tnpro/datafile/bpm.260.1047634925
input datafile file number=00025 name=+DG_TNPRO/tnpro/datafile/users.285.1047638273
input datafile file number=00048 name=+DG_TNPRO/tnpro/datafile/bpm.263.1047635245
input datafile file number=00005 name=+DG_TNPRO/tnpro/datafile/bpm_index.319.1060600491
input datafile file number=00013 name=+DG_TNPRO/tnpro/datafile/users.274.1047636813
input datafile file number=00020 name=+DG_TNPRO/tnpro/datafile/users.289.1047646993
input datafile file number=00022 name=+DG_TNPRO/tnpro/datafile/users.284.1047638223
input datafile file number=00030 name=+DG_TNPRO/tnpro/datafile/bpm.324.1072273477
input datafile file number=00051 name=+DG_TNPRO/tnpro/datafile/bpm.261.1047634973
input datafile file number=00044 name=+DG_TNPRO/tnpro/datafile/bpm.264.1047635275
input datafile file number=00032 name=+DG_TNPRO/tnpro/datafile/bpm.258.1047634509
input datafile file number=00035 name=+DG_TNPRO/tnpro/datafile/users.280.1047637729
input datafile file number=00055 name=+DG_TNPRO/tnpro/datafile/bpm.327.1141466517
input datafile file number=00056 name=+DG_TNPRO/tnpro/datafile/bpm.328.1141466651
input datafile file number=00059 name=+DG_TNPRO/tnpro/datafile/bpm_index.331.1182935997
input datafile file number=00034 name=+DG_TNPRO/tnpro/datafile/users.277.1047637317
input datafile file number=00042 name=+DG_TNPRO/tnpro/datafile/bpm_index.267.1047635865
input datafile file number=00050 name=+DG_TNPRO/tnpro/datafile/bpm_index.269.1047636089
input datafile file number=00033 name=+DG_TNPRO/tnpro/datafile/system.308.1049756205
input datafile file number=00054 name=+DG_TNPRO/tnpro/datafile/bpm.326.1129898871
input datafile file number=00006 name=+DG_TNPRO/tnpro/datafile/example.296.1047647757
input datafile file number=00037 name=+DG_TNPRO/tnpro/datafile/users.292.1047647465
input datafile file number=00039 name=+DG_TNPRO/tnpro/datafile/users.291.1047647461
input datafile file number=00040 name=+DG_TNPRO/tnpro/datafile/users.290.1047647043
input datafile file number=00041 name=+DG_TNPRO/tnpro/datafile/users.287.1047646939
input datafile file number=00009 name=+DG_TNPRO/tnpro/datafile/bpm_trace.271.1047636359
channel ch2: starting piece 1 at 23-JUL-25
channel ch2: finished piece 1 at 23-JUL-25
piece handle=3fc90592-511f-4200-aedc-48597064f4c8/RMAN_incr_1198730716_TNPRO_20250723_jd3v9gi3_1_1.vab tag=FULL_TNPRO_21072025_11H52 comment=API Version 2.0,MMS Version 12.3.0.54
channel ch2: backup set complete, elapsed time: 00:13:15
channel ch2: starting compressed incremental level 1 datafile backup set
channel ch2: specifying datafile(s) in backup set
including current control file in backup set
channel ch2: starting piece 1 at 23-JUL-25
channel ch1: finished piece 1 at 23-JUL-25
piece handle=3fc90592-511f-4200-aedc-48597064f4c8/RMAN_incr_1198730716_TNPRO_20250723_jc3v9gi2_1_1.vab tag=FULL_TNPRO_21072025_11H52 comment=API Version 2.0,MMS Version 12.3.0.54
channel ch1: backup set complete, elapsed time: 00:13:18
channel ch2: finished piece 1 at 23-JUL-25
piece handle=3fc90592-511f-4200-aedc-48597064f4c8/RMAN_incr_1198730716_TNPRO_20250723_je3v9hau_1_1.vab tag=FULL_TNPRO_21072025_11H52 comment=API Version 2.0,MMS Version 12.3.0.54
channel ch2: backup set complete, elapsed time: 00:00:25

backup will be obsolete on date 30-JUL-25
archived logs required to recover from this backup will be backed up
channel ch1: starting compressed full datafile backup set
channel ch1: specifying datafile(s) in backup set
including current SPFILE in backup set
channel ch1: starting piece 1 at 23-JUL-25
channel ch1: finished piece 1 at 23-JUL-25
piece handle=3fc90592-511f-4200-aedc-48597064f4c8/RMAN_incr_1198730716_TNPRO_20250723_jf3v9hbp_1_1.vab tag=FULL_TNPRO_21072025_11H52 comment=API Version 2.0,MMS Version 12.3.0.54
channel ch1: backup set complete, elapsed time: 00:00:07

current log archived
backup will be obsolete on date 30-JUL-25
archived logs required to recover from this backup will be backed up
channel ch1: starting compressed archived log backup set
channel ch1: specifying archived log(s) in backup set
input archived log thread=1 sequence=82563 RECID=107604 STAMP=1207222842
channel ch1: starting piece 1 at 23-JUL-25
channel ch2: starting compressed archived log backup set
channel ch2: specifying archived log(s) in backup set
input archived log thread=2 sequence=46421 RECID=107606 STAMP=1207223683
input archived log thread=1 sequence=82564 RECID=107605 STAMP=1207223680
channel ch2: starting piece 1 at 23-JUL-25
channel ch2: finished piece 1 at 23-JUL-25
piece handle=3fc90592-511f-4200-aedc-48597064f4c8/RMAN_incr_1198730716_TNPRO_20250723_jh3v9hc7_1_1.vab tag=FULL_TNPRO_21072025_11H52 comment=API Version 2.0,MMS Version 12.3.0.54
channel ch2: backup set complete, elapsed time: 00:00:07
channel ch1: finished piece 1 at 23-JUL-25
piece handle=3fc90592-511f-4200-aedc-48597064f4c8/RMAN_incr_1198730716_TNPRO_20250723_jg3v9hc7_1_1.vab tag=FULL_TNPRO_21072025_11H52 comment=API Version 2.0,MMS Version 12.3.0.54
channel ch1: backup set complete, elapsed time: 00:00:16

backup will be obsolete on date 30-JUL-25
archived logs required to recover from this backup will be backed up
channel ch1: starting compressed full datafile backup set
channel ch1: specifying datafile(s) in backup set
including current control file in backup set
channel ch1: starting piece 1 at 23-JUL-25
channel ch1: finished piece 1 at 23-JUL-25
piece handle=3fc90592-511f-4200-aedc-48597064f4c8/RMAN_incr_1198730716_TNPRO_20250723_ji3v9hcn_1_1.vab tag=FULL_TNPRO_21072025_11H52 comment=API Version 2.0,MMS Version 12.3.0.54
channel ch1: backup set complete, elapsed time: 00:00:07
Finished backup at 23-JUL-25

Starting backup at 23-JUL-25
current log archived
backup will be obsolete on date 30-JUL-25
archived logs required to recover from this backup will be backed up
skipping archived logs of thread 1 from sequence 82563 to 82564; already backed up
skipping archived log of thread 2 with sequence 46421; already backed up
channel ch1: starting compressed archived log backup set
channel ch1: specifying archived log(s) in backup set
input archived log thread=1 sequence=82561 RECID=107599 STAMP=1207167538
input archived log thread=2 sequence=46418 RECID=107600 STAMP=1207170808
channel ch1: starting piece 1 at 23-JUL-25
channel ch2: starting compressed archived log backup set
channel ch2: specifying archived log(s) in backup set
input archived log thread=1 sequence=82562 RECID=107601 STAMP=1207184413
input archived log thread=2 sequence=46419 RECID=107602 STAMP=1207184415
input archived log thread=2 sequence=46420 RECID=107603 STAMP=1207222840
input archived log thread=1 sequence=82565 RECID=107608 STAMP=1207223714
channel ch2: starting piece 1 at 23-JUL-25
channel ch2: finished piece 1 at 23-JUL-25
piece handle=3fc90592-511f-4200-aedc-48597064f4c8/RMAN_incr_1198730716_TNPRO_20250723_jk3v9hd6_1_1.vab tag=FULL_TNPRO_21072025_11H52 comment=API Version 2.0,MMS Version 12.3.0.54
channel ch2: backup set complete, elapsed time: 00:00:15
channel ch2: deleting archived log(s)
archived log file name=+DG_FRA/tnpro/archivelog/2025_07_23/thread_1_seq_82562.11528.1207184413 RECID=107601 STAMP=1207184413
archived log file name=+DG_FRA/tnpro/archivelog/2025_07_23/thread_2_seq_46419.5885.1207184413 RECID=107602 STAMP=1207184415
archived log file name=+DG_FRA/tnpro/archivelog/2025_07_23/thread_2_seq_46420.12863.1207222841 RECID=107603 STAMP=1207222840
archived log file name=+DG_FRA/tnpro/archivelog/2025_07_23/thread_1_seq_82565.7656.1207223715 RECID=107608 STAMP=1207223714
channel ch2: starting compressed archived log backup set
channel ch2: specifying archived log(s) in backup set
input archived log thread=2 sequence=46422 RECID=107607 STAMP=1207223713
channel ch2: starting piece 1 at 23-JUL-25
channel ch1: finished piece 1 at 23-JUL-25
piece handle=3fc90592-511f-4200-aedc-48597064f4c8/RMAN_incr_1198730716_TNPRO_20250723_jj3v9hd6_1_1.vab tag=FULL_TNPRO_21072025_11H52 comment=API Version 2.0,MMS Version 12.3.0.54
channel ch1: backup set complete, elapsed time: 00:00:18
channel ch1: deleting archived log(s)
archived log file name=+DG_FRA/tnpro/archivelog/2025_07_22/thread_1_seq_82561.10790.1207167539 RECID=107599 STAMP=1207167538
archived log file name=+DG_FRA/tnpro/archivelog/2025_07_22/thread_2_seq_46418.4000.1207170809 RECID=107600 STAMP=1207170808
channel ch1: deleting archived log(s)
archived log file name=+DG_FRA/tnpro/archivelog/2025_07_23/thread_1_seq_82563.13055.1207222841 RECID=107604 STAMP=1207222842
archived log file name=+DG_FRA/tnpro/archivelog/2025_07_23/thread_1_seq_82564.12191.1207223681 RECID=107605 STAMP=1207223680
archived log file name=+DG_FRA/tnpro/archivelog/2025_07_23/thread_2_seq_46421.12566.1207223683 RECID=107606 STAMP=1207223683
channel ch2: finished piece 1 at 23-JUL-25
piece handle=3fc90592-511f-4200-aedc-48597064f4c8/RMAN_incr_1198730716_TNPRO_20250723_jl3v9hdl_1_1.vab tag=FULL_TNPRO_21072025_11H52 comment=API Version 2.0,MMS Version 12.3.0.54
channel ch2: backup set complete, elapsed time: 00:00:07
channel ch2: deleting archived log(s)
archived log file name=+DG_FRA/tnpro/archivelog/2025_07_23/thread_2_seq_46422.11696.1207223713 RECID=107607 STAMP=1207223713
Finished backup at 23-JUL-25

released channel: ch1

released channel: ch2

RMAN retention policy will be applied to the command
RMAN retention policy is set to redundancy 1
allocated channel: ORA_DISK_1
channel ORA_DISK_1: SID=330 instance=tnpro1 device type=DISK
allocated channel: ORA_DISK_2
channel ORA_DISK_2: SID=11 instance=tnpro1 device type=DISK
allocated channel: ORA_SBT_TAPE_1
channel ORA_SBT_TAPE_1: SID=1238 instance=tnpro1 device type=SBT_TAPE
channel ORA_SBT_TAPE_1: Veeam Plug-in for Oracle RMAN
allocated channel: ORA_SBT_TAPE_2
channel ORA_SBT_TAPE_2: SID=628 instance=tnpro1 device type=SBT_TAPE
channel ORA_SBT_TAPE_2: Veeam Plug-in for Oracle RMAN
allocated channel: ORA_SBT_TAPE_3
channel ORA_SBT_TAPE_3: SID=634 instance=tnpro1 device type=SBT_TAPE
channel ORA_SBT_TAPE_3: Veeam Plug-in for Oracle RMAN
allocated channel: ORA_SBT_TAPE_4
channel ORA_SBT_TAPE_4: SID=2143 instance=tnpro1 device type=SBT_TAPE
channel ORA_SBT_TAPE_4: Veeam Plug-in for Oracle RMAN
Deleting the following obsolete backups and copies:
Type                 Key    Completion Time    Filename/Handle
-------------------- ------ ------------------ --------------------
Backup Set           16775  22-JUN-25         
  Backup Piece       20805  22-JUN-25          3fc90592-511f-4200-aedc-48597064f4c8/RMAN_full_1198730716_TNPRO_20250622_0j3skca4_1_1.vab
Backup Set           16777  22-JUN-25         
  Backup Piece       20807  22-JUN-25          3fc90592-511f-4200-aedc-48597064f4c8/RMAN_full_1198730716_TNPRO_20250622_0k3skcb2_1_1.vab
Backup Set           16778  22-JUN-25         
  Backup Piece       20808  22-JUN-25          3fc90592-511f-4200-aedc-48597064f4c8/RMAN_full_1198730716_TNPRO_20250622_0l3skcb2_1_1.vab
Backup Set           16776  22-JUN-25         
  Backup Piece       20806  22-JUN-25          3fc90592-511f-4200-aedc-48597064f4c8/RMAN_full_1198730716_TNPRO_20250622_0m3skcb2_1_1.vab
Backup Set           16779  22-JUN-25         
  Backup Piece       20809  22-JUN-25          3fc90592-511f-4200-aedc-48597064f4c8/RMAN_full_1198730716_TNPRO_20250622_0n3skcbr_1_1.vab
Backup Set           16780  22-JUN-25         
  Backup Piece       20810  22-JUN-25          3fc90592-511f-4200-aedc-48597064f4c8/RMAN_full_1198730716_TNPRO_20250622_0o3skcck_1_1.vab
Backup Set           16782  22-JUN-25         
  Backup Piece       20812  22-JUN-25          3fc90592-511f-4200-aedc-48597064f4c8/RMAN_full_1198730716_TNPRO_20250622_0p3skcck_1_1.vab
Backup Set           16783  22-JUN-25         
  Backup Piece       20813  22-JUN-25          3fc90592-511f-4200-aedc-48597064f4c8/RMAN_full_1198730716_TNPRO_20250622_0q3skcck_1_1.vab
Backup Set           16781  22-JUN-25         
  Backup Piece       20811  22-JUN-25          3fc90592-511f-4200-aedc-48597064f4c8/RMAN_full_1198730716_TNPRO_20250622_0r3skcck_1_1.vab
Backup Set           16784  22-JUN-25         
  Backup Piece       20814  22-JUN-25          3fc90592-511f-4200-aedc-48597064f4c8/RMAN_full_1198730716_TNPRO_20250622_0s3skcd3_1_1.vab
Backup Set           17078  15-JUL-25         
  Backup Piece       21234  15-JUL-25          3fc90592-511f-4200-aedc-48597064f4c8/RMAN_incr_1198730716_TNPRO_20250715_ev3ul08p_1_1.vab
Backup Set           17076  15-JUL-25         
  Backup Piece       21232  15-JUL-25          3fc90592-511f-4200-aedc-48597064f4c8/RMAN_incr_1198730716_TNPRO_20250715_f03ul08q_1_1.vab
Backup Set           17077  15-JUL-25         
  Backup Piece       21233  15-JUL-25          3fc90592-511f-4200-aedc-48597064f4c8/RMAN_incr_1198730716_TNPRO_20250715_f13ul138_1_1.vab
Backup Set           17079  15-JUL-25         
  Backup Piece       21235  15-JUL-25          3fc90592-511f-4200-aedc-48597064f4c8/RMAN_incr_1198730716_TNPRO_20250715_f23ul143_1_1.vab
Backup Set           17081  15-JUL-25         
  Backup Piece       21237  15-JUL-25          3fc90592-511f-4200-aedc-48597064f4c8/RMAN_incr_1198730716_TNPRO_20250715_f33ul14d_1_1.vab
Backup Set           17080  15-JUL-25         
  Backup Piece       21236  15-JUL-25          3fc90592-511f-4200-aedc-48597064f4c8/RMAN_incr_1198730716_TNPRO_20250715_f43ul14d_1_1.vab
Backup Set           17082  15-JUL-25         
  Backup Piece       21238  15-JUL-25          3fc90592-511f-4200-aedc-48597064f4c8/RMAN_incr_1198730716_TNPRO_20250715_f53ul14k_1_1.vab
Backup Set           17084  15-JUL-25         
  Backup Piece       21240  15-JUL-25          3fc90592-511f-4200-aedc-48597064f4c8/RMAN_incr_1198730716_TNPRO_20250715_f63ul156_1_1.vab
Backup Set           17083  15-JUL-25         
  Backup Piece       21239  15-JUL-25          3fc90592-511f-4200-aedc-48597064f4c8/RMAN_incr_1198730716_TNPRO_20250715_f73ul156_1_1.vab
Backup Set           17085  15-JUL-25         
  Backup Piece       21241  15-JUL-25          3fc90592-511f-4200-aedc-48597064f4c8/RMAN_incr_1198730716_TNPRO_20250715_f83ul15v_1_1.vab
deleted backup piece
backup piece handle=3fc90592-511f-4200-aedc-48597064f4c8/RMAN_full_1198730716_TNPRO_20250622_0j3skca4_1_1.vab RECID=20805 STAMP=1204433220
deleted backup piece
backup piece handle=3fc90592-511f-4200-aedc-48597064f4c8/RMAN_full_1198730716_TNPRO_20250622_0k3skcb2_1_1.vab RECID=20807 STAMP=1204433250
deleted backup piece
backup piece handle=3fc90592-511f-4200-aedc-48597064f4c8/RMAN_full_1198730716_TNPRO_20250622_0l3skcb2_1_1.vab RECID=20808 STAMP=1204433250
deleted backup piece
backup piece handle=3fc90592-511f-4200-aedc-48597064f4c8/RMAN_full_1198730716_TNPRO_20250622_0m3skcb2_1_1.vab RECID=20806 STAMP=1204433250
deleted backup piece
backup piece handle=3fc90592-511f-4200-aedc-48597064f4c8/RMAN_full_1198730716_TNPRO_20250622_0n3skcbr_1_1.vab RECID=20809 STAMP=1204433276
deleted backup piece
backup piece handle=3fc90592-511f-4200-aedc-48597064f4c8/RMAN_full_1198730716_TNPRO_20250622_0o3skcck_1_1.vab RECID=20810 STAMP=1204433300
deleted backup piece
backup piece handle=3fc90592-511f-4200-aedc-48597064f4c8/RMAN_full_1198730716_TNPRO_20250622_0p3skcck_1_1.vab RECID=20812 STAMP=1204433300
deleted backup piece
backup piece handle=3fc90592-511f-4200-aedc-48597064f4c8/RMAN_full_1198730716_TNPRO_20250622_0q3skcck_1_1.vab RECID=20813 STAMP=1204433300
deleted backup piece
backup piece handle=3fc90592-511f-4200-aedc-48597064f4c8/RMAN_full_1198730716_TNPRO_20250622_0r3skcck_1_1.vab RECID=20811 STAMP=1204433300
deleted backup piece
backup piece handle=3fc90592-511f-4200-aedc-48597064f4c8/RMAN_full_1198730716_TNPRO_20250622_0s3skcd3_1_1.vab RECID=20814 STAMP=1204433315
deleted backup piece
backup piece handle=3fc90592-511f-4200-aedc-48597064f4c8/RMAN_incr_1198730716_TNPRO_20250715_ev3ul08p_1_1.vab RECID=21234 STAMP=1206550810
deleted backup piece
backup piece handle=3fc90592-511f-4200-aedc-48597064f4c8/RMAN_incr_1198730716_TNPRO_20250715_f03ul08q_1_1.vab RECID=21232 STAMP=1206550811
deleted backup piece
backup piece handle=3fc90592-511f-4200-aedc-48597064f4c8/RMAN_incr_1198730716_TNPRO_20250715_f13ul138_1_1.vab RECID=21233 STAMP=1206551657
deleted backup piece
backup piece handle=3fc90592-511f-4200-aedc-48597064f4c8/RMAN_incr_1198730716_TNPRO_20250715_f23ul143_1_1.vab RECID=21235 STAMP=1206551683
deleted backup piece
backup piece handle=3fc90592-511f-4200-aedc-48597064f4c8/RMAN_incr_1198730716_TNPRO_20250715_f33ul14d_1_1.vab RECID=21237 STAMP=1206551693
deleted backup piece
backup piece handle=3fc90592-511f-4200-aedc-48597064f4c8/RMAN_incr_1198730716_TNPRO_20250715_f43ul14d_1_1.vab RECID=21236 STAMP=1206551693
deleted backup piece
backup piece handle=3fc90592-511f-4200-aedc-48597064f4c8/RMAN_incr_1198730716_TNPRO_20250715_f53ul14k_1_1.vab RECID=21238 STAMP=1206551701
deleted backup piece
backup piece handle=3fc90592-511f-4200-aedc-48597064f4c8/RMAN_incr_1198730716_TNPRO_20250715_f63ul156_1_1.vab RECID=21240 STAMP=1206551718
deleted backup piece
backup piece handle=3fc90592-511f-4200-aedc-48597064f4c8/RMAN_incr_1198730716_TNPRO_20250715_f73ul156_1_1.vab RECID=21239 STAMP=1206551718
deleted backup piece
backup piece handle=3fc90592-511f-4200-aedc-48597064f4c8/RMAN_incr_1198730716_TNPRO_20250715_f83ul15v_1_1.vab RECID=21241 STAMP=1206551743
Deleted 20 objects


RMAN> 

List of Backup Sets
===================


BS Key  Type LV Size       Device Type Elapsed Time Completion Time
------- ---- -- ---------- ----------- ------------ ---------------
17143   Full    8.00M      SBT_TAPE    00:00:11     21-JUL-25      
        BP Key: 21341   Status: AVAILABLE  Compressed: YES  Tag: FULL_TNPRO_21072025_11H52
        Handle: 3fc90592-511f-4200-aedc-48597064f4c8/RMAN_full_1198730716_TNPRO_20250721_im3v4oi0_1_1.vab   Media: {3fc90592-511f-4200-aedc-48597064f4c8}
        Keep: BACKUP_LOGS        Until: 20-AUG-25      
  SPFILE Included: Modification time: 20-JUL-25
  SPFILE db_unique_name: TNPRO

BS Key  Type LV Size       Device Type Elapsed Time Completion Time
------- ---- -- ---------- ----------- ------------ ---------------
17156   Full    8.00M      SBT_TAPE    00:00:06     22-JUL-25      
        BP Key: 21354   Status: AVAILABLE  Compressed: YES  Tag: FULL_TNPRO_21072025_11H52
        Handle: 3fc90592-511f-4200-aedc-48597064f4c8/RMAN_incr_1198730716_TNPRO_20250722_j33v5nsg_1_1.vab   Media: {3fc90592-511f-4200-aedc-48597064f4c8}
        Keep: BACKUP_LOGS        Until: 29-JUL-25      
  SPFILE Included: Modification time: 20-JUL-25
  SPFILE db_unique_name: TNPRO

BS Key  Type LV Size       Device Type Elapsed Time Completion Time
------- ---- -- ---------- ----------- ------------ ---------------
17166   Full    8.00M      SBT_TAPE    00:00:05     23-JUL-25      
        BP Key: 21364   Status: AVAILABLE  Compressed: YES  Tag: FULL_TNPRO_21072025_11H52
        Handle: 3fc90592-511f-4200-aedc-48597064f4c8/RMAN_incr_1198730716_TNPRO_20250723_jf3v9hbp_1_1.vab   Media: {3fc90592-511f-4200-aedc-48597064f4c8}
        Keep: BACKUP_LOGS        Until: 30-JUL-25      
  SPFILE Included: Modification time: 23-JUL-25
  SPFILE db_unique_name: TNPRO

RMAN> 

List of Backup Sets
===================


BS Key  Type LV Size       Device Type Elapsed Time Completion Time
------- ---- -- ---------- ----------- ------------ ---------------
17141   Incr 0  16.00M     SBT_TAPE    00:00:13     21-JUL-25      
        BP Key: 21338   Status: AVAILABLE  Compressed: YES  Tag: FULL_TNPRO_21072025_11H52
        Handle: 3fc90592-511f-4200-aedc-48597064f4c8/RMAN_full_1198730716_TNPRO_20250721_il3v4n3h_1_1.vab   Media: {3fc90592-511f-4200-aedc-48597064f4c8}
        Keep: BACKUP_LOGS        Until: 20-AUG-25      
  Control File Included: Ckp SCN: 47141908260   Ckp time: 21-JUL-25

BS Key  Type LV Size       Device Type Elapsed Time Completion Time
------- ---- -- ---------- ----------- ------------ ---------------
17147   Full    16.00M     SBT_TAPE    00:00:08     21-JUL-25      
        BP Key: 21345   Status: AVAILABLE  Compressed: YES  Tag: FULL_TNPRO_21072025_11H52
        Handle: 3fc90592-511f-4200-aedc-48597064f4c8/RMAN_full_1198730716_TNPRO_20250721_iq3v4ojd_1_1.vab   Media: {3fc90592-511f-4200-aedc-48597064f4c8}
        Keep: BACKUP_LOGS        Until: 20-AUG-25      
  Control File Included: Ckp SCN: 47141911704   Ckp time: 21-JUL-25

BS Key  Type LV Size       Device Type Elapsed Time Completion Time
------- ---- -- ---------- ----------- ------------ ---------------
17154   Incr 1  16.00M     SBT_TAPE    00:00:07     22-JUL-25      
        BP Key: 21352   Status: AVAILABLE  Compressed: YES  Tag: FULL_TNPRO_21072025_11H52
        Handle: 3fc90592-511f-4200-aedc-48597064f4c8/RMAN_incr_1198730716_TNPRO_20250722_j23v5ns0_1_1.vab   Media: {3fc90592-511f-4200-aedc-48597064f4c8}
        Keep: BACKUP_LOGS        Until: 29-JUL-25      
  Control File Included: Ckp SCN: 47142815071   Ckp time: 22-JUL-25

BS Key  Type LV Size       Device Type Elapsed Time Completion Time
------- ---- -- ---------- ----------- ------------ ---------------
17159   Full    16.00M     SBT_TAPE    00:00:06     22-JUL-25      
        BP Key: 21357   Status: AVAILABLE  Compressed: YES  Tag: FULL_TNPRO_21072025_11H52
        Handle: 3fc90592-511f-4200-aedc-48597064f4c8/RMAN_incr_1198730716_TNPRO_20250722_j63v5nta_1_1.vab   Media: {3fc90592-511f-4200-aedc-48597064f4c8}
        Keep: BACKUP_LOGS        Until: 29-JUL-25      
  Control File Included: Ckp SCN: 47142815142   Ckp time: 22-JUL-25

BS Key  Type LV Size       Device Type Elapsed Time Completion Time
------- ---- -- ---------- ----------- ------------ ---------------
17165   Incr 1  16.00M     SBT_TAPE    00:00:17     23-JUL-25      
        BP Key: 21363   Status: AVAILABLE  Compressed: YES  Tag: FULL_TNPRO_21072025_11H52
        Handle: 3fc90592-511f-4200-aedc-48597064f4c8/RMAN_incr_1198730716_TNPRO_20250723_je3v9hau_1_1.vab   Media: {3fc90592-511f-4200-aedc-48597064f4c8}
        Keep: BACKUP_LOGS        Until: 30-JUL-25      
  Control File Included: Ckp SCN: 47143467625   Ckp time: 23-JUL-25

BS Key  Type LV Size       Device Type Elapsed Time Completion Time
------- ---- -- ---------- ----------- ------------ ---------------
17169   Full    16.00M     SBT_TAPE    00:00:06     23-JUL-25      
        BP Key: 21367   Status: AVAILABLE  Compressed: YES  Tag: FULL_TNPRO_21072025_11H52
        Handle: 3fc90592-511f-4200-aedc-48597064f4c8/RMAN_incr_1198730716_TNPRO_20250723_ji3v9hcn_1_1.vab   Media: {3fc90592-511f-4200-aedc-48597064f4c8}
        Keep: BACKUP_LOGS        Until: 30-JUL-25      
  Control File Included: Ckp SCN: 47143467937   Ckp time: 23-JUL-25

RMAN> 

Recovery Manager complete.
