
Recovery Manager: Release 11.2.0.4.0 - Production on Tue Feb 18 00:00:05 2025

Copyright (c) 1982, 2011, Oracle and/or its affiliates.  All rights reserved.

RMAN> 
connected to target database: DB01 (DBID=1485648012)

RMAN> 2> 3> 4> 5> 6> 7> 8> 9> 10> 11> 12> 13> 
using target database control file instead of recovery catalog
allocated channel: ch1
channel ch1: SID=178 instance=db011 device type=SBT_TAPE
channel ch1: Veeam Plug-in for Oracle RMAN

allocated channel: ch2
channel ch2: SID=305 instance=db011 device type=SBT_TAPE
channel ch2: Veeam Plug-in for Oracle RMAN

allocated channel: ch3
channel ch3: SID=26 instance=db011 device type=SBT_TAPE
channel ch3: Veeam Plug-in for Oracle RMAN

allocated channel: ch4
channel ch4: SID=304 instance=db011 device type=SBT_TAPE
channel ch4: Veeam Plug-in for Oracle RMAN

Starting backup at 18-FEB-25
current log archived

backup will be obsolete on date 25-FEB-25
archived logs required to recover from this backup will be backed up
channel ch1: starting compressed incremental level 1 datafile backup set
channel ch1: specifying datafile(s) in backup set
input datafile file number=00006 name=+DG_DB1/db01/datafile/db01_data.259.1047470923
input datafile file number=00045 name=+DG_DB1/db01/datafile/db01_data.307.1059828559
input datafile file number=00049 name=+DG_DB1/db01/datafile/db01_data.311.1063100491
input datafile file number=00054 name=+DG_DB1/db01/datafile/db01_data.316.1066213173
input datafile file number=00058 name=+DG_DB1/db01/datafile/db01_data.320.1068458123
input datafile file number=00072 name=+DG_DB1/db01/datafile/db01_data.330.1074683751
input datafile file number=00076 name=+DG_DB1/db01/datafile/db01_data.334.1076432655
input datafile file number=00080 name=+DG_DB1/db01/datafile/db01_data.338.1077791101
input datafile file number=00087 name=+DG_DB1/db01/datafile/db01_data.345.1083341029
input datafile file number=00003 name=+DG_DB1/db01/datafile/db01_data.291.1050075461
input datafile file number=00013 name=+DG_DB1/db01/datafile/db01_data.264.1047471571
input datafile file number=00019 name=+DG_DB1/db01/datafile/db01_data.269.1047472493
input datafile file number=00024 name=+DG_DB1/db01/datafile/db01_data.277.1048886717
input datafile file number=00031 name=+DG_DB1/db01/datafile/db01_data.293.1051872401
input datafile file number=00035 name=+DG_DB1/db01/datafile/db01_data.297.1053592799
input datafile file number=00039 name=+DG_DB1/db01/datafile/db01_data.301.1055165915
input datafile file number=00043 name=+DG_DB1/db01/datafile/db01_data.305.1056791593
input datafile file number=00081 name=+DG_DB1/db01/datafile/db01_data.339.1078165795
input datafile file number=00097 name=+DG_DB1/db01/datafile/db01_data.355.1096711487
input datafile file number=00101 name=+DG_DB1/db01/datafile/db01_data.359.1099042009
input datafile file number=00105 name=+DG_DB1/db01/datafile/db01_data.363.1105697225
input datafile file number=00109 name=+DG_DB1/db01/datafile/db01_data.367.1113121877
input datafile file number=00113 name=+DG_DB1/db01/datafile/db01_data.371.1114159987
input datafile file number=00117 name=+DG_DB1/db01/datafile/db01_data.375.1134037483
input datafile file number=00092 name=+DG_DB1/db01/datafile/db01_data.350.1093794673
input datafile file number=00010 name=+DG_DB1/db01/datafile/db01_data.262.1047471267
input datafile file number=00018 name=+DG_DB1/db01/datafile/db01_data.268.1047472433
input datafile file number=00012 name=+DG_DB1/db01/datafile/users.263.1047471533
input datafile file number=00070 name=+DG_DB1/db01/datafile/sysaux.280.1073994893
input datafile file number=00030 name=+DG_DB1/db01/datafile/undotb2.285.1048888059
channel ch1: starting piece 1 at 18-FEB-25
channel ch2: starting compressed incremental level 1 datafile backup set
channel ch2: specifying datafile(s) in backup set
input datafile file number=00008 name=+DG_DB1/db01/datafile/db01_idx.256.1047470157
input datafile file number=00047 name=+DG_DB1/db01/datafile/db01_data.309.1059828591
input datafile file number=00052 name=+DG_DB1/db01/datafile/db01_data.314.1064849525
input datafile file number=00056 name=+DG_DB1/db01/datafile/db01_data.318.1067252601
input datafile file number=00068 name=+DG_DB1/db01/datafile/db01_data.283.1070990679
input datafile file number=00074 name=+DG_DB1/db01/datafile/db01_data.332.1075223063
input datafile file number=00078 name=+DG_DB1/db01/datafile/db01_data.336.1077791073
input datafile file number=00085 name=+DG_DB1/db01/datafile/db01_data.343.1081343949
input datafile file number=00089 name=+DG_DB1/db01/datafile/db01_data.347.1083341047
input datafile file number=00005 name=+DG_DB1/db01/datafile/db01_data.292.1050075591
input datafile file number=00015 name=+DG_DB1/db01/datafile/db01_data.266.1047471885
input datafile file number=00021 name=+DG_DB1/db01/datafile/db01_data.271.1047472877
input datafile file number=00026 name=+DG_DB1/db01/datafile/db01_data.275.1048886491
input datafile file number=00033 name=+DG_DB1/db01/datafile/db01_data.295.1052381387
input datafile file number=00037 name=+DG_DB1/db01/datafile/db01_data.299.1053686419
input datafile file number=00041 name=+DG_DB1/db01/datafile/db01_data.303.1055165985
input datafile file number=00059 name=+DG_DB1/db01/datafile/db01_data.321.1068754115
input datafile file number=00095 name=+DG_DB1/db01/datafile/db01_data.353.1096103597
input datafile file number=00099 name=+DG_DB1/db01/datafile/db01_data.357.1098795267
input datafile file number=00103 name=+DG_DB1/db01/datafile/db01_data.361.1103101715
input datafile file number=00107 name=+DG_DB1/db01/datafile/db01_data.365.1111942645
input datafile file number=00111 name=+DG_DB1/db01/datafile/db01_data.369.1113132915
input datafile file number=00115 name=+DG_DB1/db01/datafile/db01_data.373.1116509253
input datafile file number=00119 name=+DG_DB1/db01/datafile/db01_data.377.1143377843
input datafile file number=00094 name=+DG_DB1/db01/datafile/db01_data.352.1094991079
input datafile file number=00065 name=+DG_TNPRO/db01/datafile/db01_data.321.1070921095
input datafile file number=00017 name=+DG_DB1/db01/datafile/db01_idx.258.1047470515
input datafile file number=00022 name=+DG_DB1/db01/datafile/db01_data.274.1048886437
input datafile file number=00071 name=+DG_DB1/db01/datafile/sysaux.281.1073995959
channel ch2: starting piece 1 at 18-FEB-25
channel ch3: starting compressed incremental level 1 datafile backup set
channel ch3: specifying datafile(s) in backup set
input datafile file number=00011 name=+DG_DB1/db01/datafile/db01_idx.257.1047470375
input datafile file number=00048 name=+DG_DB1/db01/datafile/db01_data.310.1063100489
input datafile file number=00053 name=+DG_DB1/db01/datafile/db01_data.315.1065455355
input datafile file number=00057 name=+DG_DB1/db01/datafile/db01_data.319.1067856781
input datafile file number=00069 name=+DG_DB1/db01/datafile/db01_data.282.1072187011
input datafile file number=00075 name=+DG_DB1/db01/datafile/db01_data.333.1075223527
input datafile file number=00079 name=+DG_DB1/db01/datafile/db01_data.337.1077791087
input datafile file number=00086 name=+DG_DB1/db01/datafile/db01_data.344.1083341005
input datafile file number=00090 name=+DG_DB1/db01/datafile/db01_data.348.1083341059
input datafile file number=00009 name=+DG_DB1/db01/datafile/db01_data.261.1047471207
input datafile file number=00016 name=+DG_DB1/db01/datafile/db01_data.267.1047471943
input datafile file number=00023 name=+DG_DB1/db01/datafile/db01_data.276.1048886679
input datafile file number=00027 name=+DG_DB1/db01/datafile/db01_data.279.1048887001
input datafile file number=00034 name=+DG_DB1/db01/datafile/db01_data.296.1052381811
input datafile file number=00038 name=+DG_DB1/db01/datafile/db01_data.300.1054887229
input datafile file number=00042 name=+DG_DB1/db01/datafile/db01_data.304.1056791505
input datafile file number=00060 name=+DG_DB1/db01/datafile/db01_data.322.1068754359
input datafile file number=00096 name=+DG_DB1/db01/datafile/db01_data.354.1096281043
input datafile file number=00100 name=+DG_DB1/db01/datafile/db01_data.358.1098795295
input datafile file number=00104 name=+DG_DB1/db01/datafile/db01_data.362.1103106591
input datafile file number=00108 name=+DG_DB1/db01/datafile/db01_data.366.1113121819
input datafile file number=00112 name=+DG_DB1/db01/datafile/db01_data.370.1113135695
input datafile file number=00116 name=+DG_DB1/db01/datafile/db01_data.374.1134036963
input datafile file number=00028 name=+DG_DB1/db01/datafile/db01_data.273.1048886249
input datafile file number=00091 name=+DG_DB1/db01/datafile/db01_data.349.1089639205
input datafile file number=00083 name=+DG_DB1/db01/datafile/db01_data.341.1080119967
input datafile file number=00062 name=+DG_DB1/db01/datafile/db01_data.324.1070537605
input datafile file number=00066 name=+DG_TNPRO/db01/datafile/db01_idx.322.1070922895
input datafile file number=00001 name=+DG_DB1/db01/datafile/system.287.1048893935
input datafile file number=00050 name=+DG_DB1/db01/datafile/db01_idx.312.1063100517
channel ch3: starting piece 1 at 18-FEB-25
channel ch4: starting compressed incremental level 1 datafile backup set
channel ch4: specifying datafile(s) in backup set
input datafile file number=00007 name=+DG_DB1/db01/datafile/db01_data.260.1047470981
input datafile file number=00046 name=+DG_DB1/db01/datafile/db01_data.308.1059828591
input datafile file number=00051 name=+DG_DB1/db01/datafile/db01_data.313.1064145693
input datafile file number=00055 name=+DG_DB1/db01/datafile/db01_data.317.1067252585
input datafile file number=00061 name=+DG_DB1/db01/datafile/db01_data.323.1069857145
input datafile file number=00073 name=+DG_DB1/db01/datafile/db01_data.331.1074683753
input datafile file number=00077 name=+DG_DB1/db01/datafile/db01_data.335.1077791073
input datafile file number=00084 name=+DG_DB1/db01/datafile/db01_data.342.1081337155
input datafile file number=00088 name=+DG_DB1/db01/datafile/db01_data.346.1083341029
input datafile file number=00004 name=+DG_DB1/db01/datafile/users.272.1048886151
input datafile file number=00014 name=+DG_DB1/db01/datafile/db01_data.265.1047471837
input datafile file number=00020 name=+DG_DB1/db01/datafile/db01_data.270.1047472551
input datafile file number=00025 name=+DG_DB1/db01/datafile/db01_data.278.1048886963
input datafile file number=00032 name=+DG_DB1/db01/datafile/db01_data.294.1052381345
input datafile file number=00036 name=+DG_DB1/db01/datafile/db01_data.298.1053686237
input datafile file number=00040 name=+DG_DB1/db01/datafile/db01_data.302.1055165947
input datafile file number=00044 name=+DG_DB1/db01/datafile/db01_data.306.1058103397
input datafile file number=00082 name=+DG_DB1/db01/datafile/db01_data.340.1078165903
input datafile file number=00098 name=+DG_DB1/db01/datafile/db01_data.356.1098795239
input datafile file number=00102 name=+DG_DB1/db01/datafile/db01_data.360.1103101683
input datafile file number=00106 name=+DG_DB1/db01/datafile/db01_data.364.1105697259
input datafile file number=00110 name=+DG_DB1/db01/datafile/db01_data.368.1113132771
input datafile file number=00114 name=+DG_DB1/db01/datafile/db01_data.372.1114160047
input datafile file number=00118 name=+DG_DB1/db01/datafile/db01_data.376.1143377817
input datafile file number=00093 name=+DG_DB1/db01/datafile/db01_data.351.1093795065
input datafile file number=00064 name=+DG_TNPRO/db01/datafile/db01_data.320.1070920863
input datafile file number=00063 name=+DG_DB1/db01/datafile/db01_data.325.1070537607
input datafile file number=00029 name=+DG_DB1/db01/datafile/undotb1.284.1048888041
input datafile file number=00002 name=+DG_DB1/db01/datafile/sysaux.288.1048893959
input datafile file number=00067 name=+DG_TNPRO/db01/datafile/system.323.1070923033
channel ch4: starting piece 1 at 18-FEB-25
channel ch3: finished piece 1 at 18-FEB-25
piece handle=3fc90592-511f-4200-aedc-48597064f4c8/RMAN_incr_1485648012_DB01_20250218_893i2bgg_1_1.vab tag=FULL_DB01_16022025_00H00 comment=API Version 2.0,MMS Version 12.3.0.54
channel ch3: backup set complete, elapsed time: 00:33:26
channel ch3: starting compressed incremental level 1 datafile backup set
channel ch3: specifying datafile(s) in backup set
RMAN-03009: failure of backup command on ch3 channel at 02/18/2025 00:33:44
ORA-00245: control file backup failed; target is likely on a local file system
continuing other job steps, job failed will not be re-run
channel ch4: finished piece 1 at 18-FEB-25
piece handle=3fc90592-511f-4200-aedc-48597064f4c8/RMAN_incr_1485648012_DB01_20250218_8a3i2bgh_1_1.vab tag=FULL_DB01_16022025_00H00 comment=API Version 2.0,MMS Version 12.3.0.54
channel ch4: backup set complete, elapsed time: 00:33:52
channel ch1: finished piece 1 at 18-FEB-25
piece handle=3fc90592-511f-4200-aedc-48597064f4c8/RMAN_incr_1485648012_DB01_20250218_873i2bgf_1_1.vab tag=FULL_DB01_16022025_00H00 comment=API Version 2.0,MMS Version 12.3.0.54
channel ch1: backup set complete, elapsed time: 00:34:03
channel ch2: finished piece 1 at 18-FEB-25
piece handle=3fc90592-511f-4200-aedc-48597064f4c8/RMAN_incr_1485648012_DB01_20250218_883i2bgg_1_1.vab tag=FULL_DB01_16022025_00H00 comment=API Version 2.0,MMS Version 12.3.0.54
channel ch2: backup set complete, elapsed time: 00:34:03
released channel: ch1
released channel: ch2
released channel: ch3
released channel: ch4
RMAN-00571: ===========================================================
RMAN-00569: =============== ERROR MESSAGE STACK FOLLOWS ===============
RMAN-00571: ===========================================================
RMAN-03002: failure of backup command at 02/18/2025 00:34:20

RMAN-03009: failure of backup command on ch3 channel at 02/18/2025 00:33:44
ORA-00245: control file backup failed; target is likely on a local file system

RMAN> 

List of Backup Sets
===================


BS Key  Type LV Size       Device Type Elapsed Time Completion Time
------- ---- -- ---------- ----------- ------------ ---------------
31738   Full    8.00M      SBT_TAPE    00:00:23     16-FEB-25      
        BP Key: 52021   Status: AVAILABLE  Compressed: YES  Tag: FULL_DB01_16022025_00H00
        Handle: 3fc90592-511f-4200-aedc-48597064f4c8/RMAN_full_1485648012_DB01_20250216_7t3hv2fp_1_1.vab   Media: {3fc90592-511f-4200-aedc-48597064f4c8}
        Keep: BACKUP_LOGS        Until: 18-MAR-25      
  SPFILE Included: Modification time: 15-FEB-25
  SPFILE db_unique_name: DB01

RMAN> 

List of Backup Sets
===================


BS Key  Type LV Size       Device Type Elapsed Time Completion Time
------- ---- -- ---------- ----------- ------------ ---------------
31735   Incr 0  16.00M     SBT_TAPE    00:00:32     16-FEB-25      
        BP Key: 52017   Status: AVAILABLE  Compressed: YES  Tag: FULL_DB01_16022025_00H00
        Handle: 3fc90592-511f-4200-aedc-48597064f4c8/RMAN_full_1485648012_DB01_20250216_7s3hv1um_1_1.vab   Media: {3fc90592-511f-4200-aedc-48597064f4c8}
        Keep: BACKUP_LOGS        Until: 18-MAR-25      
  Control File Included: Ckp SCN: 195654443727   Ckp time: 16-FEB-25

BS Key  Type LV Size       Device Type Elapsed Time Completion Time
------- ---- -- ---------- ----------- ------------ ---------------
31742   Full    16.00M     SBT_TAPE    00:00:16     16-FEB-25      
        BP Key: 52025   Status: AVAILABLE  Compressed: YES  Tag: FULL_DB01_16022025_00H00
        Handle: 3fc90592-511f-4200-aedc-48597064f4c8/RMAN_full_1485648012_DB01_20250216_813hv2hh_1_1.vab   Media: {3fc90592-511f-4200-aedc-48597064f4c8}
        Keep: BACKUP_LOGS        Until: 18-MAR-25      
  Control File Included: Ckp SCN: 195654445163   Ckp time: 16-FEB-25

RMAN> 

Recovery Manager complete.
