
Recovery Manager: Release 11.2.0.4.0 - Production on Wed Jul 23 23:20:08 2025

Copyright (c) 1982, 2011, Oracle and/or its affiliates.  All rights reserved.

RMAN> 
connected to target database: RMANCAT (DBID=3914110385)

RMAN> 2> 3> 4> 5> 6> 7> 8> 9> 
using target database control file instead of recovery catalog
RMAN-00571: ===========================================================
RMAN-00569: =============== ERROR MESSAGE STACK FOLLOWS ===============
RMAN-00571: ===========================================================
RMAN-03009: failure of allocate command on ch1 channel at 07/23/2025 23:20:40
ORA-19554: error allocating device, device type: SBT_TAPE, device name: 
ORA-27023: skgfqsbi: media manager protocol error
ORA-19511: Error received from media manager layer, error text:
   Failed to connect to plugin manager

RMAN> 

List of Backup Sets
===================


BS Key  Type LV Size       Device Type Elapsed Time Completion Time
------- ---- -- ---------- ----------- ------------ ---------------
14826   Full    8.00M      SBT_TAPE    00:00:03     20-JUL-25      
        BP Key: 14826   Status: AVAILABLE  Compressed: YES  Tag: FULL_RMANCAT_20072025_21H57
        Handle: 3fc90592-511f-4200-aedc-48597064f4c8/RMAN_full_3914110385_RMANCAT_20250720_l53v2nuv_1_1.vab   Media: {3fc90592-511f-4200-aedc-48597064f4c8}
        Keep: BACKUP_LOGS        Until: 19-AUG-25      
  SPFILE Included: Modification time: 15-JUL-25
  SPFILE db_unique_name: RMANCAT

BS Key  Type LV Size       Device Type Elapsed Time Completion Time
------- ---- -- ---------- ----------- ------------ ---------------
14836   Full    8.00M      SBT_TAPE    00:00:07     21-JUL-25      
        BP Key: 14836   Status: AVAILABLE  Compressed: YES  Tag: FULL_RMANCAT_20072025_21H57
        Handle: 3fc90592-511f-4200-aedc-48597064f4c8/RMAN_incr_3914110385_RMANCAT_20250721_lf3v5flm_1_1.vab   Media: {3fc90592-511f-4200-aedc-48597064f4c8}
        Keep: BACKUP_LOGS        Until: 28-JUL-25      
  SPFILE Included: Modification time: 15-JUL-25
  SPFILE db_unique_name: RMANCAT

BS Key  Type LV Size       Device Type Elapsed Time Completion Time
------- ---- -- ---------- ----------- ------------ ---------------
14846   Full    8.00M      SBT_TAPE    00:00:05     23-JUL-25      
        BP Key: 14846   Status: AVAILABLE  Compressed: YES  Tag: FULL_RMANCAT_20072025_21H57
        Handle: 3fc90592-511f-4200-aedc-48597064f4c8/RMAN_incr_3914110385_RMANCAT_20250723_lr3v9srh_1_1.vab   Media: {3fc90592-511f-4200-aedc-48597064f4c8}
        Keep: BACKUP_LOGS        Until: 30-JUL-25      
  SPFILE Included: Modification time: 15-JUL-25
  SPFILE db_unique_name: RMANCAT

RMAN> 

List of Backup Sets
===================


BS Key  Type LV Size       Device Type Elapsed Time Completion Time
------- ---- -- ---------- ----------- ------------ ---------------
14824   Incr 0  16.00M     SBT_TAPE    00:00:10     20-JUL-25      
        BP Key: 14824   Status: AVAILABLE  Compressed: YES  Tag: FULL_RMANCAT_20072025_21H57
        Handle: 3fc90592-511f-4200-aedc-48597064f4c8/RMAN_full_3914110385_RMANCAT_20250720_l43v2nue_1_1.vab   Media: {3fc90592-511f-4200-aedc-48597064f4c8}
        Keep: BACKUP_LOGS        Until: 19-AUG-25      
  Control File Included: Ckp SCN: 784501469    Ckp time: 20-JUL-25

BS Key  Type LV Size       Device Type Elapsed Time Completion Time
------- ---- -- ---------- ----------- ------------ ---------------
14829   Full    16.00M     SBT_TAPE    00:00:08     20-JUL-25      
        BP Key: 14829   Status: AVAILABLE  Compressed: YES  Tag: FULL_RMANCAT_20072025_21H57
        Handle: 3fc90592-511f-4200-aedc-48597064f4c8/RMAN_full_3914110385_RMANCAT_20250720_l83v2nvg_1_1.vab   Media: {3fc90592-511f-4200-aedc-48597064f4c8}
        Keep: BACKUP_LOGS        Until: 19-AUG-25      
  Control File Included: Ckp SCN: 784501530    Ckp time: 20-JUL-25

BS Key  Type LV Size       Device Type Elapsed Time Completion Time
------- ---- -- ---------- ----------- ------------ ---------------
14835   Incr 1  16.00M     SBT_TAPE    00:00:08     21-JUL-25      
        BP Key: 14835   Status: AVAILABLE  Compressed: YES  Tag: FULL_RMANCAT_20072025_21H57
        Handle: 3fc90592-511f-4200-aedc-48597064f4c8/RMAN_incr_3914110385_RMANCAT_20250721_le3v5fle_1_1.vab   Media: {3fc90592-511f-4200-aedc-48597064f4c8}
        Keep: BACKUP_LOGS        Until: 28-JUL-25      
  Control File Included: Ckp SCN: 784702483    Ckp time: 21-JUL-25

BS Key  Type LV Size       Device Type Elapsed Time Completion Time
------- ---- -- ---------- ----------- ------------ ---------------
14839   Full    16.00M     SBT_TAPE    00:00:09     21-JUL-25      
        BP Key: 14839   Status: AVAILABLE  Compressed: YES  Tag: FULL_RMANCAT_20072025_21H57
        Handle: 3fc90592-511f-4200-aedc-48597064f4c8/RMAN_incr_3914110385_RMANCAT_20250721_li3v5fmg_1_1.vab   Media: {3fc90592-511f-4200-aedc-48597064f4c8}
        Keep: BACKUP_LOGS        Until: 28-JUL-25      
  Control File Included: Ckp SCN: 784702542    Ckp time: 21-JUL-25

BS Key  Type LV Size       Device Type Elapsed Time Completion Time
------- ---- -- ---------- ----------- ------------ ---------------
14845   Incr 1  16.00M     SBT_TAPE    00:00:06     23-JUL-25      
        BP Key: 14845   Status: AVAILABLE  Compressed: YES  Tag: FULL_RMANCAT_20072025_21H57
        Handle: 3fc90592-511f-4200-aedc-48597064f4c8/RMAN_incr_3914110385_RMANCAT_20250723_lq3v9sr9_1_1.vab   Media: {3fc90592-511f-4200-aedc-48597064f4c8}
        Keep: BACKUP_LOGS        Until: 30-JUL-25      
  Control File Included: Ckp SCN: 784974755    Ckp time: 23-JUL-25

BS Key  Type LV Size       Device Type Elapsed Time Completion Time
------- ---- -- ---------- ----------- ------------ ---------------
14849   Full    16.00M     SBT_TAPE    00:00:13     23-JUL-25      
        BP Key: 14849   Status: AVAILABLE  Compressed: YES  Tag: FULL_RMANCAT_20072025_21H57
        Handle: 3fc90592-511f-4200-aedc-48597064f4c8/RMAN_incr_3914110385_RMANCAT_20250723_lu3v9ss2_1_1.vab   Media: {3fc90592-511f-4200-aedc-48597064f4c8}
        Keep: BACKUP_LOGS        Until: 30-JUL-25      
  Control File Included: Ckp SCN: 784974788    Ckp time: 23-JUL-25

RMAN> 

Recovery Manager complete.
