
Recovery Manager: Release 11.2.0.4.0 - Production on Fri Jun 20 23:00:03 2025

Copyright (c) 1982, 2011, Oracle and/or its affiliates.  All rights reserved.

RMAN> 
connected to target database: RMANCAT (DBID=3914110385)

RMAN> 2> 3> 4> 5> 6> 7> 8> 9> 
using target database control file instead of recovery catalog
allocated channel: ch1
channel ch1: SID=97 instance=rmancat1 device type=SBT_TAPE
channel ch1: Veeam Plug-in for Oracle RMAN

allocated channel: ch2
channel ch2: SID=167 instance=rmancat1 device type=SBT_TAPE
channel ch2: Veeam Plug-in for Oracle RMAN

Starting backup at 20-JUN-25
current log archived

backup will be obsolete on date 27-JUN-25
archived logs required to recover from this backup will be backed up
channel ch1: starting compressed incremental level 1 datafile backup set
channel ch1: specifying datafile(s) in backup set
input datafile file number=00006 name=+DG_META4/rmancat/datafile/rman_data.276.1054228373
input datafile file number=00002 name=+DG_META4/rmancat/datafile/sysaux.286.1054229821
input datafile file number=00007 name=+DG_META4/rmancat/datafile/oranev01_odbprac_12c.277.1054228383
channel ch1: starting piece 1 at 20-JUN-25
channel ch2: starting compressed incremental level 1 datafile backup set
channel ch2: specifying datafile(s) in backup set
input datafile file number=00001 name=+DG_META4/rmancat/datafile/system.285.1054229791
input datafile file number=00008 name=+DG_META4/rmancat/datafile/undotb2.282.1054229075
input datafile file number=00009 name=+DG_META4/rmancat/datafile/undotb1.283.1054229095
input datafile file number=00004 name=+DG_META4/rmancat/datafile/users.275.1054228369
channel ch2: starting piece 1 at 20-JUN-25
RMAN-03009: failure of backup command on ch2 channel at 06/20/2025 23:06:04
ORA-19506: failed to create sequential file, name="3fc90592-511f-4200-aedc-48597064f4c8/RMAN_incr_3914110385_RMANCAT_20250620_cl3sh3k3_1_1.vab", parms=""
ORA-27028: skgfqcre: sbtbackup returned error
ORA-19511: Error received from media manager layer, error text:
   TCP stream was closed
--tr:Failed to start source agent.
--tr:Failed to start shared source agent.
--tr:Failed to get agents session.
--tr:Failed to create RMAN backup file session.
channel ch2 disabled, job failed on it will be run on another channel
RMAN-03009: failure of backup command on ch1 channel at 06/20/2025 23:07:19
ORA-27192: skgfcls: sbtclose2 returned error - failed to close file
ORA-19511: Error received from media manager layer, error text:
   TCP stream was closed
--tr:Failed to start source agent.
--tr:Failed to start shared source agent.
--tr:Failed to get agents session.
--tr:Failed to create RMAN backup file session.
--tr:Unable to get session holder by key [{15bbe468-479d-4b94-a7cc-68bce6c68a54}]
continuing other job steps, job failed will not be re-run
channel ch1: starting compressed incremental level 1 datafile backup set
channel ch1: specifying datafile(s) in backup set
input datafile file number=00001 name=+DG_META4/rmancat/datafile/system.285.1054229791
input datafile file number=00008 name=+DG_META4/rmancat/datafile/undotb2.282.1054229075
input datafile file number=00009 name=+DG_META4/rmancat/datafile/undotb1.283.1054229095
input datafile file number=00004 name=+DG_META4/rmancat/datafile/users.275.1054228369
channel ch1: starting piece 1 at 20-JUN-25
released channel: ch1
released channel: ch2
RMAN-00571: ===========================================================
RMAN-00569: =============== ERROR MESSAGE STACK FOLLOWS ===============
RMAN-00571: ===========================================================
RMAN-03002: failure of backup command at 06/20/2025 23:07:21
ORA-19506: failed to create sequential file, name="3fc90592-511f-4200-aedc-48597064f4c8/RMAN_incr_3914110385_RMANCAT_20250620_cm3sh418_1_1.vab", parms=""
ORA-27028: skgfqcre: sbtbackup returned error
ORA-19511: Error received from media manager layer, error text:
   TCP stream was closed
--tr:Failed to start source agent.
--tr:Failed to start shared source agent.
--tr:Failed to get agents session.
--tr:Failed to create RMAN backup file session.

RMAN> 

List of Backup Sets
===================


BS Key  Type LV Size       Device Type Elapsed Time Completion Time
------- ---- -- ---------- ----------- ------------ ---------------
14552   Full    8.00M      SBT_TAPE    00:00:29     14-JUN-25      
        BP Key: 14552   Status: AVAILABLE  Compressed: YES  Tag: FULL_RMANCAT_14062025_23H00
        Handle: 3fc90592-511f-4200-aedc-48597064f4c8/RMAN_full_3914110385_RMANCAT_20250614_b13s19ve_1_1.vab   Media: {3fc90592-511f-4200-aedc-48597064f4c8}
        Keep: BACKUP_LOGS        Until: 14-JUL-25      
  SPFILE Included: Modification time: 09-JUN-25
  SPFILE db_unique_name: RMANCAT

BS Key  Type LV Size       Device Type Elapsed Time Completion Time
------- ---- -- ---------- ----------- ------------ ---------------
14562   Full    8.00M      SBT_TAPE    00:00:05     16-JUN-25      
        BP Key: 14562   Status: AVAILABLE  Compressed: YES  Tag: FULL_RMANCAT_14062025_23H00
        Handle: 3fc90592-511f-4200-aedc-48597064f4c8/RMAN_incr_3914110385_RMANCAT_20250616_bb3s6i9s_1_1.vab   Media: {3fc90592-511f-4200-aedc-48597064f4c8}
        Keep: BACKUP_LOGS        Until: 23-JUN-25      
  SPFILE Included: Modification time: 09-JUN-25
  SPFILE db_unique_name: RMANCAT

BS Key  Type LV Size       Device Type Elapsed Time Completion Time
------- ---- -- ---------- ----------- ------------ ---------------
14572   Full    8.00M      SBT_TAPE    00:00:05     17-JUN-25      
        BP Key: 14572   Status: AVAILABLE  Compressed: YES  Tag: FULL_RMANCAT_14062025_23H00
        Handle: 3fc90592-511f-4200-aedc-48597064f4c8/RMAN_incr_3914110385_RMANCAT_20250617_bl3s96lt_1_1.vab   Media: {3fc90592-511f-4200-aedc-48597064f4c8}
        Keep: BACKUP_LOGS        Until: 24-JUN-25      
  SPFILE Included: Modification time: 09-JUN-25
  SPFILE db_unique_name: RMANCAT

BS Key  Type LV Size       Device Type Elapsed Time Completion Time
------- ---- -- ---------- ----------- ------------ ---------------
14581   Full    8.00M      SBT_TAPE    00:00:04     18-JUN-25      
        BP Key: 14581   Status: AVAILABLE  Compressed: YES  Tag: FULL_RMANCAT_14062025_23H00
        Handle: 3fc90592-511f-4200-aedc-48597064f4c8/RMAN_incr_3914110385_RMANCAT_20250618_c03sbsil_1_1.vab   Media: {3fc90592-511f-4200-aedc-48597064f4c8}
        Keep: BACKUP_LOGS        Until: 25-JUN-25      
  SPFILE Included: Modification time: 09-JUN-25
  SPFILE db_unique_name: RMANCAT

BS Key  Type LV Size       Device Type Elapsed Time Completion Time
------- ---- -- ---------- ----------- ------------ ---------------
14591   Full    8.00M      SBT_TAPE    00:00:05     19-JUN-25      
        BP Key: 14591   Status: AVAILABLE  Compressed: YES  Tag: FULL_RMANCAT_14062025_23H00
        Handle: 3fc90592-511f-4200-aedc-48597064f4c8/RMAN_incr_3914110385_RMANCAT_20250619_cd3seh2i_1_1.vab   Media: {3fc90592-511f-4200-aedc-48597064f4c8}
        Keep: BACKUP_LOGS        Until: 26-JUN-25      
  SPFILE Included: Modification time: 09-JUN-25
  SPFILE db_unique_name: RMANCAT

RMAN> 

List of Backup Sets
===================


BS Key  Type LV Size       Device Type Elapsed Time Completion Time
------- ---- -- ---------- ----------- ------------ ---------------
14550   Incr 0  16.00M     SBT_TAPE    00:00:06     14-JUN-25      
        BP Key: 14550   Status: AVAILABLE  Compressed: YES  Tag: FULL_RMANCAT_14062025_23H00
        Handle: 3fc90592-511f-4200-aedc-48597064f4c8/RMAN_full_3914110385_RMANCAT_20250614_b03s19mg_1_1.vab   Media: {3fc90592-511f-4200-aedc-48597064f4c8}
        Keep: BACKUP_LOGS        Until: 14-JUL-25      
  Control File Included: Ckp SCN: 778119261    Ckp time: 14-JUN-25

BS Key  Type LV Size       Device Type Elapsed Time Completion Time
------- ---- -- ---------- ----------- ------------ ---------------
14555   Full    16.00M     SBT_TAPE    00:00:23     14-JUN-25      
        BP Key: 14555   Status: AVAILABLE  Compressed: YES  Tag: FULL_RMANCAT_14062025_23H00
        Handle: 3fc90592-511f-4200-aedc-48597064f4c8/RMAN_full_3914110385_RMANCAT_20250614_b43s1a1p_1_1.vab   Media: {3fc90592-511f-4200-aedc-48597064f4c8}
        Keep: BACKUP_LOGS        Until: 14-JUL-25      
  Control File Included: Ckp SCN: 778119677    Ckp time: 14-JUN-25

BS Key  Type LV Size       Device Type Elapsed Time Completion Time
------- ---- -- ---------- ----------- ------------ ---------------
14561   Incr 1  16.00M     SBT_TAPE    00:00:06     16-JUN-25      
        BP Key: 14561   Status: AVAILABLE  Compressed: YES  Tag: FULL_RMANCAT_14062025_23H00
        Handle: 3fc90592-511f-4200-aedc-48597064f4c8/RMAN_incr_3914110385_RMANCAT_20250616_ba3s6i9k_1_1.vab   Media: {3fc90592-511f-4200-aedc-48597064f4c8}
        Keep: BACKUP_LOGS        Until: 23-JUN-25      
  Control File Included: Ckp SCN: 778469351    Ckp time: 16-JUN-25

BS Key  Type LV Size       Device Type Elapsed Time Completion Time
------- ---- -- ---------- ----------- ------------ ---------------
14565   Full    16.00M     SBT_TAPE    00:00:06     16-JUN-25      
        BP Key: 14565   Status: AVAILABLE  Compressed: YES  Tag: FULL_RMANCAT_14062025_23H00
        Handle: 3fc90592-511f-4200-aedc-48597064f4c8/RMAN_incr_3914110385_RMANCAT_20250616_be3s6iad_1_1.vab   Media: {3fc90592-511f-4200-aedc-48597064f4c8}
        Keep: BACKUP_LOGS        Until: 23-JUN-25      
  Control File Included: Ckp SCN: 778469404    Ckp time: 16-JUN-25

BS Key  Type LV Size       Device Type Elapsed Time Completion Time
------- ---- -- ---------- ----------- ------------ ---------------
14571   Incr 1  16.00M     SBT_TAPE    00:00:07     17-JUN-25      
        BP Key: 14571   Status: AVAILABLE  Compressed: YES  Tag: FULL_RMANCAT_14062025_23H00
        Handle: 3fc90592-511f-4200-aedc-48597064f4c8/RMAN_incr_3914110385_RMANCAT_20250617_bk3s96lk_1_1.vab   Media: {3fc90592-511f-4200-aedc-48597064f4c8}
        Keep: BACKUP_LOGS        Until: 24-JUN-25      
  Control File Included: Ckp SCN: 778657565    Ckp time: 17-JUN-25

BS Key  Type LV Size       Device Type Elapsed Time Completion Time
------- ---- -- ---------- ----------- ------------ ---------------
14575   Full    16.00M     SBT_TAPE    00:00:08     17-JUN-25      
        BP Key: 14575   Status: AVAILABLE  Compressed: YES  Tag: FULL_RMANCAT_14062025_23H00
        Handle: 3fc90592-511f-4200-aedc-48597064f4c8/RMAN_incr_3914110385_RMANCAT_20250617_bo3s96me_1_1.vab   Media: {3fc90592-511f-4200-aedc-48597064f4c8}
        Keep: BACKUP_LOGS        Until: 24-JUN-25      
  Control File Included: Ckp SCN: 778657594    Ckp time: 17-JUN-25

BS Key  Type LV Size       Device Type Elapsed Time Completion Time
------- ---- -- ---------- ----------- ------------ ---------------
14580   Incr 1  16.00M     SBT_TAPE    00:00:06     18-JUN-25      
        BP Key: 14580   Status: AVAILABLE  Compressed: YES  Tag: FULL_RMANCAT_14062025_23H00
        Handle: 3fc90592-511f-4200-aedc-48597064f4c8/RMAN_incr_3914110385_RMANCAT_20250618_bv3sbsid_1_1.vab   Media: {3fc90592-511f-4200-aedc-48597064f4c8}
        Keep: BACKUP_LOGS        Until: 25-JUN-25      
  Control File Included: Ckp SCN: 778836412    Ckp time: 18-JUN-25

BS Key  Type LV Size       Device Type Elapsed Time Completion Time
------- ---- -- ---------- ----------- ------------ ---------------
14584   Full    16.00M     SBT_TAPE    00:00:06     18-JUN-25      
        BP Key: 14584   Status: AVAILABLE  Compressed: YES  Tag: FULL_RMANCAT_14062025_23H00
        Handle: 3fc90592-511f-4200-aedc-48597064f4c8/RMAN_incr_3914110385_RMANCAT_20250618_c33sbsj7_1_1.vab   Media: {3fc90592-511f-4200-aedc-48597064f4c8}
        Keep: BACKUP_LOGS        Until: 25-JUN-25      
  Control File Included: Ckp SCN: 778836473    Ckp time: 18-JUN-25

BS Key  Type LV Size       Device Type Elapsed Time Completion Time
------- ---- -- ---------- ----------- ------------ ---------------
14590   Incr 1  16.00M     SBT_TAPE    00:00:06     19-JUN-25      
        BP Key: 14590   Status: AVAILABLE  Compressed: YES  Tag: FULL_RMANCAT_14062025_23H00
        Handle: 3fc90592-511f-4200-aedc-48597064f4c8/RMAN_incr_3914110385_RMANCAT_20250619_cc3seh2a_1_1.vab   Media: {3fc90592-511f-4200-aedc-48597064f4c8}
        Keep: BACKUP_LOGS        Until: 26-JUN-25      
  Control File Included: Ckp SCN: 779012697    Ckp time: 19-JUN-25

BS Key  Type LV Size       Device Type Elapsed Time Completion Time
------- ---- -- ---------- ----------- ------------ ---------------
14594   Full    16.00M     SBT_TAPE    00:00:07     19-JUN-25      
        BP Key: 14594   Status: AVAILABLE  Compressed: YES  Tag: FULL_RMANCAT_14062025_23H00
        Handle: 3fc90592-511f-4200-aedc-48597064f4c8/RMAN_incr_3914110385_RMANCAT_20250619_cg3seh34_1_1.vab   Media: {3fc90592-511f-4200-aedc-48597064f4c8}
        Keep: BACKUP_LOGS        Until: 26-JUN-25      
  Control File Included: Ckp SCN: 779012727    Ckp time: 19-JUN-25

RMAN> 

Recovery Manager complete.
