
Recovery Manager: Release 11.2.0.4.0 - Production on Tue Jul 22 23:00:03 2025

Copyright (c) 1982, 2011, Oracle and/or its affiliates.  All rights reserved.

RMAN> 
connected to target database: RMANCAT (DBID=3914110385)

RMAN> 2> 3> 4> 5> 6> 7> 8> 9> 
using target database control file instead of recovery catalog
allocated channel: ch1
channel ch1: SID=194 instance=rmancat1 device type=SBT_TAPE
channel ch1: Veeam Plug-in for Oracle RMAN

allocated channel: ch2
channel ch2: SID=13 instance=rmancat1 device type=SBT_TAPE
channel ch2: Veeam Plug-in for Oracle RMAN

Starting backup at 22-JUL-25
current log archived

backup will be obsolete on date 29-JUL-25
archived logs required to recover from this backup will be backed up
channel ch1: starting compressed incremental level 1 datafile backup set
channel ch1: specifying datafile(s) in backup set
input datafile file number=00006 name=+DG_META4/rmancat/datafile/rman_data.276.1054228373
input datafile file number=00002 name=+DG_META4/rmancat/datafile/sysaux.286.1054229821
input datafile file number=00007 name=+DG_META4/rmancat/datafile/oranev01_odbprac_12c.277.1054228383
channel ch1: starting piece 1 at 22-JUL-25
channel ch2: starting compressed incremental level 1 datafile backup set
channel ch2: specifying datafile(s) in backup set
input datafile file number=00001 name=+DG_META4/rmancat/datafile/system.285.1054229791
input datafile file number=00008 name=+DG_META4/rmancat/datafile/undotb2.282.1054229075
input datafile file number=00009 name=+DG_META4/rmancat/datafile/undotb1.283.1054229095
input datafile file number=00004 name=+DG_META4/rmancat/datafile/users.275.1054228369
channel ch2: starting piece 1 at 22-JUL-25
RMAN-03009: failure of backup command on ch1 channel at 07/22/2025 23:02:54
ORA-19506: failed to create sequential file, name="3fc90592-511f-4200-aedc-48597064f4c8/RMAN_incr_3914110385_RMANCAT_20250722_lm3v8402_1_1.vab", parms=""
ORA-27028: skgfqcre: sbtbackup returned error
ORA-19511: Error received from media manager layer, error text:
   TCP stream was closed
--tr:Failed to start source agent.
--tr:Failed to start shared source agent.
--tr:Failed to get agents session.
--tr:Failed to create RMAN backup file session.
channel ch1 disabled, job failed on it will be run on another channel
released channel: ch1
released channel: ch2
RMAN-00571: ===========================================================
RMAN-00569: =============== ERROR MESSAGE STACK FOLLOWS ===============
RMAN-00571: ===========================================================
RMAN-03002: failure of backup command at 07/22/2025 23:03:19
ORA-19506: failed to create sequential file, name="3fc90592-511f-4200-aedc-48597064f4c8/RMAN_incr_3914110385_RMANCAT_20250722_ln3v8403_1_1.vab", parms=""
ORA-27028: skgfqcre: sbtbackup returned error
ORA-19511: Error received from media manager layer, error text:
   TCP stream was closed
--tr:Failed to start source agent.
--tr:Failed to start shared source agent.
--tr:Failed to get agents session.
--tr:Failed to create RMAN backup file session.

RMAN> 

List of Backup Sets
===================


BS Key  Type LV Size       Device Type Elapsed Time Completion Time
------- ---- -- ---------- ----------- ------------ ---------------
14826   Full    8.00M      SBT_TAPE    00:00:03     20-JUL-25      
        BP Key: 14826   Status: AVAILABLE  Compressed: YES  Tag: FULL_RMANCAT_20072025_21H57
        Handle: 3fc90592-511f-4200-aedc-48597064f4c8/RMAN_full_3914110385_RMANCAT_20250720_l53v2nuv_1_1.vab   Media: {3fc90592-511f-4200-aedc-48597064f4c8}
        Keep: BACKUP_LOGS        Until: 19-AUG-25      
  SPFILE Included: Modification time: 15-JUL-25
  SPFILE db_unique_name: RMANCAT

BS Key  Type LV Size       Device Type Elapsed Time Completion Time
------- ---- -- ---------- ----------- ------------ ---------------
14836   Full    8.00M      SBT_TAPE    00:00:07     21-JUL-25      
        BP Key: 14836   Status: AVAILABLE  Compressed: YES  Tag: FULL_RMANCAT_20072025_21H57
        Handle: 3fc90592-511f-4200-aedc-48597064f4c8/RMAN_incr_3914110385_RMANCAT_20250721_lf3v5flm_1_1.vab   Media: {3fc90592-511f-4200-aedc-48597064f4c8}
        Keep: BACKUP_LOGS        Until: 28-JUL-25      
  SPFILE Included: Modification time: 15-JUL-25
  SPFILE db_unique_name: RMANCAT

RMAN> 

List of Backup Sets
===================


BS Key  Type LV Size       Device Type Elapsed Time Completion Time
------- ---- -- ---------- ----------- ------------ ---------------
14824   Incr 0  16.00M     SBT_TAPE    00:00:10     20-JUL-25      
        BP Key: 14824   Status: AVAILABLE  Compressed: YES  Tag: FULL_RMANCAT_20072025_21H57
        Handle: 3fc90592-511f-4200-aedc-48597064f4c8/RMAN_full_3914110385_RMANCAT_20250720_l43v2nue_1_1.vab   Media: {3fc90592-511f-4200-aedc-48597064f4c8}
        Keep: BACKUP_LOGS        Until: 19-AUG-25      
  Control File Included: Ckp SCN: 784501469    Ckp time: 20-JUL-25

BS Key  Type LV Size       Device Type Elapsed Time Completion Time
------- ---- -- ---------- ----------- ------------ ---------------
14829   Full    16.00M     SBT_TAPE    00:00:08     20-JUL-25      
        BP Key: 14829   Status: AVAILABLE  Compressed: YES  Tag: FULL_RMANCAT_20072025_21H57
        Handle: 3fc90592-511f-4200-aedc-48597064f4c8/RMAN_full_3914110385_RMANCAT_20250720_l83v2nvg_1_1.vab   Media: {3fc90592-511f-4200-aedc-48597064f4c8}
        Keep: BACKUP_LOGS        Until: 19-AUG-25      
  Control File Included: Ckp SCN: 784501530    Ckp time: 20-JUL-25

BS Key  Type LV Size       Device Type Elapsed Time Completion Time
------- ---- -- ---------- ----------- ------------ ---------------
14835   Incr 1  16.00M     SBT_TAPE    00:00:08     21-JUL-25      
        BP Key: 14835   Status: AVAILABLE  Compressed: YES  Tag: FULL_RMANCAT_20072025_21H57
        Handle: 3fc90592-511f-4200-aedc-48597064f4c8/RMAN_incr_3914110385_RMANCAT_20250721_le3v5fle_1_1.vab   Media: {3fc90592-511f-4200-aedc-48597064f4c8}
        Keep: BACKUP_LOGS        Until: 28-JUL-25      
  Control File Included: Ckp SCN: 784702483    Ckp time: 21-JUL-25

BS Key  Type LV Size       Device Type Elapsed Time Completion Time
------- ---- -- ---------- ----------- ------------ ---------------
14839   Full    16.00M     SBT_TAPE    00:00:09     21-JUL-25      
        BP Key: 14839   Status: AVAILABLE  Compressed: YES  Tag: FULL_RMANCAT_20072025_21H57
        Handle: 3fc90592-511f-4200-aedc-48597064f4c8/RMAN_incr_3914110385_RMANCAT_20250721_li3v5fmg_1_1.vab   Media: {3fc90592-511f-4200-aedc-48597064f4c8}
        Keep: BACKUP_LOGS        Until: 28-JUL-25      
  Control File Included: Ckp SCN: 784702542    Ckp time: 21-JUL-25

RMAN> 

Recovery Manager complete.
