
Recovery Manager: Release 11.2.0.4.0 - Production on Sun Jul 6 01:00:00 2025

Copyright (c) 1982, 2011, Oracle and/or its affiliates.  All rights reserved.

RMAN> 
connected to target database: BPM1PROD (DBID=1562024455)

RMAN> 2> 3> 4> 5> 6> 7> 8> 9> 10> 11> 12> 13> 
using target database control file instead of recovery catalog
allocated channel: ch1
channel ch1: SID=46 instance=bpm1prod1 device type=SBT_TAPE
channel ch1: Veeam Plug-in for Oracle RMAN

allocated channel: ch2
channel ch2: SID=256 instance=bpm1prod1 device type=SBT_TAPE
channel ch2: Veeam Plug-in for Oracle RMAN

allocated channel: ch3
channel ch3: SID=416 instance=bpm1prod1 device type=SBT_TAPE
channel ch3: Veeam Plug-in for Oracle RMAN

allocated channel: ch4
channel ch4: SID=516 instance=bpm1prod1 device type=SBT_TAPE
channel ch4: Veeam Plug-in for Oracle RMAN

Starting backup at 06-JUL-25
current log archived

backup will be obsolete on date 05-AUG-25
archived logs required to recover from this backup will be backed up
channel ch1: starting compressed incremental level 0 datafile backup set
channel ch1: specifying datafile(s) in backup set
input datafile file number=00003 name=+DG_BPM1PROD/bpm1prod/datafile/users.297.1061053341
backing up blocks 1 through 2621440
channel ch1: starting piece 1 at 06-JUL-25
channel ch2: starting compressed incremental level 0 datafile backup set
channel ch2: specifying datafile(s) in backup set
input datafile file number=00005 name=+DG_BPM1PROD/bpm1prod/datafile/users.298.1067258611
backing up blocks 1 through 2621440
channel ch2: starting piece 1 at 06-JUL-25
channel ch3: starting compressed incremental level 0 datafile backup set
channel ch3: specifying datafile(s) in backup set
input datafile file number=00012 name=+DG_BPM1PROD/bpm1prod/datafile/users.267.1046453957
backing up blocks 1 through 2621440
channel ch3: starting piece 1 at 06-JUL-25
channel ch4: starting compressed incremental level 0 datafile backup set
channel ch4: specifying datafile(s) in backup set
input datafile file number=00018 name=+DG_BPM1PROD/bpm1prod/datafile/users.273.1046539957
backing up blocks 1 through 2621440
channel ch4: starting piece 1 at 06-JUL-25
RMAN-03009: failure of backup command on ch3 channel at 07/06/2025 01:06:36
ORA-19506: failed to create sequential file, name="3fc90592-511f-4200-aedc-48597064f4c8/RMAN_full_1562024455_BPM1PROD_20250706_ps3trgl5_1_1.vab", parms=""
ORA-27028: skgfqcre: sbtbackup returned error
ORA-19511: Error received from media manager layer, error text:
   TCP stream was closed
--tr:Failed to start source agent.
--tr:Failed to start shared source agent.
--tr:Failed to get agents session.
--tr:Failed to create RMAN backup file session.
channel ch3 disabled, job failed on it will be run on another channel
RMAN-03009: failure of backup command on ch4 channel at 07/06/2025 01:08:21
ORA-19506: failed to create sequential file, name="3fc90592-511f-4200-aedc-48597064f4c8/RMAN_full_1562024455_BPM1PROD_20250706_pt3trgl5_1_1.vab", parms=""
ORA-27028: skgfqcre: sbtbackup returned error
ORA-19511: Error received from media manager layer, error text:
   TCP stream was closed
--tr:Failed to start source agent.
--tr:Failed to start shared source agent.
--tr:Failed to get agents session.
--tr:Failed to create RMAN backup file session.
channel ch4 disabled, job failed on it will be run on another channel
RMAN-03009: failure of backup command on ch2 channel at 07/06/2025 01:13:46
ORA-19506: failed to create sequential file, name="3fc90592-511f-4200-aedc-48597064f4c8/RMAN_full_1562024455_BPM1PROD_20250706_pr3trgl5_1_1.vab", parms=""
ORA-27028: skgfqcre: sbtbackup returned error
ORA-19511: Error received from media manager layer, error text:
   TCP stream was closed
--tr:Failed to start source agent.
--tr:Failed to start shared source agent.
--tr:Failed to get agents session.
--tr:Failed to create RMAN backup file session.
channel ch2 disabled, job failed on it will be run on another channel
RMAN-03009: failure of backup command on ch1 channel at 07/06/2025 01:17:11
ORA-19506: failed to create sequential file, name="3fc90592-511f-4200-aedc-48597064f4c8/RMAN_full_1562024455_BPM1PROD_20250706_pq3trgl5_1_1.vab", parms=""
ORA-27028: skgfqcre: sbtbackup returned error
ORA-19511: Error received from media manager layer, error text:
   TCP stream was closed
--tr:Failed to start source agent.
--tr:Failed to start shared source agent.
--tr:Failed to get agents session.
--tr:Failed to create RMAN backup file session.
channel ch1 disabled, job failed on it will be run on another channel
released channel: ch1
released channel: ch2
released channel: ch3
released channel: ch4
RMAN-00571: ===========================================================
RMAN-00569: =============== ERROR MESSAGE STACK FOLLOWS ===============
RMAN-00571: ===========================================================
RMAN-03002: failure of backup command at 07/06/2025 01:17:12

RMAN-03009: failure of backup command on ch4 channel at 07/06/2025 01:08:21
ORA-19506: failed to create sequential file, name="3fc90592-511f-4200-aedc-48597064f4c8/RMAN_full_1562024455_BPM1PROD_20250706_pt3trgl5_1_1.vab", parms=""
ORA-27028: skgfqcre: sbtbackup returned error
ORA-19511: Error received from media manager layer, error text:
   TCP stream was closed
--tr:Failed to start source agent.
--tr:Failed to start shared source agent.
--tr:Failed to get agents session.
--tr:Failed to create RMAN backup 
RMAN-03009: failure of backup command on ch3 channel at 07/06/2025 01:06:36
ORA-19506: failed to create sequential file, name="3fc90592-511f-4200-aedc-48597064f4c8/RMAN_full_1562024455_BPM1PROD_20250706_ps3trgl5_1_1.vab", parms=""
ORA-27028: skgfqcre: sbtbackup returned error
ORA-19511: Error received from media manager layer, error text:
   TCP stream was closed
--tr:Failed to start source agent.
--tr:Failed to start shared source agent.
--tr:Failed to get agents session.
--tr:Failed to create RMAN backup 
RMAN-03009: failure of backup command on ch2 channel at 07/06/2025 01:13:46
ORA-19506: failed to create sequential file, name="3fc90592-511f-4200-aedc-48597064f4c8/RMAN_full_1562024455_BPM1PROD_20250706_pr3trgl5_1_1.vab", parms=""
ORA-27028: skgfqcre: sbtbackup returned error
ORA-19511: Error received from media manager layer, error text:
   TCP stream was closed
--tr:Failed to start source agent.
--tr:Failed to start shared source agent.
--tr:Failed to get agents session.
--tr:Failed to create RMAN backup 
RMAN-03009: failure of backup command on ch1 channel at 07/06/2025 01:17:11
ORA-19506: failed to create sequential file, name="3fc90592-511f-4200-aedc-48597064f4c8/RMAN_full_1562024455_BPM1PROD_20250706_pq3trgl5_1_1.vab", parms=""
ORA-27028: skgfqcre: sbtbackup returned error
ORA-19511: Error received from media manager layer, error text:
   TCP stream was closed
--tr:Failed to start source agent.
--tr:Failed to start shared source agent.
--tr:Failed to get agents session.
--tr:Failed to create RMAN backup 

RMAN> 
specification does not match any backup in the repository

RMAN> 
specification does not match any backup in the repository

RMAN> 

Recovery Manager complete.
