
Recovery Manager: Release 11.2.0.4.0 - Production on Sun Jul 6 01:00:00 2025

Copyright (c) 1982, 2011, Oracle and/or its affiliates.  All rights reserved.

RMAN> 
connected to target database: TNPRO (DBID=1198730716)

RMAN> 2> 3> 4> 5> 6> 7> 8> 9> 10> 11> 12> 13> 
using target database control file instead of recovery catalog
allocated channel: ch1
channel ch1: SID=623 instance=tnpro1 device type=SBT_TAPE
channel ch1: Veeam Plug-in for Oracle RMAN

allocated channel: ch2
channel ch2: SID=1535 instance=tnpro1 device type=SBT_TAPE
channel ch2: Veeam Plug-in for Oracle RMAN

allocated channel: ch3
channel ch3: SID=2145 instance=tnpro1 device type=SBT_TAPE
channel ch3: Veeam Plug-in for Oracle RMAN

allocated channel: ch4
channel ch4: SID=14 instance=tnpro1 device type=SBT_TAPE
channel ch4: Veeam Plug-in for Oracle RMAN

Starting backup at 06-JUL-25
current log archived

backup will be obsolete on date 05-AUG-25
archived logs required to recover from this backup will be backed up
channel ch1: starting compressed incremental level 0 datafile backup set
channel ch1: specifying datafile(s) in backup set
input datafile file number=00004 name=+DG_TNPRO/tnpro/datafile/users.276.1047636911
backing up blocks 1 through 2621440
channel ch1: starting piece 1 at 06-JUL-25
channel ch2: starting compressed incremental level 0 datafile backup set
channel ch2: specifying datafile(s) in backup set
input datafile file number=00007 name=+DG_TNPRO/tnpro/datafile/bpm.256.1047634413
backing up blocks 1 through 2621440
channel ch2: starting piece 1 at 06-JUL-25
channel ch3: starting compressed incremental level 0 datafile backup set
channel ch3: specifying datafile(s) in backup set
input datafile file number=00008 name=+DG_TNPRO/tnpro/datafile/bpm_index.266.1047635815
backing up blocks 1 through 2621440
channel ch3: starting piece 1 at 06-JUL-25
channel ch4: starting compressed incremental level 0 datafile backup set
channel ch4: specifying datafile(s) in backup set
input datafile file number=00012 name=+DG_TNPRO/tnpro/datafile/users.286.1047638323
backing up blocks 1 through 2621440
channel ch4: starting piece 1 at 06-JUL-25
RMAN-03009: failure of backup command on ch3 channel at 07/06/2025 01:04:55
ORA-19506: failed to create sequential file, name="3fc90592-511f-4200-aedc-48597064f4c8/RMAN_full_1198730716_TNPRO_20250706_783trgl4_1_1.vab", parms=""
ORA-27028: skgfqcre: sbtbackup returned error
ORA-19511: Error received from media manager layer, error text:
   TCP stream was closed
--tr:Failed to start source agent.
--tr:Failed to start shared source agent.
--tr:Failed to get agents session.
--tr:Failed to create RMAN backup file session.
channel ch3 disabled, job failed on it will be run on another channel
RMAN-03009: failure of backup command on ch1 channel at 07/06/2025 01:10:10
ORA-19506: failed to create sequential file, name="3fc90592-511f-4200-aedc-48597064f4c8/RMAN_full_1198730716_TNPRO_20250706_763trgl3_1_1.vab", parms=""
ORA-27028: skgfqcre: sbtbackup returned error
ORA-19511: Error received from media manager layer, error text:
   TCP stream was closed
--tr:Failed to start source agent.
--tr:Failed to start shared source agent.
--tr:Failed to get agents session.
--tr:Failed to create RMAN backup file session.
channel ch1 disabled, job failed on it will be run on another channel
RMAN-03009: failure of backup command on ch4 channel at 07/06/2025 01:11:55
ORA-19506: failed to create sequential file, name="3fc90592-511f-4200-aedc-48597064f4c8/RMAN_full_1198730716_TNPRO_20250706_793trgl4_1_1.vab", parms=""
ORA-27028: skgfqcre: sbtbackup returned error
ORA-19511: Error received from media manager layer, error text:
   TCP stream was closed
--tr:Failed to start source agent.
--tr:Failed to start shared source agent.
--tr:Failed to get agents session.
--tr:Failed to create RMAN backup file session.
channel ch4 disabled, job failed on it will be run on another channel
RMAN-03009: failure of backup command on ch2 channel at 07/06/2025 01:15:30
ORA-19506: failed to create sequential file, name="3fc90592-511f-4200-aedc-48597064f4c8/RMAN_full_1198730716_TNPRO_20250706_773trgl4_1_1.vab", parms=""
ORA-27028: skgfqcre: sbtbackup returned error
ORA-19511: Error received from media manager layer, error text:
   TCP stream was closed
--tr:Failed to start source agent.
--tr:Failed to start shared source agent.
--tr:Failed to get agents session.
--tr:Failed to create RMAN backup file session.
channel ch2 disabled, job failed on it will be run on another channel
released channel: ch1
released channel: ch2
released channel: ch3
released channel: ch4
RMAN-00571: ===========================================================
RMAN-00569: =============== ERROR MESSAGE STACK FOLLOWS ===============
RMAN-00571: ===========================================================
RMAN-03002: failure of backup command at 07/06/2025 01:15:30

RMAN-03009: failure of backup command on ch4 channel at 07/06/2025 01:11:55
ORA-19506: failed to create sequential file, name="3fc90592-511f-4200-aedc-48597064f4c8/RMAN_full_1198730716_TNPRO_20250706_793trgl4_1_1.vab", parms=""
ORA-27028: skgfqcre: sbtbackup returned error
ORA-19511: Error received from media manager layer, error text:
   TCP stream was closed
--tr:Failed to start source agent.
--tr:Failed to start shared source agent.
--tr:Failed to get agents session.
--tr:Failed to create RMAN backup fil
RMAN-03009: failure of backup command on ch3 channel at 07/06/2025 01:04:55
ORA-19506: failed to create sequential file, name="3fc90592-511f-4200-aedc-48597064f4c8/RMAN_full_1198730716_TNPRO_20250706_783trgl4_1_1.vab", parms=""
ORA-27028: skgfqcre: sbtbackup returned error
ORA-19511: Error received from media manager layer, error text:
   TCP stream was closed
--tr:Failed to start source agent.
--tr:Failed to start shared source agent.
--tr:Failed to get agents session.
--tr:Failed to create RMAN backup fil
RMAN-03009: failure of backup command on ch2 channel at 07/06/2025 01:15:30
ORA-19506: failed to create sequential file, name="3fc90592-511f-4200-aedc-48597064f4c8/RMAN_full_1198730716_TNPRO_20250706_773trgl4_1_1.vab", parms=""
ORA-27028: skgfqcre: sbtbackup returned error
ORA-19511: Error received from media manager layer, error text:
   TCP stream was closed
--tr:Failed to start source agent.
--tr:Failed to start shared source agent.
--tr:Failed to get agents session.
--tr:Failed to create RMAN backup fil
RMAN-03009: failure of backup command on ch1 channel at 07/06/2025 01:10:10
ORA-19506: failed to create sequential file, name="3fc90592-511f-4200-aedc-48597064f4c8/RMAN_full_1198730716_TNPRO_20250706_763trgl3_1_1.vab", parms=""
ORA-27028: skgfqcre: sbtbackup returned error
ORA-19511: Error received from media manager layer, error text:
   TCP stream was closed
--tr:Failed to start source agent.
--tr:Failed to start shared source agent.
--tr:Failed to get agents session.
--tr:Failed to create RMAN backup fil

RMAN> 
specification does not match any backup in the repository

RMAN> 
specification does not match any backup in the repository

RMAN> 

Recovery Manager complete.
