
Recovery Manager: Release 11.2.0.4.0 - Production on Fri Jun 20 00:00:10 2025

Copyright (c) 1982, 2011, Oracle and/or its affiliates.  All rights reserved.

RMAN> 
connected to target database: BPMPROD (DBID=1062634547)

RMAN> 2> 3> 4> 5> 6> 7> 8> 9> 10> 11> 12> 13> 
using target database control file instead of recovery catalog
allocated channel: ch1
channel ch1: SID=315 instance=bpmprod1 device type=SBT_TAPE
channel ch1: Veeam Plug-in for Oracle RMAN

allocated channel: ch2
channel ch2: SID=1437 instance=bpmprod1 device type=SBT_TAPE
channel ch2: Veeam Plug-in for Oracle RMAN

allocated channel: ch3
channel ch3: SID=2018 instance=bpmprod1 device type=SBT_TAPE
channel ch3: Veeam Plug-in for Oracle RMAN

allocated channel: ch4
channel ch4: SID=31 instance=bpmprod1 device type=SBT_TAPE
channel ch4: Veeam Plug-in for Oracle RMAN

Starting backup at 20-JUN-25
current log archived

backup will be obsolete on date 27-JUN-25
archived logs required to recover from this backup will be backed up
channel ch1: starting compressed incremental level 1 datafile backup set
channel ch1: specifying datafile(s) in backup set
input datafile file number=00003 name=+DG_BPMPROD/bpmprod/datafile/dev_soainfra.282.1049770611
input datafile file number=00032 name=+DG_BPMPROD/bpmprod/datafile/dev_soainfra.278.1049770511
input datafile file number=00043 name=+DG_BPMPROD/bpmprod/datafile/dev_soainfra.289.1049770719
input datafile file number=00060 name=+DG_BPMPROD/bpmprod/datafile/dev_soainfra.331.1062347901
input datafile file number=00071 name=+DG_BPMPROD/bpmprod/datafile/dev_soainfra.342.1076433771
input datafile file number=00077 name=+DG_BPMPROD/bpmprod/datafile/dev_soainfra.348.1077816593
input datafile file number=00084 name=+DG_BPMPROD/bpmprod/datafile/dev_soainfra.355.1080818017
input datafile file number=00008 name=+DG_BPMPROD/bpmprod/datafile/dev_soainfra.266.1049770169
input datafile file number=00025 name=+DG_BPMPROD/bpmprod/datafile/dev_soainfra.272.1049770345
input datafile file number=00090 name=+DG_BPMPROD/bpmprod/datafile/dev_soainfra.361.1102163103
input datafile file number=00096 name=+DG_BPMPROD/bpmprod/datafile/dev_soainfra.367.1104403307
input datafile file number=00102 name=+DG_BPMPROD/bpmprod/datafile/dev_soainfra.373.1106154679
input datafile file number=00108 name=+DG_BPMPROD/bpmprod/datafile/dev_soainfra.379.1111922515
input datafile file number=00114 name=+DG_BPMPROD/bpmprod/datafile/dev_soainfra.385.1113998247
input datafile file number=00121 name=+DG_BPMPROD/bpmprod/datafile/dev_soainfra.392.1118066009
input datafile file number=00127 name=+DG_BPMPROD/bpmprod/datafile/dev_soainfra.398.1119526149
input datafile file number=00135 name=+DG_BPMPROD/bpmprod/datafile/dev_soainfra.406.1123427521
input datafile file number=00143 name=+DG_BPMPROD/bpmprod/datafile/dev_soainfra.414.1131473315
input datafile file number=00149 name=+DG_BPMPROD/bpmprod/datafile/dev_soainfra.420.1132576255
input datafile file number=00179 name=+DG_BPMPROD/bpmprod/datafile/dev_soainfra.450.1144503405
input datafile file number=00033 name=+DG_BPMPROD/bpmprod/datafile/dev_soainfra.281.1049770567
input datafile file number=00005 name=+DG_BPMPROD/bpmprod/datafile/dev_soainfra.283.1049770613
input datafile file number=00024 name=+DG_BPMPROD/bpmprod/datafile/dev_soainfra.277.1049770455
input datafile file number=00158 name=+DG_BPMPROD/bpmprod/datafile/dev_soainfra.429.1138724211
input datafile file number=00164 name=+DG_BPMPROD/bpmprod/datafile/dev_soainfra.435.1139412757
input datafile file number=00173 name=+DG_BPMPROD/bpmprod/datafile/dev_soainfra.444.1144315011
input datafile file number=00182 name=+DG_BPMPROD/bpmprod/datafile/dev_soainfra.453.1145178987
input datafile file number=00188 name=+DG_BPMPROD/bpmprod/datafile/dev_soainfra.459.1146243651
input datafile file number=00195 name=+DG_BPMPROD/bpmprod/datafile/dev_soainfra.466.1149178029
input datafile file number=00205 name=+DG_BPMPROD/bpmprod/datafile/dev_soainfra.476.1152979823
input datafile file number=00211 name=+DG_BPMPROD/bpmprod/datafile/dev_soainfra.482.1153990705
input datafile file number=00217 name=+DG_BPMPROD/bpmprod/datafile/dev_soainfra.488.1154702627
input datafile file number=00223 name=+DG_BPMPROD/bpmprod/datafile/dev_soainfra.494.1155920139
input datafile file number=00230 name=+DG_BPMPROD/bpmprod/datafile/dev_soainfra.501.1157380621
input datafile file number=00236 name=+DG_BPMPROD/bpmprod/datafile/dev_soainfra.507.1158658089
input datafile file number=00242 name=+DG_BPMPROD/bpmprod/datafile/dev_soainfra.513.1159870583
input datafile file number=00249 name=+DG_BPMPROD/bpmprod/datafile/dev_soainfra.520.1162977673
input datafile file number=00255 name=+DG_BPMPROD/bpmprod/datafile/dev_soainfra.526.1163498001
input datafile file number=00263 name=+DG_BPMPROD/bpmprod/datafile/dev_soainfra.534.1164532637
input datafile file number=00269 name=+DG_BPMPROD/bpmprod/datafile/dev_soainfra.540.1166443257
input datafile file number=00275 name=+DG_BPMPROD/bpmprod/datafile/dev_soainfra.546.1168965725
input datafile file number=00281 name=+DG_BPMPROD/bpmprod/datafile/dev_soainfra.552.1169630773
input datafile file number=00287 name=+DG_BPMPROD/bpmprod/datafile/dev_soainfra.558.1169661921
input datafile file number=00293 name=+DG_BPMPROD/bpmprod/datafile/dev_soainfra.564.1170696047
input datafile file number=00299 name=+DG_BPMPROD/bpmprod/datafile/dev_soainfra.570.1171623659
input datafile file number=00305 name=+DG_BPMPROD/bpmprod/datafile/dev_soainfra.576.1173952539
input datafile file number=00311 name=+DG_BPMPROD/bpmprod/datafile/dev_soainfra.582.1176801245
input datafile file number=00328 name=+DG_BPMPROD/bpmprod/datafile/dev_soainfra.599.1183888491
input datafile file number=00336 name=+DG_BPMPROD/bpmprod/datafile/dev_soainfra.607.1196005039
input datafile file number=00342 name=+DG_BPMPROD/bpmprod/datafile/dev_soainfra.613.1201706517
input datafile file number=00318 name=+DG_BPMPROD/bpmprod/datafile/dev_soainfra.589.1178794427
input datafile file number=00131 name=+DG_BPMPROD/bpmprod/datafile/dev_soainfra.402.1121446825
input datafile file number=00229 name=+DG_BPMPROD/bpmprod/datafile/dev_soainfra.500.1157216479
input datafile file number=00323 name=+DG_BPMPROD/bpmprod/datafile/dev_soainfra.594.1180004555
input datafile file number=00002 name=+DG_BPMPROD/bpmprod/datafile/sysaux.307.1049771805
input datafile file number=00021 name=+DG_BPMPROD/bpmprod/datafile/sysaux.308.1049771805
input datafile file number=00007 name=+DG_BPMPROD/bpmprod/datafile/dev_mds.261.1049769735
input datafile file number=00004 name=+DG_BPMPROD/bpmprod/datafile/users.256.1049769513
input datafile file number=00006 name=+DG_BPMPROD/bpmprod/datafile/dev_ias_orasdpm.258.1049769645
input datafile file number=00019 name=+DG_BPMPROD/bpmprod/datafile/dev_ias_orasdpm.259.1049769645
input datafile file number=00038 name=+DG_BPMPROD/bpmprod/datafile/users.257.1049769513
input datafile file number=00325 name=+DG_BPMPROD/bpmprod/datafile/dev_soainfra.596.1180004601
channel ch1: starting piece 1 at 20-JUN-25
channel ch2: starting compressed incremental level 1 datafile backup set
channel ch2: specifying datafile(s) in backup set
input datafile file number=00029 name=+DG_BPMPROD/bpmprod/datafile/dev_soainfra.265.1049770113
input datafile file number=00041 name=+DG_BPMPROD/bpmprod/datafile/dev_soainfra.287.1049770683
input datafile file number=00057 name=+DG_BPMPROD/bpmprod/datafile/dev_soainfra.328.1062151141
input datafile file number=00069 name=+DG_BPMPROD/bpmprod/datafile/dev_soainfra.340.1075197919
input datafile file number=00075 name=+DG_BPMPROD/bpmprod/datafile/dev_soainfra.346.1077816571
input datafile file number=00081 name=+DG_BPMPROD/bpmprod/datafile/dev_soainfra.352.1079275455
input datafile file number=00088 name=+DG_BPMPROD/bpmprod/datafile/dev_soainfra.359.1083342183
input datafile file number=00015 name=+DG_BPMPROD/bpmprod/datafile/dev_soainfra.270.1049770279
input datafile file number=00048 name=+DG_BPMPROD/bpmprod/datafile/dev_soainfra.275.1049770401
input datafile file number=00094 name=+DG_BPMPROD/bpmprod/datafile/dev_soainfra.365.1103987593
input datafile file number=00100 name=+DG_BPMPROD/bpmprod/datafile/dev_soainfra.371.1106069051
input datafile file number=00106 name=+DG_BPMPROD/bpmprod/datafile/dev_soainfra.377.1110360673
input datafile file number=00112 name=+DG_BPMPROD/bpmprod/datafile/dev_soainfra.383.1112429471
input datafile file number=00118 name=+DG_BPMPROD/bpmprod/datafile/dev_soainfra.389.1114680133
input datafile file number=00125 name=+DG_BPMPROD/bpmprod/datafile/dev_soainfra.396.1119517527
input datafile file number=00133 name=+DG_BPMPROD/bpmprod/datafile/dev_soainfra.404.1121525975
input datafile file number=00139 name=+DG_BPMPROD/bpmprod/datafile/dev_soainfra.410.1125653213
input datafile file number=00147 name=+DG_BPMPROD/bpmprod/datafile/dev_soainfra.418.1132277337
input datafile file number=00171 name=+DG_BPMPROD/bpmprod/datafile/dev_soainfra.442.1144311631
input datafile file number=00321 name=+DG_BPMPROD/bpmprod/datafile/dev_soainfra.592.1179917243
input datafile file number=00052 name=+DG_BPMPROD/bpmprod/datafile/dev_soainfra.274.1049770401
input datafile file number=00053 name=+DG_BPMPROD/bpmprod/datafile/dev_soainfra.276.1049770455
input datafile file number=00152 name=+DG_BPMPROD/bpmprod/datafile/dev_soainfra.423.1136051015
input datafile file number=00155 name=+DG_BPMPROD/bpmprod/datafile/dev_soainfra.426.1138096773
input datafile file number=00161 name=+DG_BPMPROD/bpmprod/datafile/dev_soainfra.432.1139412139
input datafile file number=00168 name=+DG_BPMPROD/bpmprod/datafile/dev_soainfra.439.1143022439
input datafile file number=00176 name=+DG_BPMPROD/bpmprod/datafile/dev_soainfra.447.1144315545
input datafile file number=00185 name=+DG_BPMPROD/bpmprod/datafile/dev_soainfra.456.1146043435
input datafile file number=00191 name=+DG_BPMPROD/bpmprod/datafile/dev_soainfra.462.1147598247
input datafile file number=00198 name=+DG_BPMPROD/bpmprod/datafile/dev_soainfra.469.1149263787
input datafile file number=00208 name=+DG_BPMPROD/bpmprod/datafile/dev_soainfra.479.1153051959
input datafile file number=00214 name=+DG_BPMPROD/bpmprod/datafile/dev_soainfra.485.1154078419
input datafile file number=00220 name=+DG_BPMPROD/bpmprod/datafile/dev_soainfra.491.1155311655
input datafile file number=00226 name=+DG_BPMPROD/bpmprod/datafile/dev_soainfra.497.1156614903
input datafile file number=00233 name=+DG_BPMPROD/bpmprod/datafile/dev_soainfra.504.1158054439
input datafile file number=00239 name=+DG_BPMPROD/bpmprod/datafile/dev_soainfra.510.1159004285
input datafile file number=00245 name=+DG_BPMPROD/bpmprod/datafile/dev_soainfra.516.1161359517
input datafile file number=00252 name=+DG_BPMPROD/bpmprod/datafile/dev_soainfra.523.1163439923
input datafile file number=00259 name=+DG_BPMPROD/bpmprod/datafile/dev_soainfra.530.1164298381
input datafile file number=00266 name=+DG_BPMPROD/bpmprod/datafile/dev_soainfra.537.1166442097
input datafile file number=00272 name=+DG_BPMPROD/bpmprod/datafile/dev_soainfra.543.1168249561
input datafile file number=00278 name=+DG_BPMPROD/bpmprod/datafile/dev_soainfra.549.1168966291
input datafile file number=00284 name=+DG_BPMPROD/bpmprod/datafile/dev_soainfra.555.1169655485
input datafile file number=00290 name=+DG_BPMPROD/bpmprod/datafile/dev_soainfra.561.1170692587
input datafile file number=00296 name=+DG_BPMPROD/bpmprod/datafile/dev_soainfra.567.1171623377
input datafile file number=00302 name=+DG_BPMPROD/bpmprod/datafile/dev_soainfra.573.1173184931
input datafile file number=00308 name=+DG_BPMPROD/bpmprod/datafile/dev_soainfra.579.1175599265
input datafile file number=00316 name=+DG_BPMPROD/bpmprod/datafile/dev_soainfra.587.1177667375
input datafile file number=00333 name=+DG_BPMPROD/bpmprod/datafile/dev_soainfra.604.1188469983
input datafile file number=00339 name=+DG_BPMPROD/bpmprod/datafile/dev_soainfra.610.1197548381
input datafile file number=00036 name=+DG_BPMPROD/bpmprod/datafile/dev_soainfra.280.1049770567
input datafile file number=00322 name=+DG_BPMPROD/bpmprod/datafile/dev_soainfra.593.1180003917
input datafile file number=00199 name=+DG_BPMPROD/bpmprod/datafile/dev_soainfra.470.1151927449
input datafile file number=00065 name=+DG_BPMPROD/bpmprod/datafile/sysaux.336.1074071607
input datafile file number=00324 name=+DG_BPMPROD/bpmprod/datafile/dev_soainfra.595.1180004575
channel ch2: starting piece 1 at 20-JUN-25
channel ch3: starting compressed incremental level 1 datafile backup set
channel ch3: specifying datafile(s) in backup set
input datafile file number=00031 name=+DG_BPMPROD/bpmprod/datafile/dev_soainfra.284.1049770647
input datafile file number=00042 name=+DG_BPMPROD/bpmprod/datafile/dev_soainfra.288.1049770717
input datafile file number=00058 name=+DG_BPMPROD/bpmprod/datafile/dev_soainfra.329.1062151219
input datafile file number=00070 name=+DG_BPMPROD/bpmprod/datafile/dev_soainfra.341.1075198033
input datafile file number=00076 name=+DG_BPMPROD/bpmprod/datafile/dev_soainfra.347.1077816573
input datafile file number=00082 name=+DG_BPMPROD/bpmprod/datafile/dev_soainfra.353.1079275455
input datafile file number=00089 name=+DG_BPMPROD/bpmprod/datafile/dev_soainfra.360.1083342201
input datafile file number=00023 name=+DG_BPMPROD/bpmprod/datafile/dev_soainfra.271.1049770279
input datafile file number=00056 name=+DG_BPMPROD/bpmprod/datafile/dev_soainfra.322.1054390155
input datafile file number=00095 name=+DG_BPMPROD/bpmprod/datafile/dev_soainfra.366.1104394989
input datafile file number=00101 name=+DG_BPMPROD/bpmprod/datafile/dev_soainfra.372.1106134475
input datafile file number=00107 name=+DG_BPMPROD/bpmprod/datafile/dev_soainfra.378.1110639105
input datafile file number=00113 name=+DG_BPMPROD/bpmprod/datafile/dev_soainfra.384.1113998169
input datafile file number=00119 name=+DG_BPMPROD/bpmprod/datafile/dev_soainfra.390.1118064259
input datafile file number=00126 name=+DG_BPMPROD/bpmprod/datafile/dev_soainfra.397.1119517677
input datafile file number=00134 name=+DG_BPMPROD/bpmprod/datafile/dev_soainfra.405.1122825053
input datafile file number=00142 name=+DG_BPMPROD/bpmprod/datafile/dev_soainfra.413.1128959437
input datafile file number=00148 name=+DG_BPMPROD/bpmprod/datafile/dev_soainfra.419.1132277363
input datafile file number=00172 name=+DG_BPMPROD/bpmprod/datafile/dev_soainfra.443.1144311681
input datafile file number=00140 name=+DG_BPMPROD/bpmprod/datafile/dev_soainfra.411.1126875341
input datafile file number=00141 name=+DG_BPMPROD/bpmprod/datafile/dev_soainfra.412.1126875397
input datafile file number=00064 name=+DG_BPMPROD/bpmprod/datafile/dev_soainfra.335.1071825573
input datafile file number=00153 name=+DG_BPMPROD/bpmprod/datafile/dev_soainfra.424.1136051079
input datafile file number=00156 name=+DG_BPMPROD/bpmprod/datafile/dev_soainfra.427.1138096837
input datafile file number=00162 name=+DG_BPMPROD/bpmprod/datafile/dev_soainfra.433.1139412345
input datafile file number=00169 name=+DG_BPMPROD/bpmprod/datafile/dev_soainfra.440.1143039403
input datafile file number=00177 name=+DG_BPMPROD/bpmprod/datafile/dev_soainfra.448.1144315765
input datafile file number=00186 name=+DG_BPMPROD/bpmprod/datafile/dev_soainfra.457.1146240733
input datafile file number=00193 name=+DG_BPMPROD/bpmprod/datafile/dev_soainfra.464.1148204835
input datafile file number=00203 name=+DG_BPMPROD/bpmprod/datafile/dev_soainfra.474.1152874737
input datafile file number=00209 name=+DG_BPMPROD/bpmprod/datafile/dev_soainfra.480.1153990569
input datafile file number=00215 name=+DG_BPMPROD/bpmprod/datafile/dev_soainfra.486.1154699029
input datafile file number=00221 name=+DG_BPMPROD/bpmprod/datafile/dev_soainfra.492.1155311723
input datafile file number=00227 name=+DG_BPMPROD/bpmprod/datafile/dev_soainfra.498.1156614975
input datafile file number=00234 name=+DG_BPMPROD/bpmprod/datafile/dev_soainfra.505.1158054501
input datafile file number=00240 name=+DG_BPMPROD/bpmprod/datafile/dev_soainfra.511.1159607577
input datafile file number=00246 name=+DG_BPMPROD/bpmprod/datafile/dev_soainfra.517.1161361631
input datafile file number=00253 name=+DG_BPMPROD/bpmprod/datafile/dev_soainfra.524.1163439999
input datafile file number=00260 name=+DG_BPMPROD/bpmprod/datafile/dev_soainfra.531.1164298425
input datafile file number=00267 name=+DG_BPMPROD/bpmprod/datafile/dev_soainfra.538.1166443127
input datafile file number=00273 name=+DG_BPMPROD/bpmprod/datafile/dev_soainfra.544.1168963197
input datafile file number=00279 name=+DG_BPMPROD/bpmprod/datafile/dev_soainfra.550.1168966607
input datafile file number=00285 name=+DG_BPMPROD/bpmprod/datafile/dev_soainfra.556.1169655539
input datafile file number=00291 name=+DG_BPMPROD/bpmprod/datafile/dev_soainfra.562.1170695901
input datafile file number=00297 name=+DG_BPMPROD/bpmprod/datafile/dev_soainfra.568.1171623421
input datafile file number=00303 name=+DG_BPMPROD/bpmprod/datafile/dev_soainfra.574.1173184999
input datafile file number=00309 name=+DG_BPMPROD/bpmprod/datafile/dev_soainfra.580.1175599327
input datafile file number=00320 name=+DG_BPMPROD/bpmprod/datafile/dev_soainfra.591.1179480937
input datafile file number=00334 name=+DG_BPMPROD/bpmprod/datafile/dev_soainfra.605.1188470093
input datafile file number=00340 name=+DG_BPMPROD/bpmprod/datafile/dev_soainfra.611.1197548435
input datafile file number=00120 name=+DG_BPMPROD/bpmprod/datafile/dev_soainfra.391.1118064389
input datafile file number=00327 name=+DG_BPMPROD/bpmprod/datafile/dev_soainfra.598.1182593139
input datafile file number=00181 name=+DG_BPMPROD/bpmprod/datafile/dev_soainfra.452.1144936523
input datafile file number=00200 name=+DG_BPMPROD/bpmprod/datafile/dev_soainfra.471.1151927517
channel ch3: starting piece 1 at 20-JUN-25
channel ch4: starting compressed incremental level 1 datafile backup set
channel ch4: specifying datafile(s) in backup set
input datafile file number=00028 name=+DG_BPMPROD/bpmprod/datafile/dev_soainfra.264.1049770113
input datafile file number=00040 name=+DG_BPMPROD/bpmprod/datafile/dev_soainfra.296.1049770871
input datafile file number=00051 name=+DG_BPMPROD/bpmprod/datafile/dev_soainfra.295.1049770825
input datafile file number=00068 name=+DG_BPMPROD/bpmprod/datafile/dev_soainfra.339.1075197919
input datafile file number=00074 name=+DG_BPMPROD/bpmprod/datafile/dev_soainfra.345.1077816571
input datafile file number=00080 name=+DG_BPMPROD/bpmprod/datafile/dev_soainfra.351.1079275453
input datafile file number=00087 name=+DG_BPMPROD/bpmprod/datafile/dev_soainfra.358.1081338327
input datafile file number=00014 name=+DG_BPMPROD/bpmprod/datafile/dev_soainfra.269.1049770225
input datafile file number=00046 name=+DG_BPMPROD/bpmprod/datafile/dev_soainfra.321.1054390099
input datafile file number=00093 name=+DG_BPMPROD/bpmprod/datafile/dev_soainfra.364.1103987379
input datafile file number=00099 name=+DG_BPMPROD/bpmprod/datafile/dev_soainfra.370.1106069019
input datafile file number=00105 name=+DG_BPMPROD/bpmprod/datafile/dev_soainfra.376.1106388275
input datafile file number=00111 name=+DG_BPMPROD/bpmprod/datafile/dev_soainfra.382.1112429409
input datafile file number=00117 name=+DG_BPMPROD/bpmprod/datafile/dev_soainfra.388.1114680073
input datafile file number=00124 name=+DG_BPMPROD/bpmprod/datafile/dev_soainfra.395.1118652693
input datafile file number=00132 name=+DG_BPMPROD/bpmprod/datafile/dev_soainfra.403.1121446867
input datafile file number=00138 name=+DG_BPMPROD/bpmprod/datafile/dev_soainfra.409.1125653157
input datafile file number=00146 name=+DG_BPMPROD/bpmprod/datafile/dev_soainfra.417.1132078675
input datafile file number=00166 name=+DG_BPMPROD/bpmprod/datafile/dev_soainfra.437.1143015841
input datafile file number=00317 name=+DG_BPMPROD/bpmprod/datafile/dev_soainfra.588.1178405953
input datafile file number=00067 name=+DG_BPMPROD/bpmprod/datafile/dev_soainfra.338.1075192965
input datafile file number=00063 name=+DG_BPMPROD/bpmprod/datafile/dev_soainfra.334.1071825573
input datafile file number=00083 name=+DG_BPMPROD/bpmprod/datafile/dev_soainfra.354.1080225989
input datafile file number=00159 name=+DG_BPMPROD/bpmprod/datafile/dev_soainfra.430.1138724255
input datafile file number=00165 name=+DG_BPMPROD/bpmprod/datafile/dev_soainfra.436.1142165763
input datafile file number=00174 name=+DG_BPMPROD/bpmprod/datafile/dev_soainfra.445.1144315155
input datafile file number=00183 name=+DG_BPMPROD/bpmprod/datafile/dev_soainfra.454.1145785139
input datafile file number=00189 name=+DG_BPMPROD/bpmprod/datafile/dev_soainfra.460.1146993577
input datafile file number=00196 name=+DG_BPMPROD/bpmprod/datafile/dev_soainfra.467.1149178091
input datafile file number=00206 name=+DG_BPMPROD/bpmprod/datafile/dev_soainfra.477.1152980345
input datafile file number=00212 name=+DG_BPMPROD/bpmprod/datafile/dev_soainfra.483.1153990759
input datafile file number=00218 name=+DG_BPMPROD/bpmprod/datafile/dev_soainfra.489.1154776959
input datafile file number=00224 name=+DG_BPMPROD/bpmprod/datafile/dev_soainfra.495.1155920469
input datafile file number=00231 name=+DG_BPMPROD/bpmprod/datafile/dev_soainfra.502.1157380765
input datafile file number=00237 name=+DG_BPMPROD/bpmprod/datafile/dev_soainfra.508.1158658129
input datafile file number=00243 name=+DG_BPMPROD/bpmprod/datafile/dev_soainfra.514.1161341509
input datafile file number=00250 name=+DG_BPMPROD/bpmprod/datafile/dev_soainfra.521.1163324303
input datafile file number=00257 name=+DG_BPMPROD/bpmprod/datafile/dev_soainfra.528.1164297829
input datafile file number=00264 name=+DG_BPMPROD/bpmprod/datafile/dev_soainfra.535.1164532677
input datafile file number=00270 name=+DG_BPMPROD/bpmprod/datafile/dev_soainfra.541.1166443455
input datafile file number=00276 name=+DG_BPMPROD/bpmprod/datafile/dev_soainfra.547.1168965799
input datafile file number=00282 name=+DG_BPMPROD/bpmprod/datafile/dev_soainfra.553.1169655317
input datafile file number=00288 name=+DG_BPMPROD/bpmprod/datafile/dev_soainfra.559.1170678277
input datafile file number=00294 name=+DG_BPMPROD/bpmprod/datafile/dev_soainfra.565.1171532067
input datafile file number=00300 name=+DG_BPMPROD/bpmprod/datafile/dev_soainfra.571.1172393549
input datafile file number=00306 name=+DG_BPMPROD/bpmprod/datafile/dev_soainfra.577.1173952635
input datafile file number=00314 name=+DG_BPMPROD/bpmprod/datafile/dev_soainfra.585.1177667239
input datafile file number=00329 name=+DG_BPMPROD/bpmprod/datafile/dev_soainfra.600.1184490697
input datafile file number=00337 name=+DG_BPMPROD/bpmprod/datafile/dev_soainfra.608.1196005165
input datafile file number=00201 name=+DG_BPMPROD/bpmprod/datafile/dev_soainfra.472.1152838783
input datafile file number=00256 name=+DG_BPMPROD/bpmprod/datafile/dev_soainfra.527.1164274301
input datafile file number=00331 name=+DG_BPMPROD/bpmprod/datafile/dev_soainfra.602.1185121219
input datafile file number=00312 name=+DG_BPMPROD/bpmprod/datafile/dev_soainfra.583.1177002033
input datafile file number=00313 name=+DG_BPMPROD/bpmprod/datafile/dev_soainfra.584.1177002425
channel ch4: starting piece 1 at 20-JUN-25
channel ch4: finished piece 1 at 20-JUN-25
piece handle=3fc90592-511f-4200-aedc-48597064f4c8/RMAN_incr_1062634547_BPMPROD_20250620_k93seip6_1_1.vab tag=FULL_BPMPROD_13062025_22H00 comment=API Version 2.0,MMS Version 12.3.0.54
channel ch4: backup set complete, elapsed time: 00:45:26
channel ch4: starting compressed incremental level 1 datafile backup set
channel ch4: specifying datafile(s) in backup set
input datafile file number=00026 name=+DG_BPMPROD/bpmprod/datafile/dev_soainfra.262.1049770057
input datafile file number=00037 name=+DG_BPMPROD/bpmprod/datafile/dev_soainfra.285.1049770647
input datafile file number=00044 name=+DG_BPMPROD/bpmprod/datafile/dev_soainfra.290.1049770753
input datafile file number=00061 name=+DG_BPMPROD/bpmprod/datafile/dev_soainfra.332.1062348867
input datafile file number=00072 name=+DG_BPMPROD/bpmprod/datafile/dev_soainfra.343.1076433837
input datafile file number=00078 name=+DG_BPMPROD/bpmprod/datafile/dev_soainfra.349.1079275425
input datafile file number=00085 name=+DG_BPMPROD/bpmprod/datafile/dev_soainfra.356.1080818017
input datafile file number=00012 name=+DG_BPMPROD/bpmprod/datafile/dev_soainfra.267.1049770169
input datafile file number=00030 name=+DG_BPMPROD/bpmprod/datafile/dev_soainfra.273.1049770345
input datafile file number=00091 name=+DG_BPMPROD/bpmprod/datafile/dev_soainfra.362.1102163153
input datafile file number=00097 name=+DG_BPMPROD/bpmprod/datafile/dev_soainfra.368.1105437259
input datafile file number=00103 name=+DG_BPMPROD/bpmprod/datafile/dev_soainfra.374.1106210039
input datafile file number=00109 name=+DG_BPMPROD/bpmprod/datafile/dev_soainfra.380.1111922579
input datafile file number=00115 name=+DG_BPMPROD/bpmprod/datafile/dev_soainfra.386.1114000629
input datafile file number=00122 name=+DG_BPMPROD/bpmprod/datafile/dev_soainfra.393.1118650135
input datafile file number=00128 name=+DG_BPMPROD/bpmprod/datafile/dev_soainfra.399.1119526191
input datafile file number=00136 name=+DG_BPMPROD/bpmprod/datafile/dev_soainfra.407.1125653123
input datafile file number=00144 name=+DG_BPMPROD/bpmprod/datafile/dev_soainfra.415.1131473361
input datafile file number=00150 name=+DG_BPMPROD/bpmprod/datafile/dev_soainfra.421.1133256631
input datafile file number=00180 name=+DG_BPMPROD/bpmprod/datafile/dev_soainfra.451.1144503593
input datafile file number=00034 name=+DG_BPMPROD/bpmprod/datafile/dev_soainfra.294.1049770825
input datafile file number=00047 name=+DG_BPMPROD/bpmprod/datafile/dev_soainfra.291.1049770753
input datafile file number=00202 name=+DG_BPMPROD/bpmprod/datafile/dev_soainfra.473.1152838865
input datafile file number=00157 name=+DG_BPMPROD/bpmprod/datafile/dev_soainfra.428.1138724169
input datafile file number=00163 name=+DG_BPMPROD/bpmprod/datafile/dev_soainfra.434.1139412489
input datafile file number=00170 name=+DG_BPMPROD/bpmprod/datafile/dev_soainfra.441.1143039491
input datafile file number=00178 name=+DG_BPMPROD/bpmprod/datafile/dev_soainfra.449.1144335065
input datafile file number=00187 name=+DG_BPMPROD/bpmprod/datafile/dev_soainfra.458.1146240805
input datafile file number=00194 name=+DG_BPMPROD/bpmprod/datafile/dev_soainfra.465.1148555903
input datafile file number=00204 name=+DG_BPMPROD/bpmprod/datafile/dev_soainfra.475.1152979773
input datafile file number=00210 name=+DG_BPMPROD/bpmprod/datafile/dev_soainfra.481.1153990619
input datafile file number=00216 name=+DG_BPMPROD/bpmprod/datafile/dev_soainfra.487.1154699081
input datafile file number=00222 name=+DG_BPMPROD/bpmprod/datafile/dev_soainfra.493.1155900889
input datafile file number=00228 name=+DG_BPMPROD/bpmprod/datafile/dev_soainfra.499.1157191173
input datafile file number=00235 name=+DG_BPMPROD/bpmprod/datafile/dev_soainfra.506.1158054547
input datafile file number=00241 name=+DG_BPMPROD/bpmprod/datafile/dev_soainfra.512.1159607679
input datafile file number=00247 name=+DG_BPMPROD/bpmprod/datafile/dev_soainfra.518.1161361761
input datafile file number=00254 name=+DG_BPMPROD/bpmprod/datafile/dev_soainfra.525.1163440059
input datafile file number=00262 name=+DG_BPMPROD/bpmprod/datafile/dev_soainfra.533.1164532577
input datafile file number=00268 name=+DG_BPMPROD/bpmprod/datafile/dev_soainfra.539.1166443191
input datafile file number=00274 name=+DG_BPMPROD/bpmprod/datafile/dev_soainfra.545.1168965563
input datafile file number=00280 name=+DG_BPMPROD/bpmprod/datafile/dev_soainfra.551.1169630373
input datafile file number=00286 name=+DG_BPMPROD/bpmprod/datafile/dev_soainfra.557.1169655593
input datafile file number=00292 name=+DG_BPMPROD/bpmprod/datafile/dev_soainfra.563.1170695951
input datafile file number=00298 name=+DG_BPMPROD/bpmprod/datafile/dev_soainfra.569.1171623543
input datafile file number=00304 name=+DG_BPMPROD/bpmprod/datafile/dev_soainfra.575.1173185107
input datafile file number=00310 name=+DG_BPMPROD/bpmprod/datafile/dev_soainfra.581.1176385417
input datafile file number=00326 name=+DG_BPMPROD/bpmprod/datafile/dev_soainfra.597.1182333439
input datafile file number=00335 name=+DG_BPMPROD/bpmprod/datafile/dev_soainfra.606.1188470221
input datafile file number=00341 name=+DG_BPMPROD/bpmprod/datafile/dev_soainfra.612.1201706417
input datafile file number=00192 name=+DG_BPMPROD/bpmprod/datafile/dev_soainfra.463.1147858177
input datafile file number=00330 name=+DG_BPMPROD/bpmprod/datafile/dev_soainfra.601.1185121105
input datafile file number=00054 name=+DG_BPMPROD/bpmprod/datafile/undotb1.303.1049771449
input datafile file number=00055 name=+DG_BPMPROD/bpmprod/datafile/undotb2.304.1049771521
input datafile file number=00016 name=+DG_BPMPROD/bpmprod/datafile/dev_mds.260.1049769735
channel ch4: starting piece 1 at 20-JUN-25
channel ch3: finished piece 1 at 20-JUN-25
piece handle=3fc90592-511f-4200-aedc-48597064f4c8/RMAN_incr_1062634547_BPMPROD_20250620_k83seip4_1_1.vab tag=FULL_BPMPROD_13062025_22H00 comment=API Version 2.0,MMS Version 12.3.0.54
channel ch3: backup set complete, elapsed time: 00:45:32
channel ch3: starting compressed incremental level 1 datafile backup set
channel ch3: specifying datafile(s) in backup set
input datafile file number=00027 name=+DG_BPMPROD/bpmprod/datafile/dev_soainfra.263.1049770057
input datafile file number=00039 name=+DG_BPMPROD/bpmprod/datafile/dev_soainfra.286.1049770683
input datafile file number=00050 name=+DG_BPMPROD/bpmprod/datafile/dev_soainfra.293.1049770789
input datafile file number=00062 name=+DG_BPMPROD/bpmprod/datafile/dev_soainfra.333.1070011639
input datafile file number=00073 name=+DG_BPMPROD/bpmprod/datafile/dev_soainfra.344.1076433837
input datafile file number=00079 name=+DG_BPMPROD/bpmprod/datafile/dev_soainfra.350.1079275427
input datafile file number=00086 name=+DG_BPMPROD/bpmprod/datafile/dev_soainfra.357.1080818031
input datafile file number=00013 name=+DG_BPMPROD/bpmprod/datafile/dev_soainfra.268.1049770225
input datafile file number=00045 name=+DG_BPMPROD/bpmprod/datafile/dev_soainfra.320.1054375827
input datafile file number=00092 name=+DG_BPMPROD/bpmprod/datafile/dev_soainfra.363.1102163189
input datafile file number=00098 name=+DG_BPMPROD/bpmprod/datafile/dev_soainfra.369.1105437897
input datafile file number=00104 name=+DG_BPMPROD/bpmprod/datafile/dev_soainfra.375.1106388193
input datafile file number=00110 name=+DG_BPMPROD/bpmprod/datafile/dev_soainfra.381.1111923691
input datafile file number=00116 name=+DG_BPMPROD/bpmprod/datafile/dev_soainfra.387.1114000667
input datafile file number=00123 name=+DG_BPMPROD/bpmprod/datafile/dev_soainfra.394.1118650175
input datafile file number=00129 name=+DG_BPMPROD/bpmprod/datafile/dev_soainfra.400.1119528565
input datafile file number=00137 name=+DG_BPMPROD/bpmprod/datafile/dev_soainfra.408.1125653141
input datafile file number=00145 name=+DG_BPMPROD/bpmprod/datafile/dev_soainfra.416.1132077937
input datafile file number=00151 name=+DG_BPMPROD/bpmprod/datafile/dev_soainfra.422.1136050957
input datafile file number=00248 name=+DG_BPMPROD/bpmprod/datafile/dev_soainfra.519.1162727851
input datafile file number=00059 name=+DG_BPMPROD/bpmprod/datafile/dev_soainfra.330.1062347631
input datafile file number=00049 name=+DG_BPMPROD/bpmprod/datafile/dev_soainfra.292.1049770789
input datafile file number=00130 name=+DG_BPMPROD/bpmprod/datafile/dev_soainfra.401.1121446753
input datafile file number=00154 name=+DG_BPMPROD/bpmprod/datafile/dev_soainfra.425.1136051191
input datafile file number=00160 name=+DG_BPMPROD/bpmprod/datafile/dev_soainfra.431.1138724329
input datafile file number=00167 name=+DG_BPMPROD/bpmprod/datafile/dev_soainfra.438.1143022361
input datafile file number=00175 name=+DG_BPMPROD/bpmprod/datafile/dev_soainfra.446.1144315241
input datafile file number=00184 name=+DG_BPMPROD/bpmprod/datafile/dev_soainfra.455.1145786331
input datafile file number=00190 name=+DG_BPMPROD/bpmprod/datafile/dev_soainfra.461.1146993661
input datafile file number=00197 name=+DG_BPMPROD/bpmprod/datafile/dev_soainfra.468.1149263741
input datafile file number=00207 name=+DG_BPMPROD/bpmprod/datafile/dev_soainfra.478.1153051841
input datafile file number=00213 name=+DG_BPMPROD/bpmprod/datafile/dev_soainfra.484.1154078369
input datafile file number=00219 name=+DG_BPMPROD/bpmprod/datafile/dev_soainfra.490.1154777007
input datafile file number=00225 name=+DG_BPMPROD/bpmprod/datafile/dev_soainfra.496.1156589255
input datafile file number=00232 name=+DG_BPMPROD/bpmprod/datafile/dev_soainfra.503.1157381003
input datafile file number=00238 name=+DG_BPMPROD/bpmprod/datafile/dev_soainfra.509.1159004225
input datafile file number=00244 name=+DG_BPMPROD/bpmprod/datafile/dev_soainfra.515.1161359333
input datafile file number=00251 name=+DG_BPMPROD/bpmprod/datafile/dev_soainfra.522.1163439873
input datafile file number=00258 name=+DG_BPMPROD/bpmprod/datafile/dev_soainfra.529.1164297955
input datafile file number=00265 name=+DG_BPMPROD/bpmprod/datafile/dev_soainfra.536.1166442043
input datafile file number=00271 name=+DG_BPMPROD/bpmprod/datafile/dev_soainfra.542.1168249443
input datafile file number=00277 name=+DG_BPMPROD/bpmprod/datafile/dev_soainfra.548.1168966127
input datafile file number=00283 name=+DG_BPMPROD/bpmprod/datafile/dev_soainfra.554.1169655401
input datafile file number=00289 name=+DG_BPMPROD/bpmprod/datafile/dev_soainfra.560.1170692545
input datafile file number=00295 name=+DG_BPMPROD/bpmprod/datafile/dev_soainfra.566.1171623267
input datafile file number=00301 name=+DG_BPMPROD/bpmprod/datafile/dev_soainfra.572.1173184881
input datafile file number=00307 name=+DG_BPMPROD/bpmprod/datafile/dev_soainfra.578.1173952851
input datafile file number=00315 name=+DG_BPMPROD/bpmprod/datafile/dev_soainfra.586.1177667287
input datafile file number=00332 name=+DG_BPMPROD/bpmprod/datafile/dev_soainfra.603.1188469893
input datafile file number=00338 name=+DG_BPMPROD/bpmprod/datafile/dev_soainfra.609.1196675941
input datafile file number=00035 name=+DG_BPMPROD/bpmprod/datafile/dev_soainfra.279.1049770511
input datafile file number=00319 name=+DG_BPMPROD/bpmprod/datafile/dev_soainfra.590.1178794671
input datafile file number=00261 name=+DG_BPMPROD/bpmprod/datafile/dev_soainfra.532.1164520801
input datafile file number=00066 name=+DG_BPMPROD/bpmprod/datafile/sysaux.337.1074071697
input datafile file number=00001 name=+DG_BPMPROD/bpmprod/datafile/system.305.1049771789
input datafile file number=00022 name=+DG_BPMPROD/bpmprod/datafile/system.306.1049771789
input datafile file number=00009 name=+DG_BPMPROD/bpmprod/datafile/dev_orabam.297.1049771039
input datafile file number=00011 name=+DG_BPMPROD/bpmprod/datafile/dev_ias_opss.302.1049771183
input datafile file number=00018 name=+DG_BPMPROD/bpmprod/datafile/dev_ias_opss.301.1049771183
input datafile file number=00017 name=+DG_BPMPROD/bpmprod/datafile/dev_orabam.298.1049771039
input datafile file number=00020 name=+DG_BPMPROD/bpmprod/datafile/leasing.300.1049771109
input datafile file number=00010 name=+DG_BPMPROD/bpmprod/datafile/leasing.299.1049771109
channel ch3: starting piece 1 at 20-JUN-25
channel ch1: finished piece 1 at 20-JUN-25
piece handle=3fc90592-511f-4200-aedc-48597064f4c8/RMAN_incr_1062634547_BPMPROD_20250620_k63seip1_1_1.vab tag=FULL_BPMPROD_13062025_22H00 comment=API Version 2.0,MMS Version 12.3.0.54
channel ch1: backup set complete, elapsed time: 00:45:54
channel ch1: starting compressed incremental level 1 datafile backup set
channel ch1: specifying datafile(s) in backup set
channel ch2: finished piece 1 at 20-JUN-25
piece handle=3fc90592-511f-4200-aedc-48597064f4c8/RMAN_incr_1062634547_BPMPROD_20250620_k73seip2_1_1.vab tag=FULL_BPMPROD_13062025_22H00 comment=API Version 2.0,MMS Version 12.3.0.54
channel ch2: backup set complete, elapsed time: 00:45:52
including current control file in backup set
channel ch1: starting piece 1 at 20-JUN-25
channel ch1: finished piece 1 at 20-JUN-25
piece handle=3fc90592-511f-4200-aedc-48597064f4c8/RMAN_incr_1062634547_BPMPROD_20250620_kc3self4_1_1.vab tag=FULL_BPMPROD_13062025_22H00 comment=API Version 2.0,MMS Version 12.3.0.54
channel ch1: backup set complete, elapsed time: 00:00:15
channel ch3: finished piece 1 at 20-JUN-25
piece handle=3fc90592-511f-4200-aedc-48597064f4c8/RMAN_incr_1062634547_BPMPROD_20250620_kb3selei_1_1.vab tag=FULL_BPMPROD_13062025_22H00 comment=API Version 2.0,MMS Version 12.3.0.54
channel ch3: backup set complete, elapsed time: 00:23:34
channel ch4: finished piece 1 at 20-JUN-25
piece handle=3fc90592-511f-4200-aedc-48597064f4c8/RMAN_incr_1062634547_BPMPROD_20250620_ka3selee_1_1.vab tag=FULL_BPMPROD_13062025_22H00 comment=API Version 2.0,MMS Version 12.3.0.54
channel ch4: backup set complete, elapsed time: 00:23:49

backup will be obsolete on date 27-JUN-25
archived logs required to recover from this backup will be backed up
channel ch1: starting compressed full datafile backup set
channel ch1: specifying datafile(s) in backup set
including current SPFILE in backup set
channel ch1: starting piece 1 at 20-JUN-25
channel ch1: finished piece 1 at 20-JUN-25
piece handle=3fc90592-511f-4200-aedc-48597064f4c8/RMAN_incr_1062634547_BPMPROD_20250620_kd3semr6_1_1.vab tag=FULL_BPMPROD_13062025_22H00 comment=API Version 2.0,MMS Version 12.3.0.54
channel ch1: backup set complete, elapsed time: 00:00:25

current log archived
backup will be obsolete on date 27-JUN-25
archived logs required to recover from this backup will be backed up
channel ch1: starting compressed archived log backup set
channel ch1: specifying archived log(s) in backup set
input archived log thread=1 sequence=526942 RECID=1052993 STAMP=1204243218
channel ch1: starting piece 1 at 20-JUN-25
channel ch2: starting compressed archived log backup set
channel ch2: specifying archived log(s) in backup set
input archived log thread=2 sequence=526655 RECID=1052995 STAMP=1204247427
channel ch2: starting piece 1 at 20-JUN-25
channel ch3: starting compressed archived log backup set
channel ch3: specifying archived log(s) in backup set
input archived log thread=1 sequence=526943 RECID=1052994 STAMP=1204247424
channel ch3: starting piece 1 at 20-JUN-25
channel ch2: finished piece 1 at 20-JUN-25
piece handle=3fc90592-511f-4200-aedc-48597064f4c8/RMAN_incr_1062634547_BPMPROD_20250620_kf3sems4_1_1.vab tag=FULL_BPMPROD_13062025_22H00 comment=API Version 2.0,MMS Version 12.3.0.54
channel ch2: backup set complete, elapsed time: 00:00:07
channel ch3: finished piece 1 at 20-JUN-25
piece handle=3fc90592-511f-4200-aedc-48597064f4c8/RMAN_incr_1062634547_BPMPROD_20250620_kg3sems4_1_1.vab tag=FULL_BPMPROD_13062025_22H00 comment=API Version 2.0,MMS Version 12.3.0.54
channel ch3: backup set complete, elapsed time: 00:00:07
channel ch1: finished piece 1 at 20-JUN-25
piece handle=3fc90592-511f-4200-aedc-48597064f4c8/RMAN_incr_1062634547_BPMPROD_20250620_ke3sems4_1_1.vab tag=FULL_BPMPROD_13062025_22H00 comment=API Version 2.0,MMS Version 12.3.0.54
channel ch1: backup set complete, elapsed time: 00:00:15

backup will be obsolete on date 27-JUN-25
archived logs required to recover from this backup will be backed up
channel ch1: starting compressed full datafile backup set
channel ch1: specifying datafile(s) in backup set
including current control file in backup set
channel ch1: starting piece 1 at 20-JUN-25
channel ch1: finished piece 1 at 20-JUN-25
piece handle=3fc90592-511f-4200-aedc-48597064f4c8/RMAN_incr_1062634547_BPMPROD_20250620_kh3semsj_1_1.vab tag=FULL_BPMPROD_13062025_22H00 comment=API Version 2.0,MMS Version 12.3.0.54
channel ch1: backup set complete, elapsed time: 00:00:07
Finished backup at 20-JUN-25

Starting backup at 20-JUN-25
current log archived
backup will be obsolete on date 27-JUN-25
archived logs required to recover from this backup will be backed up
skipping archived log of thread 1 with sequence 526935; already backed up
skipping archived logs of thread 1 from sequence 526942 to 526943; already backed up
skipping archived log of thread 2 with sequence 526655; already backed up
channel ch1: starting compressed archived log backup set
channel ch1: specifying archived log(s) in backup set
input archived log thread=1 sequence=526939 RECID=1052987 STAMP=1204195885
input archived log thread=2 sequence=526651 RECID=1052986 STAMP=1204192656
input archived log thread=2 sequence=526652 RECID=1052989 STAMP=1204214429
channel ch1: starting piece 1 at 20-JUN-25
channel ch2: starting compressed archived log backup set
channel ch2: specifying archived log(s) in backup set
input archived log thread=1 sequence=526940 RECID=1052988 STAMP=1204212165
input archived log thread=1 sequence=526941 RECID=1052990 STAMP=1204231206
input archived log thread=2 sequence=526653 RECID=1052991 STAMP=1204233452
channel ch2: starting piece 1 at 20-JUN-25
channel ch3: starting compressed archived log backup set
channel ch3: specifying archived log(s) in backup set
input archived log thread=2 sequence=526654 RECID=1052992 STAMP=1204243217
input archived log thread=1 sequence=526944 RECID=1052997 STAMP=1204247466
input archived log thread=2 sequence=526656 RECID=1052996 STAMP=1204247465
channel ch3: starting piece 1 at 20-JUN-25
channel ch4: deleting archived log(s)
archived log file name=+DG_FRA/bpmprod/archivelog/2025_06_18/thread_1_seq_526935.1006.1204144361 RECID=1052978 STAMP=1204144362
archived log file name=+DG_FRA/bpmprod/archivelog/2025_06_20/thread_1_seq_526942.12618.1204243217 RECID=1052993 STAMP=1204243218
archived log file name=+DG_FRA/bpmprod/archivelog/2025_06_20/thread_1_seq_526943.12215.1204247423 RECID=1052994 STAMP=1204247424
archived log file name=+DG_FRA/bpmprod/archivelog/2025_06_20/thread_2_seq_526655.11687.1204247427 RECID=1052995 STAMP=1204247427
channel ch3: finished piece 1 at 20-JUN-25
piece handle=3fc90592-511f-4200-aedc-48597064f4c8/RMAN_incr_1062634547_BPMPROD_20250620_kk3semtc_1_1.vab tag=FULL_BPMPROD_13062025_22H00 comment=API Version 2.0,MMS Version 12.3.0.54
channel ch3: backup set complete, elapsed time: 00:00:16
channel ch3: deleting archived log(s)
archived log file name=+DG_FRA/bpmprod/archivelog/2025_06_20/thread_2_seq_526654.11031.1204243217 RECID=1052992 STAMP=1204243217
archived log file name=+DG_FRA/bpmprod/archivelog/2025_06_20/thread_1_seq_526944.12260.1204247467 RECID=1052997 STAMP=1204247466
archived log file name=+DG_FRA/bpmprod/archivelog/2025_06_20/thread_2_seq_526656.10895.1204247465 RECID=1052996 STAMP=1204247465
channel ch1: finished piece 1 at 20-JUN-25
piece handle=3fc90592-511f-4200-aedc-48597064f4c8/RMAN_incr_1062634547_BPMPROD_20250620_ki3semtc_1_1.vab tag=FULL_BPMPROD_13062025_22H00 comment=API Version 2.0,MMS Version 12.3.0.54
channel ch1: backup set complete, elapsed time: 00:00:46
channel ch1: deleting archived log(s)
archived log file name=+DG_FRA/bpmprod/archivelog/2025_06_19/thread_1_seq_526939.13054.1204195885 RECID=1052987 STAMP=1204195885
archived log file name=+DG_FRA/bpmprod/archivelog/2025_06_19/thread_2_seq_526651.12318.1204192655 RECID=1052986 STAMP=1204192656
archived log file name=+DG_FRA/bpmprod/archivelog/2025_06_19/thread_2_seq_526652.12311.1204214429 RECID=1052989 STAMP=1204214429
channel ch2: finished piece 1 at 20-JUN-25
piece handle=3fc90592-511f-4200-aedc-48597064f4c8/RMAN_incr_1062634547_BPMPROD_20250620_kj3semtc_1_1.vab tag=FULL_BPMPROD_13062025_22H00 comment=API Version 2.0,MMS Version 12.3.0.54
channel ch2: backup set complete, elapsed time: 00:00:46
channel ch2: deleting archived log(s)
archived log file name=+DG_FRA/bpmprod/archivelog/2025_06_19/thread_1_seq_526940.12834.1204212165 RECID=1052988 STAMP=1204212165
archived log file name=+DG_FRA/bpmprod/archivelog/2025_06_19/thread_1_seq_526941.12685.1204231205 RECID=1052990 STAMP=1204231206
archived log file name=+DG_FRA/bpmprod/archivelog/2025_06_19/thread_2_seq_526653.5151.1204233451 RECID=1052991 STAMP=1204233452
Finished backup at 20-JUN-25

released channel: ch1

released channel: ch2

released channel: ch3

released channel: ch4

RMAN retention policy will be applied to the command
RMAN retention policy is set to redundancy 1
allocated channel: ORA_DISK_1
channel ORA_DISK_1: SID=315 instance=bpmprod1 device type=DISK
allocated channel: ORA_DISK_2
channel ORA_DISK_2: SID=1437 instance=bpmprod1 device type=DISK
allocated channel: ORA_SBT_TAPE_1
channel ORA_SBT_TAPE_1: SID=2018 instance=bpmprod1 device type=SBT_TAPE
channel ORA_SBT_TAPE_1: Veeam Plug-in for Oracle RMAN
allocated channel: ORA_SBT_TAPE_2
channel ORA_SBT_TAPE_2: SID=31 instance=bpmprod1 device type=SBT_TAPE
channel ORA_SBT_TAPE_2: Veeam Plug-in for Oracle RMAN
allocated channel: ORA_SBT_TAPE_3
channel ORA_SBT_TAPE_3: SID=1745 instance=bpmprod1 device type=SBT_TAPE
channel ORA_SBT_TAPE_3: Veeam Plug-in for Oracle RMAN
allocated channel: ORA_SBT_TAPE_4
channel ORA_SBT_TAPE_4: SID=597 instance=bpmprod1 device type=SBT_TAPE
channel ORA_SBT_TAPE_4: Veeam Plug-in for Oracle RMAN
Deleting the following obsolete backups and copies:
Type                 Key    Completion Time    Filename/Handle
-------------------- ------ ------------------ --------------------
Backup Set           50536  13-JUN-25         
  Backup Piece       87912  13-JUN-25          3fc90592-511f-4200-aedc-48597064f4c8/RMAN_incr_1062634547_BPMPROD_20250613_tn3rs450_1_1.vab
Backup Set           50535  13-JUN-25         
  Backup Piece       87911  13-JUN-25          3fc90592-511f-4200-aedc-48597064f4c8/RMAN_incr_1062634547_BPMPROD_20250613_to3rs452_1_1.vab
Backup Set           50534  13-JUN-25         
  Backup Piece       87910  13-JUN-25          3fc90592-511f-4200-aedc-48597064f4c8/RMAN_incr_1062634547_BPMPROD_20250613_tp3rs454_1_1.vab
Backup Set           50537  13-JUN-25         
  Backup Piece       87913  13-JUN-25          3fc90592-511f-4200-aedc-48597064f4c8/RMAN_incr_1062634547_BPMPROD_20250613_tq3rs456_1_1.vab
Backup Set           50540  13-JUN-25         
  Backup Piece       87916  13-JUN-25          3fc90592-511f-4200-aedc-48597064f4c8/RMAN_incr_1062634547_BPMPROD_20250613_tr3rs6oi_1_1.vab
Backup Set           50539  13-JUN-25         
  Backup Piece       87915  13-JUN-25          3fc90592-511f-4200-aedc-48597064f4c8/RMAN_incr_1062634547_BPMPROD_20250613_ts3rs6p2_1_1.vab
Backup Set           50538  13-JUN-25         
  Backup Piece       87914  13-JUN-25          3fc90592-511f-4200-aedc-48597064f4c8/RMAN_incr_1062634547_BPMPROD_20250613_tt3rs6pd_1_1.vab
Backup Set           50541  13-JUN-25         
  Backup Piece       87917  13-JUN-25          3fc90592-511f-4200-aedc-48597064f4c8/RMAN_incr_1062634547_BPMPROD_20250613_tu3rs888_1_1.vab
Backup Set           50544  13-JUN-25         
  Backup Piece       87920  13-JUN-25          3fc90592-511f-4200-aedc-48597064f4c8/RMAN_incr_1062634547_BPMPROD_20250613_tv3rs88s_1_1.vab
Backup Set           50543  13-JUN-25         
  Backup Piece       87919  13-JUN-25          3fc90592-511f-4200-aedc-48597064f4c8/RMAN_incr_1062634547_BPMPROD_20250613_u03rs88s_1_1.vab
Backup Set           50542  13-JUN-25         
  Backup Piece       87918  13-JUN-25          3fc90592-511f-4200-aedc-48597064f4c8/RMAN_incr_1062634547_BPMPROD_20250613_u13rs88s_1_1.vab
Backup Set           50545  13-JUN-25         
  Backup Piece       87921  13-JUN-25          3fc90592-511f-4200-aedc-48597064f4c8/RMAN_incr_1062634547_BPMPROD_20250613_u23rs89m_1_1.vab
Backup Set           50547  13-JUN-25         
  Backup Piece       87923  13-JUN-25          3fc90592-511f-4200-aedc-48597064f4c8/RMAN_incr_1062634547_BPMPROD_20250613_u33rs8af_1_1.vab
Backup Set           50548  13-JUN-25         
  Backup Piece       87924  13-JUN-25          3fc90592-511f-4200-aedc-48597064f4c8/RMAN_incr_1062634547_BPMPROD_20250613_u43rs8af_1_1.vab
Backup Set           50546  13-JUN-25         
  Backup Piece       87922  13-JUN-25          3fc90592-511f-4200-aedc-48597064f4c8/RMAN_incr_1062634547_BPMPROD_20250613_u53rs8af_1_1.vab
deleted backup piece
backup piece handle=3fc90592-511f-4200-aedc-48597064f4c8/RMAN_incr_1062634547_BPMPROD_20250613_tn3rs450_1_1.vab RECID=87912 STAMP=1203638435
deleted backup piece
backup piece handle=3fc90592-511f-4200-aedc-48597064f4c8/RMAN_incr_1062634547_BPMPROD_20250613_to3rs452_1_1.vab RECID=87911 STAMP=1203638437
deleted backup piece
backup piece handle=3fc90592-511f-4200-aedc-48597064f4c8/RMAN_incr_1062634547_BPMPROD_20250613_tp3rs454_1_1.vab RECID=87910 STAMP=1203638439
deleted backup piece
backup piece handle=3fc90592-511f-4200-aedc-48597064f4c8/RMAN_incr_1062634547_BPMPROD_20250613_tq3rs456_1_1.vab RECID=87913 STAMP=1203638440
deleted backup piece
backup piece handle=3fc90592-511f-4200-aedc-48597064f4c8/RMAN_incr_1062634547_BPMPROD_20250613_tr3rs6oi_1_1.vab RECID=87916 STAMP=1203641116
deleted backup piece
backup piece handle=3fc90592-511f-4200-aedc-48597064f4c8/RMAN_incr_1062634547_BPMPROD_20250613_ts3rs6p2_1_1.vab RECID=87915 STAMP=1203641135
deleted backup piece
backup piece handle=3fc90592-511f-4200-aedc-48597064f4c8/RMAN_incr_1062634547_BPMPROD_20250613_tt3rs6pd_1_1.vab RECID=87914 STAMP=1203641136
deleted backup piece
backup piece handle=3fc90592-511f-4200-aedc-48597064f4c8/RMAN_incr_1062634547_BPMPROD_20250613_tu3rs888_1_1.vab RECID=87917 STAMP=1203642632
deleted backup piece
backup piece handle=3fc90592-511f-4200-aedc-48597064f4c8/RMAN_incr_1062634547_BPMPROD_20250613_tv3rs88s_1_1.vab RECID=87920 STAMP=1203642652
deleted backup piece
backup piece handle=3fc90592-511f-4200-aedc-48597064f4c8/RMAN_incr_1062634547_BPMPROD_20250613_u03rs88s_1_1.vab RECID=87919 STAMP=1203642652
deleted backup piece
backup piece handle=3fc90592-511f-4200-aedc-48597064f4c8/RMAN_incr_1062634547_BPMPROD_20250613_u13rs88s_1_1.vab RECID=87918 STAMP=1203642652
deleted backup piece
backup piece handle=3fc90592-511f-4200-aedc-48597064f4c8/RMAN_incr_1062634547_BPMPROD_20250613_u23rs89m_1_1.vab RECID=87921 STAMP=1203642679
deleted backup piece
backup piece handle=3fc90592-511f-4200-aedc-48597064f4c8/RMAN_incr_1062634547_BPMPROD_20250613_u33rs8af_1_1.vab RECID=87923 STAMP=1203642703
deleted backup piece
backup piece handle=3fc90592-511f-4200-aedc-48597064f4c8/RMAN_incr_1062634547_BPMPROD_20250613_u43rs8af_1_1.vab RECID=87924 STAMP=1203642703
deleted backup piece
backup piece handle=3fc90592-511f-4200-aedc-48597064f4c8/RMAN_incr_1062634547_BPMPROD_20250613_u53rs8af_1_1.vab RECID=87922 STAMP=1203642703
Deleted 15 objects


RMAN> 

List of Backup Sets
===================


BS Key  Type LV Size       Device Type Elapsed Time Completion Time
------- ---- -- ---------- ----------- ------------ ---------------
50873   Full    8.00M      SBT_TAPE    00:00:14     14-JUN-25      
        BP Key: 88566   Status: AVAILABLE  Compressed: YES  Tag: FULL_BPMPROD_13062025_22H00
        Handle: 3fc90592-511f-4200-aedc-48597064f4c8/RMAN_full_1062634547_BPMPROD_20250614_i73s16u3_1_1.vab   Media: {3fc90592-511f-4200-aedc-48597064f4c8}
        Keep: BACKUP_LOGS        Until: 14-JUL-25      
  SPFILE Included: Modification time: 10-JUN-25
  SPFILE db_unique_name: BPMPROD

BS Key  Type LV Size       Device Type Elapsed Time Completion Time
------- ---- -- ---------- ----------- ------------ ---------------
50893   Full    8.00M      SBT_TAPE    00:00:15     17-JUN-25      
        BP Key: 88586   Status: AVAILABLE  Compressed: YES  Tag: FULL_BPMPROD_13062025_22H00
        Handle: 3fc90592-511f-4200-aedc-48597064f4c8/RMAN_incr_1062634547_BPMPROD_20250617_ir3s6po9_1_1.vab   Media: {3fc90592-511f-4200-aedc-48597064f4c8}
        Keep: BACKUP_LOGS        Until: 24-JUN-25      
  SPFILE Included: Modification time: 10-JUN-25
  SPFILE db_unique_name: BPMPROD

BS Key  Type LV Size       Device Type Elapsed Time Completion Time
------- ---- -- ---------- ----------- ------------ ---------------
50909   Full    8.00M      SBT_TAPE    00:00:10     18-JUN-25      
        BP Key: 88602   Status: AVAILABLE  Compressed: YES  Tag: FULL_BPMPROD_13062025_22H00
        Handle: 3fc90592-511f-4200-aedc-48597064f4c8/RMAN_incr_1062634547_BPMPROD_20250618_jb3s9e2j_1_1.vab   Media: {3fc90592-511f-4200-aedc-48597064f4c8}
        Keep: BACKUP_LOGS        Until: 25-JUN-25      
  SPFILE Included: Modification time: 10-JUN-25
  SPFILE db_unique_name: BPMPROD

BS Key  Type LV Size       Device Type Elapsed Time Completion Time
------- ---- -- ---------- ----------- ------------ ---------------
50926   Full    8.00M      SBT_TAPE    00:00:17     19-JUN-25      
        BP Key: 88619   Status: AVAILABLE  Compressed: YES  Tag: FULL_BPMPROD_13062025_22H00
        Handle: 3fc90592-511f-4200-aedc-48597064f4c8/RMAN_incr_1062634547_BPMPROD_20250619_js3sc2g4_1_1.vab   Media: {3fc90592-511f-4200-aedc-48597064f4c8}
        Keep: BACKUP_LOGS        Until: 26-JUN-25      
  SPFILE Included: Modification time: 10-JUN-25
  SPFILE db_unique_name: BPMPROD

BS Key  Type LV Size       Device Type Elapsed Time Completion Time
------- ---- -- ---------- ----------- ------------ ---------------
50943   Full    8.00M      SBT_TAPE    00:00:20     20-JUN-25      
        BP Key: 88636   Status: AVAILABLE  Compressed: YES  Tag: FULL_BPMPROD_13062025_22H00
        Handle: 3fc90592-511f-4200-aedc-48597064f4c8/RMAN_incr_1062634547_BPMPROD_20250620_kd3semr6_1_1.vab   Media: {3fc90592-511f-4200-aedc-48597064f4c8}
        Keep: BACKUP_LOGS        Until: 27-JUN-25      
  SPFILE Included: Modification time: 10-JUN-25
  SPFILE db_unique_name: BPMPROD

RMAN> 

List of Backup Sets
===================


BS Key  Type LV Size       Device Type Elapsed Time Completion Time
------- ---- -- ---------- ----------- ------------ ---------------
50869   Incr 0  16.00M     SBT_TAPE    00:00:12     14-JUN-25      
        BP Key: 88560   Status: AVAILABLE  Compressed: YES  Tag: FULL_BPMPROD_13062025_22H00
        Handle: 3fc90592-511f-4200-aedc-48597064f4c8/RMAN_full_1062634547_BPMPROD_20250614_i63s15aa_1_1.vab   Media: {3fc90592-511f-4200-aedc-48597064f4c8}
        Keep: BACKUP_LOGS        Until: 13-JUL-25      
  Control File Included: Ckp SCN: 42972516090   Ckp time: 14-JUN-25

BS Key  Type LV Size       Device Type Elapsed Time Completion Time
------- ---- -- ---------- ----------- ------------ ---------------
50879   Full    16.00M     SBT_TAPE    00:00:16     14-JUN-25      
        BP Key: 88572   Status: AVAILABLE  Compressed: YES  Tag: FULL_BPMPROD_13062025_22H00
        Handle: 3fc90592-511f-4200-aedc-48597064f4c8/RMAN_full_1062634547_BPMPROD_20250614_id3s173j_1_1.vab   Media: {3fc90592-511f-4200-aedc-48597064f4c8}
        Keep: BACKUP_LOGS        Until: 14-JUL-25      
  Control File Included: Ckp SCN: 42972538569   Ckp time: 14-JUN-25

BS Key  Type LV Size       Device Type Elapsed Time Completion Time
------- ---- -- ---------- ----------- ------------ ---------------
50890   Incr 1  16.00M     SBT_TAPE    00:00:12     17-JUN-25      
        BP Key: 88583   Status: AVAILABLE  Compressed: YES  Tag: FULL_BPMPROD_13062025_22H00
        Handle: 3fc90592-511f-4200-aedc-48597064f4c8/RMAN_incr_1062634547_BPMPROD_20250617_iq3s6obk_1_1.vab   Media: {3fc90592-511f-4200-aedc-48597064f4c8}
        Keep: BACKUP_LOGS        Until: 24-JUN-25      
  Control File Included: Ckp SCN: 42977085822   Ckp time: 17-JUN-25

BS Key  Type LV Size       Device Type Elapsed Time Completion Time
------- ---- -- ---------- ----------- ------------ ---------------
50897   Full    16.00M     SBT_TAPE    00:00:07     17-JUN-25      
        BP Key: 88590   Status: AVAILABLE  Compressed: YES  Tag: FULL_BPMPROD_13062025_22H00
        Handle: 3fc90592-511f-4200-aedc-48597064f4c8/RMAN_incr_1062634547_BPMPROD_20250617_iv3s6ppn_1_1.vab   Media: {3fc90592-511f-4200-aedc-48597064f4c8}
        Keep: BACKUP_LOGS        Until: 24-JUN-25      
  Control File Included: Ckp SCN: 42977321019   Ckp time: 17-JUN-25

BS Key  Type LV Size       Device Type Elapsed Time Completion Time
------- ---- -- ---------- ----------- ------------ ---------------
50906   Incr 1  16.00M     SBT_TAPE    00:00:15     18-JUN-25      
        BP Key: 88599   Status: AVAILABLE  Compressed: YES  Tag: FULL_BPMPROD_13062025_22H00
        Handle: 3fc90592-511f-4200-aedc-48597064f4c8/RMAN_incr_1062634547_BPMPROD_20250618_ja3s9cl6_1_1.vab   Media: {3fc90592-511f-4200-aedc-48597064f4c8}
        Keep: BACKUP_LOGS        Until: 25-JUN-25      
  Control File Included: Ckp SCN: 42979780216   Ckp time: 18-JUN-25

BS Key  Type LV Size       Device Type Elapsed Time Completion Time
------- ---- -- ---------- ----------- ------------ ---------------
50913   Full    16.00M     SBT_TAPE    00:00:07     18-JUN-25      
        BP Key: 88606   Status: AVAILABLE  Compressed: YES  Tag: FULL_BPMPROD_13062025_22H00
        Handle: 3fc90592-511f-4200-aedc-48597064f4c8/RMAN_incr_1062634547_BPMPROD_20250618_jf3s9e3o_1_1.vab   Media: {3fc90592-511f-4200-aedc-48597064f4c8}
        Keep: BACKUP_LOGS        Until: 25-JUN-25      
  Control File Included: Ckp SCN: 42979929577   Ckp time: 18-JUN-25

BS Key  Type LV Size       Device Type Elapsed Time Completion Time
------- ---- -- ---------- ----------- ------------ ---------------
50923   Incr 1  16.00M     SBT_TAPE    00:00:14     19-JUN-25      
        BP Key: 88616   Status: AVAILABLE  Compressed: YES  Tag: FULL_BPMPROD_13062025_22H00
        Handle: 3fc90592-511f-4200-aedc-48597064f4c8/RMAN_incr_1062634547_BPMPROD_20250619_jr3sc131_1_1.vab   Media: {3fc90592-511f-4200-aedc-48597064f4c8}
        Keep: BACKUP_LOGS        Until: 26-JUN-25      
  Control File Included: Ckp SCN: 42981943587   Ckp time: 19-JUN-25

BS Key  Type LV Size       Device Type Elapsed Time Completion Time
------- ---- -- ---------- ----------- ------------ ---------------
50930   Full    16.00M     SBT_TAPE    00:00:07     19-JUN-25      
        BP Key: 88623   Status: AVAILABLE  Compressed: YES  Tag: FULL_BPMPROD_13062025_22H00
        Handle: 3fc90592-511f-4200-aedc-48597064f4c8/RMAN_incr_1062634547_BPMPROD_20250619_k03sc2hi_1_1.vab   Media: {3fc90592-511f-4200-aedc-48597064f4c8}
        Keep: BACKUP_LOGS        Until: 26-JUN-25      
  Control File Included: Ckp SCN: 42982104323   Ckp time: 19-JUN-25

BS Key  Type LV Size       Device Type Elapsed Time Completion Time
------- ---- -- ---------- ----------- ------------ ---------------
50940   Incr 1  16.00M     SBT_TAPE    00:00:16     20-JUN-25      
        BP Key: 88633   Status: AVAILABLE  Compressed: YES  Tag: FULL_BPMPROD_13062025_22H00
        Handle: 3fc90592-511f-4200-aedc-48597064f4c8/RMAN_incr_1062634547_BPMPROD_20250620_kc3self4_1_1.vab   Media: {3fc90592-511f-4200-aedc-48597064f4c8}
        Keep: BACKUP_LOGS        Until: 27-JUN-25      
  Control File Included: Ckp SCN: 42985151843   Ckp time: 20-JUN-25

BS Key  Type LV Size       Device Type Elapsed Time Completion Time
------- ---- -- ---------- ----------- ------------ ---------------
50947   Full    16.00M     SBT_TAPE    00:00:07     20-JUN-25      
        BP Key: 88640   Status: AVAILABLE  Compressed: YES  Tag: FULL_BPMPROD_13062025_22H00
        Handle: 3fc90592-511f-4200-aedc-48597064f4c8/RMAN_incr_1062634547_BPMPROD_20250620_kh3semsj_1_1.vab   Media: {3fc90592-511f-4200-aedc-48597064f4c8}
        Keep: BACKUP_LOGS        Until: 27-JUN-25      
  Control File Included: Ckp SCN: 42985346569   Ckp time: 20-JUN-25

RMAN> 

Recovery Manager complete.
