
Recovery Manager: Release 11.2.0.4.0 - Production on Fri Jul 25 05:00:03 2025

Copyright (c) 1982, 2011, Oracle and/or its affiliates.  All rights reserved.

RMAN> 
connected to target database: TNPRO (DBID=1198730716)

RMAN> 2> 3> 4> 5> 6> 7> 8> 9> 
using target database control file instead of recovery catalog
RMAN-00571: ===========================================================
RMAN-00569: =============== ERROR MESSAGE STACK FOLLOWS ===============
RMAN-00571: ===========================================================
RMAN-03009: failure of allocate command on ch1 channel at 07/25/2025 05:00:35
ORA-19554: error allocating device, device type: SBT_TAPE, device name: 
ORA-27023: skgfqsbi: media manager protocol error
ORA-19511: Error received from media manager layer, error text:
   Failed to connect to plugin manager

RMAN> 

List of Backup Sets
===================


BS Key  Type LV Size       Device Type Elapsed Time Completion Time
------- ---- -- ---------- ----------- ------------ ---------------
17143   Full    8.00M      SBT_TAPE    00:00:11     21-JUL-25      
        BP Key: 21341   Status: AVAILABLE  Compressed: YES  Tag: FULL_TNPRO_21072025_11H52
        Handle: 3fc90592-511f-4200-aedc-48597064f4c8/RMAN_full_1198730716_TNPRO_20250721_im3v4oi0_1_1.vab   Media: {3fc90592-511f-4200-aedc-48597064f4c8}
        Keep: BACKUP_LOGS        Until: 20-AUG-25      
  SPFILE Included: Modification time: 20-JUL-25
  SPFILE db_unique_name: TNPRO

BS Key  Type LV Size       Device Type Elapsed Time Completion Time
------- ---- -- ---------- ----------- ------------ ---------------
17156   Full    8.00M      SBT_TAPE    00:00:06     22-JUL-25      
        BP Key: 21354   Status: AVAILABLE  Compressed: YES  Tag: FULL_TNPRO_21072025_11H52
        Handle: 3fc90592-511f-4200-aedc-48597064f4c8/RMAN_incr_1198730716_TNPRO_20250722_j33v5nsg_1_1.vab   Media: {3fc90592-511f-4200-aedc-48597064f4c8}
        Keep: BACKUP_LOGS        Until: 29-JUL-25      
  SPFILE Included: Modification time: 20-JUL-25
  SPFILE db_unique_name: TNPRO

BS Key  Type LV Size       Device Type Elapsed Time Completion Time
------- ---- -- ---------- ----------- ------------ ---------------
17166   Full    8.00M      SBT_TAPE    00:00:05     23-JUL-25      
        BP Key: 21364   Status: AVAILABLE  Compressed: YES  Tag: FULL_TNPRO_21072025_11H52
        Handle: 3fc90592-511f-4200-aedc-48597064f4c8/RMAN_incr_1198730716_TNPRO_20250723_jf3v9hbp_1_1.vab   Media: {3fc90592-511f-4200-aedc-48597064f4c8}
        Keep: BACKUP_LOGS        Until: 30-JUL-25      
  SPFILE Included: Modification time: 23-JUL-25
  SPFILE db_unique_name: TNPRO

BS Key  Type LV Size       Device Type Elapsed Time Completion Time
------- ---- -- ---------- ----------- ------------ ---------------
17176   Full    8.00M      SBT_TAPE    00:00:04     24-JUL-25      
        BP Key: 21374   Status: AVAILABLE  Compressed: YES  Tag: FULL_TNPRO_21072025_11H52
        Handle: 3fc90592-511f-4200-aedc-48597064f4c8/RMAN_incr_1198730716_TNPRO_20250724_jr3vbllg_1_1.vab   Media: {3fc90592-511f-4200-aedc-48597064f4c8}
        Keep: BACKUP_LOGS        Until: 31-JUL-25      
  SPFILE Included: Modification time: 23-JUL-25
  SPFILE db_unique_name: TNPRO

RMAN> 

List of Backup Sets
===================


BS Key  Type LV Size       Device Type Elapsed Time Completion Time
------- ---- -- ---------- ----------- ------------ ---------------
17141   Incr 0  16.00M     SBT_TAPE    00:00:13     21-JUL-25      
        BP Key: 21338   Status: AVAILABLE  Compressed: YES  Tag: FULL_TNPRO_21072025_11H52
        Handle: 3fc90592-511f-4200-aedc-48597064f4c8/RMAN_full_1198730716_TNPRO_20250721_il3v4n3h_1_1.vab   Media: {3fc90592-511f-4200-aedc-48597064f4c8}
        Keep: BACKUP_LOGS        Until: 20-AUG-25      
  Control File Included: Ckp SCN: 47141908260   Ckp time: 21-JUL-25

BS Key  Type LV Size       Device Type Elapsed Time Completion Time
------- ---- -- ---------- ----------- ------------ ---------------
17147   Full    16.00M     SBT_TAPE    00:00:08     21-JUL-25      
        BP Key: 21345   Status: AVAILABLE  Compressed: YES  Tag: FULL_TNPRO_21072025_11H52
        Handle: 3fc90592-511f-4200-aedc-48597064f4c8/RMAN_full_1198730716_TNPRO_20250721_iq3v4ojd_1_1.vab   Media: {3fc90592-511f-4200-aedc-48597064f4c8}
        Keep: BACKUP_LOGS        Until: 20-AUG-25      
  Control File Included: Ckp SCN: 47141911704   Ckp time: 21-JUL-25

BS Key  Type LV Size       Device Type Elapsed Time Completion Time
------- ---- -- ---------- ----------- ------------ ---------------
17154   Incr 1  16.00M     SBT_TAPE    00:00:07     22-JUL-25      
        BP Key: 21352   Status: AVAILABLE  Compressed: YES  Tag: FULL_TNPRO_21072025_11H52
        Handle: 3fc90592-511f-4200-aedc-48597064f4c8/RMAN_incr_1198730716_TNPRO_20250722_j23v5ns0_1_1.vab   Media: {3fc90592-511f-4200-aedc-48597064f4c8}
        Keep: BACKUP_LOGS        Until: 29-JUL-25      
  Control File Included: Ckp SCN: 47142815071   Ckp time: 22-JUL-25

BS Key  Type LV Size       Device Type Elapsed Time Completion Time
------- ---- -- ---------- ----------- ------------ ---------------
17159   Full    16.00M     SBT_TAPE    00:00:06     22-JUL-25      
        BP Key: 21357   Status: AVAILABLE  Compressed: YES  Tag: FULL_TNPRO_21072025_11H52
        Handle: 3fc90592-511f-4200-aedc-48597064f4c8/RMAN_incr_1198730716_TNPRO_20250722_j63v5nta_1_1.vab   Media: {3fc90592-511f-4200-aedc-48597064f4c8}
        Keep: BACKUP_LOGS        Until: 29-JUL-25      
  Control File Included: Ckp SCN: 47142815142   Ckp time: 22-JUL-25

BS Key  Type LV Size       Device Type Elapsed Time Completion Time
------- ---- -- ---------- ----------- ------------ ---------------
17165   Incr 1  16.00M     SBT_TAPE    00:00:17     23-JUL-25      
        BP Key: 21363   Status: AVAILABLE  Compressed: YES  Tag: FULL_TNPRO_21072025_11H52
        Handle: 3fc90592-511f-4200-aedc-48597064f4c8/RMAN_incr_1198730716_TNPRO_20250723_je3v9hau_1_1.vab   Media: {3fc90592-511f-4200-aedc-48597064f4c8}
        Keep: BACKUP_LOGS        Until: 30-JUL-25      
  Control File Included: Ckp SCN: 47143467625   Ckp time: 23-JUL-25

BS Key  Type LV Size       Device Type Elapsed Time Completion Time
------- ---- -- ---------- ----------- ------------ ---------------
17169   Full    16.00M     SBT_TAPE    00:00:06     23-JUL-25      
        BP Key: 21367   Status: AVAILABLE  Compressed: YES  Tag: FULL_TNPRO_21072025_11H52
        Handle: 3fc90592-511f-4200-aedc-48597064f4c8/RMAN_incr_1198730716_TNPRO_20250723_ji3v9hcn_1_1.vab   Media: {3fc90592-511f-4200-aedc-48597064f4c8}
        Keep: BACKUP_LOGS        Until: 30-JUL-25      
  Control File Included: Ckp SCN: 47143467937   Ckp time: 23-JUL-25

BS Key  Type LV Size       Device Type Elapsed Time Completion Time
------- ---- -- ---------- ----------- ------------ ---------------
17174   Incr 1  16.00M     SBT_TAPE    00:00:09     24-JUL-25      
        BP Key: 21372   Status: AVAILABLE  Compressed: YES  Tag: FULL_TNPRO_21072025_11H52
        Handle: 3fc90592-511f-4200-aedc-48597064f4c8/RMAN_incr_1198730716_TNPRO_20250724_jq3vblkl_1_1.vab   Media: {3fc90592-511f-4200-aedc-48597064f4c8}
        Keep: BACKUP_LOGS        Until: 31-JUL-25      
  Control File Included: Ckp SCN: 47144464687   Ckp time: 24-JUL-25

BS Key  Type LV Size       Device Type Elapsed Time Completion Time
------- ---- -- ---------- ----------- ------------ ---------------
17179   Full    16.00M     SBT_TAPE    00:00:05     24-JUL-25      
        BP Key: 21377   Status: AVAILABLE  Compressed: YES  Tag: FULL_TNPRO_21072025_11H52
        Handle: 3fc90592-511f-4200-aedc-48597064f4c8/RMAN_incr_1198730716_TNPRO_20250724_ju3vblm1_1_1.vab   Media: {3fc90592-511f-4200-aedc-48597064f4c8}
        Keep: BACKUP_LOGS        Until: 31-JUL-25      
  Control File Included: Ckp SCN: 47144464806   Ckp time: 24-JUL-25

RMAN> 

Recovery Manager complete.
