
Recovery Manager: Release 11.2.0.4.0 - Production on Tue Jul 15 19:00:04 2025

Copyright (c) 1982, 2011, Oracle and/or its affiliates.  All rights reserved.

RMAN> 
connected to target database: DB01 (DBID=1485648012)

RMAN> 2> 3> 4> 5> 6> 7> 8> 9> 10> 11> 12> 13> 
using target database control file instead of recovery catalog
allocated channel: ch1
channel ch1: SID=162 instance=db011 device type=SBT_TAPE
channel ch1: Veeam Plug-in for Oracle RMAN

allocated channel: ch2
channel ch2: SID=292 instance=db011 device type=SBT_TAPE
channel ch2: Veeam Plug-in for Oracle RMAN

allocated channel: ch3
channel ch3: SID=308 instance=db011 device type=SBT_TAPE
channel ch3: Veeam Plug-in for Oracle RMAN

allocated channel: ch4
channel ch4: SID=16 instance=db011 device type=SBT_TAPE
channel ch4: Veeam Plug-in for Oracle RMAN

Starting backup at 15-JUL-25
current log archived

backup will be obsolete on date 22-JUL-25
archived logs required to recover from this backup will be backed up
channel ch1: starting compressed incremental level 1 datafile backup set
channel ch1: specifying datafile(s) in backup set
input datafile file number=00006 name=+DG_DB1/db01/datafile/db01_data.259.1047470923
input datafile file number=00045 name=+DG_DB1/db01/datafile/db01_data.307.1059828559
input datafile file number=00049 name=+DG_DB1/db01/datafile/db01_data.311.1063100491
input datafile file number=00054 name=+DG_DB1/db01/datafile/db01_data.316.1066213173
input datafile file number=00058 name=+DG_DB1/db01/datafile/db01_data.320.1068458123
input datafile file number=00072 name=+DG_DB1/db01/datafile/db01_data.330.1074683751
input datafile file number=00076 name=+DG_DB1/db01/datafile/db01_data.334.1076432655
input datafile file number=00080 name=+DG_DB1/db01/datafile/db01_data.338.1077791101
input datafile file number=00087 name=+DG_DB1/db01/datafile/db01_data.345.1083341029
input datafile file number=00003 name=+DG_DB1/db01/datafile/db01_data.291.1050075461
input datafile file number=00013 name=+DG_DB1/db01/datafile/db01_data.264.1047471571
input datafile file number=00019 name=+DG_DB1/db01/datafile/db01_data.269.1047472493
input datafile file number=00024 name=+DG_DB1/db01/datafile/db01_data.277.1048886717
input datafile file number=00031 name=+DG_DB1/db01/datafile/db01_data.293.1051872401
input datafile file number=00035 name=+DG_DB1/db01/datafile/db01_data.297.1053592799
input datafile file number=00039 name=+DG_DB1/db01/datafile/db01_data.301.1055165915
input datafile file number=00043 name=+DG_DB1/db01/datafile/db01_data.305.1056791593
input datafile file number=00081 name=+DG_DB1/db01/datafile/db01_data.339.1078165795
input datafile file number=00097 name=+DG_DB1/db01/datafile/db01_data.355.1096711487
input datafile file number=00101 name=+DG_DB1/db01/datafile/db01_data.359.1099042009
input datafile file number=00105 name=+DG_DB1/db01/datafile/db01_data.363.1105697225
input datafile file number=00109 name=+DG_DB1/db01/datafile/db01_data.367.1113121877
input datafile file number=00113 name=+DG_DB1/db01/datafile/db01_data.371.1114159987
input datafile file number=00117 name=+DG_DB1/db01/datafile/db01_data.375.1134037483
input datafile file number=00092 name=+DG_DB1/db01/datafile/db01_data.350.1093794673
input datafile file number=00010 name=+DG_DB1/db01/datafile/db01_data.262.1047471267
input datafile file number=00018 name=+DG_DB1/db01/datafile/db01_data.268.1047472433
input datafile file number=00012 name=+DG_DB1/db01/datafile/users.263.1047471533
input datafile file number=00070 name=+DG_DB1/db01/datafile/sysaux.280.1073994893
input datafile file number=00030 name=+DG_DB1/db01/datafile/undotb2.285.1048888059
channel ch1: starting piece 1 at 15-JUL-25
channel ch2: starting compressed incremental level 1 datafile backup set
channel ch2: specifying datafile(s) in backup set
input datafile file number=00008 name=+DG_DB1/db01/datafile/db01_idx.256.1047470157
input datafile file number=00047 name=+DG_DB1/db01/datafile/db01_data.309.1059828591
input datafile file number=00052 name=+DG_DB1/db01/datafile/db01_data.314.1064849525
input datafile file number=00056 name=+DG_DB1/db01/datafile/db01_data.318.1067252601
input datafile file number=00068 name=+DG_DB1/db01/datafile/db01_data.283.1070990679
input datafile file number=00074 name=+DG_DB1/db01/datafile/db01_data.332.1075223063
input datafile file number=00078 name=+DG_DB1/db01/datafile/db01_data.336.1077791073
input datafile file number=00085 name=+DG_DB1/db01/datafile/db01_data.343.1081343949
input datafile file number=00089 name=+DG_DB1/db01/datafile/db01_data.347.1083341047
input datafile file number=00005 name=+DG_DB1/db01/datafile/db01_data.292.1050075591
input datafile file number=00015 name=+DG_DB1/db01/datafile/db01_data.266.1047471885
input datafile file number=00021 name=+DG_DB1/db01/datafile/db01_data.271.1047472877
input datafile file number=00026 name=+DG_DB1/db01/datafile/db01_data.275.1048886491
input datafile file number=00033 name=+DG_DB1/db01/datafile/db01_data.295.1052381387
input datafile file number=00037 name=+DG_DB1/db01/datafile/db01_data.299.1053686419
input datafile file number=00041 name=+DG_DB1/db01/datafile/db01_data.303.1055165985
input datafile file number=00059 name=+DG_DB1/db01/datafile/db01_data.321.1068754115
input datafile file number=00095 name=+DG_DB1/db01/datafile/db01_data.353.1096103597
input datafile file number=00099 name=+DG_DB1/db01/datafile/db01_data.357.1098795267
input datafile file number=00103 name=+DG_DB1/db01/datafile/db01_data.361.1103101715
input datafile file number=00107 name=+DG_DB1/db01/datafile/db01_data.365.1111942645
input datafile file number=00111 name=+DG_DB1/db01/datafile/db01_data.369.1113132915
input datafile file number=00115 name=+DG_DB1/db01/datafile/db01_data.373.1116509253
input datafile file number=00119 name=+DG_DB1/db01/datafile/db01_data.377.1143377843
input datafile file number=00094 name=+DG_DB1/db01/datafile/db01_data.352.1094991079
input datafile file number=00065 name=+DG_TNPRO/db01/datafile/db01_data.321.1070921095
input datafile file number=00017 name=+DG_DB1/db01/datafile/db01_idx.258.1047470515
input datafile file number=00022 name=+DG_DB1/db01/datafile/db01_data.274.1048886437
input datafile file number=00071 name=+DG_DB1/db01/datafile/sysaux.281.1073995959
channel ch2: starting piece 1 at 15-JUL-25
channel ch3: starting compressed incremental level 1 datafile backup set
channel ch3: specifying datafile(s) in backup set
input datafile file number=00011 name=+DG_DB1/db01/datafile/db01_idx.257.1047470375
input datafile file number=00048 name=+DG_DB1/db01/datafile/db01_data.310.1063100489
input datafile file number=00053 name=+DG_DB1/db01/datafile/db01_data.315.1065455355
input datafile file number=00057 name=+DG_DB1/db01/datafile/db01_data.319.1067856781
input datafile file number=00069 name=+DG_DB1/db01/datafile/db01_data.282.1072187011
input datafile file number=00075 name=+DG_DB1/db01/datafile/db01_data.333.1075223527
input datafile file number=00079 name=+DG_DB1/db01/datafile/db01_data.337.1077791087
input datafile file number=00086 name=+DG_DB1/db01/datafile/db01_data.344.1083341005
input datafile file number=00090 name=+DG_DB1/db01/datafile/db01_data.348.1083341059
input datafile file number=00009 name=+DG_DB1/db01/datafile/db01_data.261.1047471207
input datafile file number=00016 name=+DG_DB1/db01/datafile/db01_data.267.1047471943
input datafile file number=00023 name=+DG_DB1/db01/datafile/db01_data.276.1048886679
input datafile file number=00027 name=+DG_DB1/db01/datafile/db01_data.279.1048887001
input datafile file number=00034 name=+DG_DB1/db01/datafile/db01_data.296.1052381811
input datafile file number=00038 name=+DG_DB1/db01/datafile/db01_data.300.1054887229
input datafile file number=00042 name=+DG_DB1/db01/datafile/db01_data.304.1056791505
input datafile file number=00060 name=+DG_DB1/db01/datafile/db01_data.322.1068754359
input datafile file number=00096 name=+DG_DB1/db01/datafile/db01_data.354.1096281043
input datafile file number=00100 name=+DG_DB1/db01/datafile/db01_data.358.1098795295
input datafile file number=00104 name=+DG_DB1/db01/datafile/db01_data.362.1103106591
input datafile file number=00108 name=+DG_DB1/db01/datafile/db01_data.366.1113121819
input datafile file number=00112 name=+DG_DB1/db01/datafile/db01_data.370.1113135695
input datafile file number=00116 name=+DG_DB1/db01/datafile/db01_data.374.1134036963
input datafile file number=00028 name=+DG_DB1/db01/datafile/db01_data.273.1048886249
input datafile file number=00091 name=+DG_DB1/db01/datafile/db01_data.349.1089639205
input datafile file number=00083 name=+DG_DB1/db01/datafile/db01_data.341.1080119967
input datafile file number=00062 name=+DG_DB1/db01/datafile/db01_data.324.1070537605
input datafile file number=00066 name=+DG_TNPRO/db01/datafile/db01_idx.322.1070922895
input datafile file number=00001 name=+DG_DB1/db01/datafile/system.287.1048893935
input datafile file number=00050 name=+DG_DB1/db01/datafile/db01_idx.312.1063100517
channel ch3: starting piece 1 at 15-JUL-25
channel ch4: starting compressed incremental level 1 datafile backup set
channel ch4: specifying datafile(s) in backup set
input datafile file number=00007 name=+DG_DB1/db01/datafile/db01_data.260.1047470981
input datafile file number=00046 name=+DG_DB1/db01/datafile/db01_data.308.1059828591
input datafile file number=00051 name=+DG_DB1/db01/datafile/db01_data.313.1064145693
input datafile file number=00055 name=+DG_DB1/db01/datafile/db01_data.317.1067252585
input datafile file number=00061 name=+DG_DB1/db01/datafile/db01_data.323.1069857145
input datafile file number=00073 name=+DG_DB1/db01/datafile/db01_data.331.1074683753
input datafile file number=00077 name=+DG_DB1/db01/datafile/db01_data.335.1077791073
input datafile file number=00084 name=+DG_DB1/db01/datafile/db01_data.342.1081337155
input datafile file number=00088 name=+DG_DB1/db01/datafile/db01_data.346.1083341029
input datafile file number=00004 name=+DG_DB1/db01/datafile/users.272.1048886151
input datafile file number=00014 name=+DG_DB1/db01/datafile/db01_data.265.1047471837
input datafile file number=00020 name=+DG_DB1/db01/datafile/db01_data.270.1047472551
input datafile file number=00025 name=+DG_DB1/db01/datafile/db01_data.278.1048886963
input datafile file number=00032 name=+DG_DB1/db01/datafile/db01_data.294.1052381345
input datafile file number=00036 name=+DG_DB1/db01/datafile/db01_data.298.1053686237
input datafile file number=00040 name=+DG_DB1/db01/datafile/db01_data.302.1055165947
input datafile file number=00044 name=+DG_DB1/db01/datafile/db01_data.306.1058103397
input datafile file number=00082 name=+DG_DB1/db01/datafile/db01_data.340.1078165903
input datafile file number=00098 name=+DG_DB1/db01/datafile/db01_data.356.1098795239
input datafile file number=00102 name=+DG_DB1/db01/datafile/db01_data.360.1103101683
input datafile file number=00106 name=+DG_DB1/db01/datafile/db01_data.364.1105697259
input datafile file number=00110 name=+DG_DB1/db01/datafile/db01_data.368.1113132771
input datafile file number=00114 name=+DG_DB1/db01/datafile/db01_data.372.1114160047
input datafile file number=00118 name=+DG_DB1/db01/datafile/db01_data.376.1143377817
input datafile file number=00093 name=+DG_DB1/db01/datafile/db01_data.351.1093795065
input datafile file number=00064 name=+DG_TNPRO/db01/datafile/db01_data.320.1070920863
input datafile file number=00063 name=+DG_DB1/db01/datafile/db01_data.325.1070537607
input datafile file number=00029 name=+DG_DB1/db01/datafile/undotb1.284.1048888041
input datafile file number=00002 name=+DG_DB1/db01/datafile/sysaux.288.1048893959
input datafile file number=00067 name=+DG_TNPRO/db01/datafile/system.323.1070923033
channel ch4: starting piece 1 at 15-JUL-25
channel ch1: finished piece 1 at 15-JUL-25
piece handle=3fc90592-511f-4200-aedc-48597064f4c8/RMAN_incr_1485648012_DB01_20250715_ac3ul7a8_1_1.vab tag=FULL_DB01_13072025_11H00 comment=API Version 2.0,MMS Version 12.3.0.54
channel ch1: backup set complete, elapsed time: 00:28:10
channel ch1: starting compressed incremental level 1 datafile backup set
channel ch1: specifying datafile(s) in backup set
channel ch2: finished piece 1 at 15-JUL-25
piece handle=3fc90592-511f-4200-aedc-48597064f4c8/RMAN_incr_1485648012_DB01_20250715_ad3ul7a8_1_1.vab tag=FULL_DB01_13072025_11H00 comment=API Version 2.0,MMS Version 12.3.0.54
channel ch2: backup set complete, elapsed time: 00:28:08
channel ch3: finished piece 1 at 15-JUL-25
piece handle=3fc90592-511f-4200-aedc-48597064f4c8/RMAN_incr_1485648012_DB01_20250715_ae3ul7aa_1_1.vab tag=FULL_DB01_13072025_11H00 comment=API Version 2.0,MMS Version 12.3.0.54
channel ch3: backup set complete, elapsed time: 00:28:07
channel ch4: finished piece 1 at 15-JUL-25
piece handle=3fc90592-511f-4200-aedc-48597064f4c8/RMAN_incr_1485648012_DB01_20250715_af3ul7ab_1_1.vab tag=FULL_DB01_13072025_11H00 comment=API Version 2.0,MMS Version 12.3.0.54
channel ch4: backup set complete, elapsed time: 00:28:05
including current control file in backup set
channel ch1: starting piece 1 at 15-JUL-25
channel ch1: finished piece 1 at 15-JUL-25
piece handle=3fc90592-511f-4200-aedc-48597064f4c8/RMAN_incr_1485648012_DB01_20250715_ag3ul8v2_1_1.vab tag=FULL_DB01_13072025_11H00 comment=API Version 2.0,MMS Version 12.3.0.54
channel ch1: backup set complete, elapsed time: 00:00:15

backup will be obsolete on date 22-JUL-25
archived logs required to recover from this backup will be backed up
channel ch1: starting compressed full datafile backup set
channel ch1: specifying datafile(s) in backup set
including current SPFILE in backup set
channel ch1: starting piece 1 at 15-JUL-25
channel ch1: finished piece 1 at 15-JUL-25
piece handle=3fc90592-511f-4200-aedc-48597064f4c8/RMAN_incr_1485648012_DB01_20250715_ah3ul8vi_1_1.vab tag=FULL_DB01_13072025_11H00 comment=API Version 2.0,MMS Version 12.3.0.54
channel ch1: backup set complete, elapsed time: 00:00:03

current log archived
backup will be obsolete on date 22-JUL-25
archived logs required to recover from this backup will be backed up
channel ch1: starting compressed archived log backup set
channel ch1: specifying archived log(s) in backup set
input archived log thread=2 sequence=253064 RECID=518079 STAMP=1206558014
channel ch1: starting piece 1 at 15-JUL-25
channel ch2: starting compressed archived log backup set
channel ch2: specifying archived log(s) in backup set
input archived log thread=1 sequence=265651 RECID=518080 STAMP=1206559734
channel ch2: starting piece 1 at 15-JUL-25
channel ch3: starting compressed archived log backup set
channel ch3: specifying archived log(s) in backup set
input archived log thread=2 sequence=253065 RECID=518081 STAMP=1206559736
channel ch3: starting piece 1 at 15-JUL-25
channel ch1: finished piece 1 at 15-JUL-25
piece handle=3fc90592-511f-4200-aedc-48597064f4c8/RMAN_incr_1485648012_DB01_20250715_ai3ul8vo_1_1.vab tag=FULL_DB01_13072025_11H00 comment=API Version 2.0,MMS Version 12.3.0.54
channel ch1: backup set complete, elapsed time: 00:00:07
channel ch2: finished piece 1 at 15-JUL-25
piece handle=3fc90592-511f-4200-aedc-48597064f4c8/RMAN_incr_1485648012_DB01_20250715_aj3ul8vo_1_1.vab tag=FULL_DB01_13072025_11H00 comment=API Version 2.0,MMS Version 12.3.0.54
channel ch2: backup set complete, elapsed time: 00:00:07
channel ch3: finished piece 1 at 15-JUL-25
piece handle=3fc90592-511f-4200-aedc-48597064f4c8/RMAN_incr_1485648012_DB01_20250715_ak3ul8vo_1_1.vab tag=FULL_DB01_13072025_11H00 comment=API Version 2.0,MMS Version 12.3.0.54
channel ch3: backup set complete, elapsed time: 00:00:07

backup will be obsolete on date 22-JUL-25
archived logs required to recover from this backup will be backed up
channel ch1: starting compressed full datafile backup set
channel ch1: specifying datafile(s) in backup set
including current control file in backup set
channel ch1: starting piece 1 at 15-JUL-25
channel ch1: finished piece 1 at 15-JUL-25
piece handle=3fc90592-511f-4200-aedc-48597064f4c8/RMAN_incr_1485648012_DB01_20250715_al3ul8vv_1_1.vab tag=FULL_DB01_13072025_11H00 comment=API Version 2.0,MMS Version 12.3.0.54
channel ch1: backup set complete, elapsed time: 00:00:07
Finished backup at 15-JUL-25

Starting backup at 15-JUL-25
current log archived
backup will be obsolete on date 22-JUL-25
archived logs required to recover from this backup will be backed up
skipping archived log of thread 1 with sequence 265651; already backed up
skipping archived logs of thread 2 from sequence 253064 to 253065; already backed up
channel ch1: starting compressed archived log backup set
channel ch1: specifying archived log(s) in backup set
input archived log thread=1 sequence=265650 RECID=518078 STAMP=1206558013
channel ch1: starting piece 1 at 15-JUL-25
channel ch2: starting compressed archived log backup set
channel ch2: specifying archived log(s) in backup set
input archived log thread=1 sequence=265652 RECID=518083 STAMP=1206559758
channel ch2: starting piece 1 at 15-JUL-25
channel ch3: starting compressed archived log backup set
channel ch3: specifying archived log(s) in backup set
input archived log thread=2 sequence=253066 RECID=518082 STAMP=1206559757
channel ch3: starting piece 1 at 15-JUL-25
channel ch4: deleting archived log(s)
archived log file name=+DG_FRA/db01/archivelog/2025_07_15/thread_1_seq_265651.11193.1206559735 RECID=518080 STAMP=1206559734
archived log file name=+DG_FRA/db01/archivelog/2025_07_15/thread_2_seq_253064.1006.1206558015 RECID=518079 STAMP=1206558014
archived log file name=+DG_FRA/db01/archivelog/2025_07_15/thread_2_seq_253065.11525.1206559735 RECID=518081 STAMP=1206559736
channel ch1: finished piece 1 at 15-JUL-25
piece handle=3fc90592-511f-4200-aedc-48597064f4c8/RMAN_incr_1485648012_DB01_20250715_am3ul90h_1_1.vab tag=FULL_DB01_13072025_11H00 comment=API Version 2.0,MMS Version 12.3.0.54
channel ch1: backup set complete, elapsed time: 00:00:03
channel ch1: deleting archived log(s)
archived log file name=+DG_FRA/db01/archivelog/2025_07_15/thread_1_seq_265650.10678.1206558013 RECID=518078 STAMP=1206558013
channel ch2: finished piece 1 at 15-JUL-25
piece handle=3fc90592-511f-4200-aedc-48597064f4c8/RMAN_incr_1485648012_DB01_20250715_an3ul90h_1_1.vab tag=FULL_DB01_13072025_11H00 comment=API Version 2.0,MMS Version 12.3.0.54
channel ch2: backup set complete, elapsed time: 00:00:07
channel ch2: deleting archived log(s)
archived log file name=+DG_FRA/db01/archivelog/2025_07_15/thread_1_seq_265652.10790.1206559759 RECID=518083 STAMP=1206559758
channel ch3: finished piece 1 at 15-JUL-25
piece handle=3fc90592-511f-4200-aedc-48597064f4c8/RMAN_incr_1485648012_DB01_20250715_ao3ul90h_1_1.vab tag=FULL_DB01_13072025_11H00 comment=API Version 2.0,MMS Version 12.3.0.54
channel ch3: backup set complete, elapsed time: 00:00:07
channel ch3: deleting archived log(s)
archived log file name=+DG_FRA/db01/archivelog/2025_07_15/thread_2_seq_253066.11366.1206559757 RECID=518082 STAMP=1206559757
Finished backup at 15-JUL-25

released channel: ch1

released channel: ch2

released channel: ch3

released channel: ch4

RMAN retention policy will be applied to the command
RMAN retention policy is set to redundancy 1
allocated channel: ORA_DISK_1
channel ORA_DISK_1: SID=162 instance=db011 device type=DISK
allocated channel: ORA_DISK_2
channel ORA_DISK_2: SID=292 instance=db011 device type=DISK
allocated channel: ORA_DISK_3
channel ORA_DISK_3: SID=308 instance=db011 device type=DISK
allocated channel: ORA_DISK_4
channel ORA_DISK_4: SID=16 instance=db011 device type=DISK
allocated channel: ORA_SBT_TAPE_1
channel ORA_SBT_TAPE_1: SID=285 instance=db011 device type=SBT_TAPE
channel ORA_SBT_TAPE_1: Veeam Plug-in for Oracle RMAN
allocated channel: ORA_SBT_TAPE_2
channel ORA_SBT_TAPE_2: SID=306 instance=db011 device type=SBT_TAPE
channel ORA_SBT_TAPE_2: Veeam Plug-in for Oracle RMAN
allocated channel: ORA_SBT_TAPE_3
channel ORA_SBT_TAPE_3: SID=182 instance=db011 device type=SBT_TAPE
channel ORA_SBT_TAPE_3: Veeam Plug-in for Oracle RMAN
allocated channel: ORA_SBT_TAPE_4
channel ORA_SBT_TAPE_4: SID=293 instance=db011 device type=SBT_TAPE
channel ORA_SBT_TAPE_4: Veeam Plug-in for Oracle RMAN
Deleting the following obsolete backups and copies:
Type                 Key    Completion Time    Filename/Handle
-------------------- ------ ------------------ --------------------
Backup Set           35433  08-JUL-25         
  Backup Piece       57855  08-JUL-25          3fc90592-511f-4200-aedc-48597064f4c8/RMAN_incr_1485648012_DB01_20250708_0a3u27uv_1_1.vab
Backup Set           35434  08-JUL-25         
  Backup Piece       57856  08-JUL-25          3fc90592-511f-4200-aedc-48597064f4c8/RMAN_incr_1485648012_DB01_20250708_0b3u27uv_1_1.vab
Backup Set           35432  08-JUL-25         
  Backup Piece       57854  08-JUL-25          3fc90592-511f-4200-aedc-48597064f4c8/RMAN_incr_1485648012_DB01_20250708_0c3u27v0_1_1.vab
Backup Set           35431  08-JUL-25         
  Backup Piece       57853  08-JUL-25          3fc90592-511f-4200-aedc-48597064f4c8/RMAN_incr_1485648012_DB01_20250708_0d3u27v0_1_1.vab
Backup Set           35435  08-JUL-25         
  Backup Piece       57857  08-JUL-25          3fc90592-511f-4200-aedc-48597064f4c8/RMAN_incr_1485648012_DB01_20250708_0e3u295a_1_1.vab
Backup Set           35436  08-JUL-25         
  Backup Piece       57858  08-JUL-25          3fc90592-511f-4200-aedc-48597064f4c8/RMAN_incr_1485648012_DB01_20250708_0f3u295q_1_1.vab
Backup Set           35439  08-JUL-25         
  Backup Piece       57861  08-JUL-25          3fc90592-511f-4200-aedc-48597064f4c8/RMAN_incr_1485648012_DB01_20250708_0g3u2969_1_1.vab
Backup Set           35437  08-JUL-25         
  Backup Piece       57859  08-JUL-25          3fc90592-511f-4200-aedc-48597064f4c8/RMAN_incr_1485648012_DB01_20250708_0h3u2969_1_1.vab
Backup Set           35438  08-JUL-25         
  Backup Piece       57860  08-JUL-25          3fc90592-511f-4200-aedc-48597064f4c8/RMAN_incr_1485648012_DB01_20250708_0i3u2969_1_1.vab
Backup Set           35440  08-JUL-25         
  Backup Piece       57862  08-JUL-25          3fc90592-511f-4200-aedc-48597064f4c8/RMAN_incr_1485648012_DB01_20250708_0j3u296h_1_1.vab
Backup Set           35445  08-JUL-25         
  Backup Piece       57867  08-JUL-25          3fc90592-511f-4200-aedc-48597064f4c8/RMAN_incr_1485648012_DB01_20250708_0k3u2973_1_1.vab
Backup Set           35444  08-JUL-25         
  Backup Piece       57866  08-JUL-25          3fc90592-511f-4200-aedc-48597064f4c8/RMAN_incr_1485648012_DB01_20250708_0l3u2973_1_1.vab
Backup Set           35441  08-JUL-25         
  Backup Piece       57863  08-JUL-25          3fc90592-511f-4200-aedc-48597064f4c8/RMAN_incr_1485648012_DB01_20250708_0m3u2973_1_1.vab
Backup Set           35442  08-JUL-25         
  Backup Piece       57864  08-JUL-25          3fc90592-511f-4200-aedc-48597064f4c8/RMAN_incr_1485648012_DB01_20250708_0n3u2973_1_1.vab
Backup Set           35443  08-JUL-25         
  Backup Piece       57865  08-JUL-25          3fc90592-511f-4200-aedc-48597064f4c8/RMAN_incr_1485648012_DB01_20250708_0o3u297a_1_1.vab
deleted backup piece
backup piece handle=3fc90592-511f-4200-aedc-48597064f4c8/RMAN_incr_1485648012_DB01_20250708_0a3u27uv_1_1.vab RECID=57855 STAMP=1205936095
deleted backup piece
backup piece handle=3fc90592-511f-4200-aedc-48597064f4c8/RMAN_incr_1485648012_DB01_20250708_0b3u27uv_1_1.vab RECID=57856 STAMP=1205936096
deleted backup piece
backup piece handle=3fc90592-511f-4200-aedc-48597064f4c8/RMAN_incr_1485648012_DB01_20250708_0c3u27v0_1_1.vab RECID=57854 STAMP=1205936096
deleted backup piece
backup piece handle=3fc90592-511f-4200-aedc-48597064f4c8/RMAN_incr_1485648012_DB01_20250708_0d3u27v0_1_1.vab RECID=57853 STAMP=1205936097
deleted backup piece
backup piece handle=3fc90592-511f-4200-aedc-48597064f4c8/RMAN_incr_1485648012_DB01_20250708_0e3u295a_1_1.vab RECID=57857 STAMP=1205937323
deleted backup piece
backup piece handle=3fc90592-511f-4200-aedc-48597064f4c8/RMAN_incr_1485648012_DB01_20250708_0f3u295q_1_1.vab RECID=57858 STAMP=1205937338
deleted backup piece
backup piece handle=3fc90592-511f-4200-aedc-48597064f4c8/RMAN_incr_1485648012_DB01_20250708_0g3u2969_1_1.vab RECID=57861 STAMP=1205937353
deleted backup piece
backup piece handle=3fc90592-511f-4200-aedc-48597064f4c8/RMAN_incr_1485648012_DB01_20250708_0h3u2969_1_1.vab RECID=57859 STAMP=1205937353
deleted backup piece
backup piece handle=3fc90592-511f-4200-aedc-48597064f4c8/RMAN_incr_1485648012_DB01_20250708_0i3u2969_1_1.vab RECID=57860 STAMP=1205937353
deleted backup piece
backup piece handle=3fc90592-511f-4200-aedc-48597064f4c8/RMAN_incr_1485648012_DB01_20250708_0j3u296h_1_1.vab RECID=57862 STAMP=1205937362
deleted backup piece
backup piece handle=3fc90592-511f-4200-aedc-48597064f4c8/RMAN_incr_1485648012_DB01_20250708_0k3u2973_1_1.vab RECID=57867 STAMP=1205937379
deleted backup piece
backup piece handle=3fc90592-511f-4200-aedc-48597064f4c8/RMAN_incr_1485648012_DB01_20250708_0l3u2973_1_1.vab RECID=57866 STAMP=1205937379
deleted backup piece
backup piece handle=3fc90592-511f-4200-aedc-48597064f4c8/RMAN_incr_1485648012_DB01_20250708_0m3u2973_1_1.vab RECID=57863 STAMP=1205937379
deleted backup piece
backup piece handle=3fc90592-511f-4200-aedc-48597064f4c8/RMAN_incr_1485648012_DB01_20250708_0n3u2973_1_1.vab RECID=57864 STAMP=1205937379
deleted backup piece
backup piece handle=3fc90592-511f-4200-aedc-48597064f4c8/RMAN_incr_1485648012_DB01_20250708_0o3u297a_1_1.vab RECID=57865 STAMP=1205937386
Deleted 15 objects


RMAN> 

List of Backup Sets
===================


BS Key  Type LV Size       Device Type Elapsed Time Completion Time
------- ---- -- ---------- ----------- ------------ ---------------
35601   Full    8.00M      SBT_TAPE    00:00:11     13-JUL-25      
        BP Key: 58133   Status: AVAILABLE  Compressed: YES  Tag: FULL_DB01_13072025_11H00
        Handle: 3fc90592-511f-4200-aedc-48597064f4c8/RMAN_full_1485648012_DB01_20250713_9i3uge2d_1_1.vab   Media: {3fc90592-511f-4200-aedc-48597064f4c8}
        Keep: BACKUP_LOGS        Until: 12-AUG-25      
  SPFILE Included: Modification time: 30-JUN-25
  SPFILE db_unique_name: DB01

BS Key  Type LV Size       Device Type Elapsed Time Completion Time
------- ---- -- ---------- ----------- ------------ ---------------
35615   Full    8.00M      SBT_TAPE    00:00:05     15-JUL-25      
        BP Key: 58147   Status: AVAILABLE  Compressed: YES  Tag: FULL_DB01_13072025_11H00
        Handle: 3fc90592-511f-4200-aedc-48597064f4c8/RMAN_incr_1485648012_DB01_20250715_a43ukcjf_1_1.vab   Media: {3fc90592-511f-4200-aedc-48597064f4c8}
        Keep: BACKUP_LOGS        Until: 22-JUL-25      
  SPFILE Included: Modification time: 30-JUN-25
  SPFILE db_unique_name: DB01

BS Key  Type LV Size       Device Type Elapsed Time Completion Time
------- ---- -- ---------- ----------- ------------ ---------------
35628   Full    8.00M      SBT_TAPE    00:00:03     15-JUL-25      
        BP Key: 58160   Status: AVAILABLE  Compressed: YES  Tag: FULL_DB01_13072025_11H00
        Handle: 3fc90592-511f-4200-aedc-48597064f4c8/RMAN_incr_1485648012_DB01_20250715_ah3ul8vi_1_1.vab   Media: {3fc90592-511f-4200-aedc-48597064f4c8}
        Keep: BACKUP_LOGS        Until: 22-JUL-25      
  SPFILE Included: Modification time: 15-JUL-25
  SPFILE db_unique_name: DB01

RMAN> 

List of Backup Sets
===================


BS Key  Type LV Size       Device Type Elapsed Time Completion Time
------- ---- -- ---------- ----------- ------------ ---------------
35598   Incr 0  16.00M     SBT_TAPE    00:00:16     13-JUL-25      
        BP Key: 58129   Status: AVAILABLE  Compressed: YES  Tag: FULL_DB01_13072025_11H00
        Handle: 3fc90592-511f-4200-aedc-48597064f4c8/RMAN_full_1485648012_DB01_20250713_9h3ugdh0_1_1.vab   Media: {3fc90592-511f-4200-aedc-48597064f4c8}
        Keep: BACKUP_LOGS        Until: 12-AUG-25      
  Control File Included: Ckp SCN: 195685334369   Ckp time: 13-JUL-25

BS Key  Type LV Size       Device Type Elapsed Time Completion Time
------- ---- -- ---------- ----------- ------------ ---------------
35605   Full    16.00M     SBT_TAPE    00:00:08     13-JUL-25      
        BP Key: 58137   Status: AVAILABLE  Compressed: YES  Tag: FULL_DB01_13072025_11H00
        Handle: 3fc90592-511f-4200-aedc-48597064f4c8/RMAN_full_1485648012_DB01_20250713_9m3uge3q_1_1.vab   Media: {3fc90592-511f-4200-aedc-48597064f4c8}
        Keep: BACKUP_LOGS        Until: 12-AUG-25      
  Control File Included: Ckp SCN: 195685334979   Ckp time: 13-JUL-25

BS Key  Type LV Size       Device Type Elapsed Time Completion Time
------- ---- -- ---------- ----------- ------------ ---------------
35613   Incr 1  16.00M     SBT_TAPE    00:00:10     15-JUL-25      
        BP Key: 58145   Status: AVAILABLE  Compressed: YES  Tag: FULL_DB01_13072025_11H00
        Handle: 3fc90592-511f-4200-aedc-48597064f4c8/RMAN_incr_1485648012_DB01_20250715_a33ukciv_1_1.vab   Media: {3fc90592-511f-4200-aedc-48597064f4c8}
        Keep: BACKUP_LOGS        Until: 22-JUL-25      
  Control File Included: Ckp SCN: 195685636717   Ckp time: 15-JUL-25

BS Key  Type LV Size       Device Type Elapsed Time Completion Time
------- ---- -- ---------- ----------- ------------ ---------------
35619   Full    16.00M     SBT_TAPE    00:00:05     15-JUL-25      
        BP Key: 58151   Status: AVAILABLE  Compressed: YES  Tag: FULL_DB01_13072025_11H00
        Handle: 3fc90592-511f-4200-aedc-48597064f4c8/RMAN_incr_1485648012_DB01_20250715_a83ukck1_1_1.vab   Media: {3fc90592-511f-4200-aedc-48597064f4c8}
        Keep: BACKUP_LOGS        Until: 22-JUL-25      
  Control File Included: Ckp SCN: 195685636764   Ckp time: 15-JUL-25

BS Key  Type LV Size       Device Type Elapsed Time Completion Time
------- ---- -- ---------- ----------- ------------ ---------------
35627   Incr 1  16.00M     SBT_TAPE    00:00:10     15-JUL-25      
        BP Key: 58159   Status: AVAILABLE  Compressed: YES  Tag: FULL_DB01_13072025_11H00
        Handle: 3fc90592-511f-4200-aedc-48597064f4c8/RMAN_incr_1485648012_DB01_20250715_ag3ul8v2_1_1.vab   Media: {3fc90592-511f-4200-aedc-48597064f4c8}
        Keep: BACKUP_LOGS        Until: 22-JUL-25      
  Control File Included: Ckp SCN: 195685678129   Ckp time: 15-JUL-25

BS Key  Type LV Size       Device Type Elapsed Time Completion Time
------- ---- -- ---------- ----------- ------------ ---------------
35632   Full    16.00M     SBT_TAPE    00:00:06     15-JUL-25      
        BP Key: 58164   Status: AVAILABLE  Compressed: YES  Tag: FULL_DB01_13072025_11H00
        Handle: 3fc90592-511f-4200-aedc-48597064f4c8/RMAN_incr_1485648012_DB01_20250715_al3ul8vv_1_1.vab   Media: {3fc90592-511f-4200-aedc-48597064f4c8}
        Keep: BACKUP_LOGS        Until: 22-JUL-25      
  Control File Included: Ckp SCN: 195685678164   Ckp time: 15-JUL-25

RMAN> 

Recovery Manager complete.
