
Recovery Manager: Release 11.2.0.4.0 - Production on Fri Jun 20 22:00:01 2025

Copyright (c) 1982, 2011, Oracle and/or its affiliates.  All rights reserved.

RMAN> 
connected to target database: BPMPROD (DBID=1062634547)

RMAN> 2> 3> 4> 5> 6> 7> 8> 9> 10> 11> 12> 13> 14> 15> 16> 17> 
using target database control file instead of recovery catalog
allocated channel: ch1
channel ch1: SID=866 instance=bpmprod1 device type=SBT_TAPE
channel ch1: Veeam Plug-in for Oracle RMAN

allocated channel: ch2
channel ch2: SID=323 instance=bpmprod1 device type=SBT_TAPE
channel ch2: Veeam Plug-in for Oracle RMAN

allocated channel: ch3
channel ch3: SID=1455 instance=bpmprod1 device type=SBT_TAPE
channel ch3: Veeam Plug-in for Oracle RMAN

allocated channel: ch4
channel ch4: SID=2008 instance=bpmprod1 device type=SBT_TAPE
channel ch4: Veeam Plug-in for Oracle RMAN

allocated channel: ch5
channel ch5: SID=21 instance=bpmprod1 device type=SBT_TAPE
channel ch5: Veeam Plug-in for Oracle RMAN

allocated channel: ch6
channel ch6: SID=315 instance=bpmprod1 device type=SBT_TAPE
channel ch6: Veeam Plug-in for Oracle RMAN

Starting backup at 20-JUN-25
current log archived

backup will be obsolete on date 20-JUL-25
archived logs required to recover from this backup will be backed up
channel ch1: starting compressed incremental level 0 datafile backup set
channel ch1: specifying datafile(s) in backup set
input datafile file number=00003 name=+DG_BPMPROD/bpmprod/datafile/dev_soainfra.282.1049770611
backing up blocks 1 through 2621440
channel ch1: starting piece 1 at 20-JUN-25
channel ch2: starting compressed incremental level 0 datafile backup set
channel ch2: specifying datafile(s) in backup set
input datafile file number=00026 name=+DG_BPMPROD/bpmprod/datafile/dev_soainfra.262.1049770057
backing up blocks 1 through 2621440
channel ch2: starting piece 1 at 20-JUN-25
channel ch3: starting compressed incremental level 0 datafile backup set
channel ch3: specifying datafile(s) in backup set
input datafile file number=00027 name=+DG_BPMPROD/bpmprod/datafile/dev_soainfra.263.1049770057
backing up blocks 1 through 2621440
channel ch3: starting piece 1 at 20-JUN-25
channel ch4: starting compressed incremental level 0 datafile backup set
channel ch4: specifying datafile(s) in backup set
input datafile file number=00028 name=+DG_BPMPROD/bpmprod/datafile/dev_soainfra.264.1049770113
backing up blocks 1 through 2621440
channel ch4: starting piece 1 at 20-JUN-25
channel ch5: starting compressed incremental level 0 datafile backup set
channel ch5: specifying datafile(s) in backup set
input datafile file number=00029 name=+DG_BPMPROD/bpmprod/datafile/dev_soainfra.265.1049770113
backing up blocks 1 through 2621440
channel ch5: starting piece 1 at 20-JUN-25
channel ch6: starting compressed incremental level 0 datafile backup set
channel ch6: specifying datafile(s) in backup set
input datafile file number=00031 name=+DG_BPMPROD/bpmprod/datafile/dev_soainfra.284.1049770647
backing up blocks 1 through 2621440
channel ch6: starting piece 1 at 20-JUN-25
RMAN-03009: failure of backup command on ch5 channel at 06/20/2025 22:06:44
ORA-19506: failed to create sequential file, name="3fc90592-511f-4200-aedc-48597064f4c8/RMAN_full_1062634547_BPMPROD_20250620_kp3sh03s_1_1.vab", parms=""
ORA-27028: skgfqcre: sbtbackup returned error
ORA-19511: Error received from media manager layer, error text:
   TCP stream was closed
--tr:Failed to start source agent.
--tr:Failed to start shared source agent.
--tr:Failed to get agents session.
--tr:Failed to create RMAN backup file session.
channel ch5 disabled, job failed on it will be run on another channel
RMAN-03009: failure of backup command on ch3 channel at 06/20/2025 22:10:09
ORA-19506: failed to create sequential file, name="3fc90592-511f-4200-aedc-48597064f4c8/RMAN_full_1062634547_BPMPROD_20250620_kn3sh03s_1_1.vab", parms=""
ORA-27028: skgfqcre: sbtbackup returned error
ORA-19511: Error received from media manager layer, error text:
   TCP stream was closed
--tr:Failed to start source agent.
--tr:Failed to start shared source agent.
--tr:Failed to get agents session.
--tr:Failed to create RMAN backup file session.
channel ch3 disabled, job failed on it will be run on another channel
RMAN-03009: failure of backup command on ch2 channel at 06/20/2025 22:13:34
ORA-19506: failed to create sequential file, name="3fc90592-511f-4200-aedc-48597064f4c8/RMAN_full_1062634547_BPMPROD_20250620_km3sh03s_1_1.vab", parms=""
ORA-27028: skgfqcre: sbtbackup returned error
ORA-19511: Error received from media manager layer, error text:
   TCP stream was closed
--tr:Failed to start source agent.
--tr:Failed to start shared source agent.
--tr:Failed to get agents session.
--tr:Failed to create RMAN backup file session.
channel ch2 disabled, job failed on it will be run on another channel
RMAN-03009: failure of backup command on ch1 channel at 06/20/2025 22:16:49
ORA-19506: failed to create sequential file, name="3fc90592-511f-4200-aedc-48597064f4c8/RMAN_full_1062634547_BPMPROD_20250620_kl3sh03s_1_1.vab", parms=""
ORA-27028: skgfqcre: sbtbackup returned error
ORA-19511: Error received from media manager layer, error text:
   TCP stream was closed
--tr:Failed to start source agent.
--tr:Failed to start shared source agent.
--tr:Failed to get agents session.
--tr:Failed to create RMAN backup file session.
channel ch1 disabled, job failed on it will be run on another channel
RMAN-03009: failure of backup command on ch6 channel at 06/20/2025 22:20:14
ORA-19506: failed to create sequential file, name="3fc90592-511f-4200-aedc-48597064f4c8/RMAN_full_1062634547_BPMPROD_20250620_kq3sh03t_1_1.vab", parms=""
ORA-27028: skgfqcre: sbtbackup returned error
ORA-19511: Error received from media manager layer, error text:
   TCP stream was closed
--tr:Failed to start source agent.
--tr:Failed to start shared source agent.
--tr:Failed to get agents session.
--tr:Failed to create RMAN backup file session.
channel ch6 disabled, job failed on it will be run on another channel
RMAN-03009: failure of backup command on ch4 channel at 06/20/2025 22:23:29
ORA-19506: failed to create sequential file, name="3fc90592-511f-4200-aedc-48597064f4c8/RMAN_full_1062634547_BPMPROD_20250620_ko3sh03s_1_1.vab", parms=""
ORA-27028: skgfqcre: sbtbackup returned error
ORA-19511: Error received from media manager layer, error text:
   TCP stream was closed
--tr:Failed to start source agent.
--tr:Failed to start shared source agent.
--tr:Failed to get agents session.
--tr:Failed to create RMAN backup file session.
channel ch4 disabled, job failed on it will be run on another channel
released channel: ch1
released channel: ch2
released channel: ch3
released channel: ch4
released channel: ch5
released channel: ch6
RMAN-00571: ===========================================================
RMAN-00569: =============== ERROR MESSAGE STACK FOLLOWS ===============
RMAN-00571: ===========================================================
RMAN-03002: failure of backup command at 06/20/2025 22:23:29

RMAN-03009: failure of backup command on ch6 channel at 06/20/2025 22:20:14
ORA-19506: failed to create sequential file, name="3fc90592-511f-4200-aedc-48597064f4c8/RMAN_full_1062634547_BPMPROD_20250620_kq3sh03t_1_1.vab", parms=""
ORA-27028: skgfqcre: sbtbackup returned error
ORA-19511: Error received from media manager layer, error text:
   TCP stream was closed
--tr:Failed to start source agent.
--tr:Failed to start shared source agent.
--tr:Failed to get agents session.
--tr:Failed to create RMAN backup f
RMAN-03009: failure of backup command on ch5 channel at 06/20/2025 22:06:44
ORA-19506: failed to create sequential file, name="3fc90592-511f-4200-aedc-48597064f4c8/RMAN_full_1062634547_BPMPROD_20250620_kp3sh03s_1_1.vab", parms=""
ORA-27028: skgfqcre: sbtbackup returned error
ORA-19511: Error received from media manager layer, error text:
   TCP stream was closed
--tr:Failed to start source agent.
--tr:Failed to start shared source agent.
--tr:Failed to get agents session.
--tr:Failed to create RMAN backup f
RMAN-03009: failure of backup command on ch4 channel at 06/20/2025 22:23:29
ORA-19506: failed to create sequential file, name="3fc90592-511f-4200-aedc-48597064f4c8/RMAN_full_1062634547_BPMPROD_20250620_ko3sh03s_1_1.vab", parms=""
ORA-27028: skgfqcre: sbtbackup returned error
ORA-19511: Error received from media manager layer, error text:
   TCP stream was closed
--tr:Failed to start source agent.
--tr:Failed to start shared source agent.
--tr:Failed to get agents session.
--tr:Failed to create RMAN backup f
RMAN-03009: failure of backup command on ch3 channel at 06/20/2025 22:10:09
ORA-19506: failed to create sequential file, name="3fc90592-511f-4200-aedc-48597064f4c8/RMAN_full_1062634547_BPMPROD_20250620_kn3sh03s_1_1.vab", parms=""
ORA-27028: skgfqcre: sbtbackup returned error
ORA-19511: Error received from media manager layer, error text:
   TCP stream was closed
--tr:Failed to start source agent.
--tr:Failed to start shared source agent.
--tr:Failed to get agents session.
--tr:Failed to create RMAN backup f
RMAN-03009: failure of backup command on ch2 channel at 06/20/2025 22:13:34
ORA-19506: failed to create sequential file, name="3fc90592-511f-4200-aedc-48597064f4c8/RMAN_full_1062634547_BPMPROD_20250620_km3sh03s_1_1.vab", parms=""
ORA-27028: skgfqcre: sbtbackup returned error
ORA-19511: Error received from media manager layer, error text:
   TCP stream was closed
--tr:Failed to start source agent.
--tr:Failed to start shared source agent.
--tr:Failed to get agents session.
--tr:Failed to create RMAN backup f
RMAN-03009: failure of backup command on ch1 channel at 06/20/2025 22:16:49
ORA-19506: failed to create sequential file, name="3fc90592-511f-4200-aedc-48597064f4c8/RMAN_full_1062634547_BPMPROD_20250620_kl3sh03s_1_1.vab", parms=""
ORA-27028: skgfqcre: sbtbackup returned error
ORA-19511: Error received from media manager layer, error text:
   TCP stream was closed
--tr:Failed to start source agent.
--tr:Failed to start shared source agent.
--tr:Failed to get agents session.
--tr:Failed to create RMAN backup f

RMAN> 
specification does not match any backup in the repository

RMAN> 
specification does not match any backup in the repository

RMAN> 

Recovery Manager complete.
