
Recovery Manager: Release 11.2.0.4.0 - Production on Tue Jul 1 21:00:03 2025

Copyright (c) 1982, 2011, Oracle and/or its affiliates.  All rights reserved.

RMAN> 
connected to target database: TNPRO (DBID=1198730716)

RMAN> 2> 3> 4> 5> 6> 7> 8> 9> 
using target database control file instead of recovery catalog
allocated channel: ch1
channel ch1: SID=1828 instance=tnpro1 device type=SBT_TAPE
channel ch1: Veeam Plug-in for Oracle RMAN

allocated channel: ch2
channel ch2: SID=318 instance=tnpro1 device type=SBT_TAPE
channel ch2: Veeam Plug-in for Oracle RMAN

Starting backup at 01-JUL-25
current log archived

backup will be obsolete on date 08-JUL-25
archived logs required to recover from this backup will be backed up
channel ch1: starting compressed incremental level 1 datafile backup set
channel ch1: specifying datafile(s) in backup set
input datafile file number=00004 name=+DG_TNPRO/tnpro/datafile/users.276.1047636911
input datafile file number=00008 name=+DG_TNPRO/tnpro/datafile/bpm_index.266.1047635815
input datafile file number=00014 name=+DG_TNPRO/tnpro/datafile/users.279.1047637405
input datafile file number=00016 name=+DG_TNPRO/tnpro/datafile/bpm_index.268.1047636041
input datafile file number=00018 name=+DG_TNPRO/tnpro/datafile/users.282.1047637827
input datafile file number=00024 name=+DG_TNPRO/tnpro/datafile/bpm_index.265.1047635767
input datafile file number=00029 name=+DG_TNPRO/tnpro/datafile/bpm.259.1047634877
input datafile file number=00003 name=+DG_TNPRO/tnpro/datafile/bpm_index.318.1060600329
input datafile file number=00011 name=+DG_TNPRO/tnpro/datafile/bpm.262.1047635197
input datafile file number=00019 name=+DG_TNPRO/tnpro/datafile/users.295.1047647567
input datafile file number=00021 name=+DG_TNPRO/tnpro/datafile/users.281.1047637777
input datafile file number=00028 name=+DG_TNPRO/tnpro/datafile/users.278.1047637355
input datafile file number=00031 name=+DG_TNPRO/tnpro/datafile/users.294.1047647517
input datafile file number=00052 name=+DG_TNPRO/tnpro/datafile/undotb01.305.1047650849
input datafile file number=00010 name=+DG_TNPRO/tnpro/datafile/users.288.1047646943
input datafile file number=00036 name=+DG_TNPRO/tnpro/datafile/users.293.1047647469
input datafile file number=00038 name=+DG_TNPRO/tnpro/datafile/users.283.1047638175
input datafile file number=00058 name=+DG_TNPRO/tnpro/datafile/bpm_index.330.1145784777
input datafile file number=00043 name=+DG_TNPRO/tnpro/datafile/bpm_index.270.1047636119
input datafile file number=00002 name=+DG_TNPRO/tnpro/datafile/sysaux.312.1049756329
input datafile file number=00001 name=+DG_TNPRO/tnpro/datafile/system.309.1049756205
input datafile file number=00049 name=+DG_TNPRO/tnpro/datafile/sysaux.313.1049756329
input datafile file number=00053 name=+DG_TNPRO/tnpro/datafile/undotb02.306.1047651111
input datafile file number=00057 name=+DG_TNPRO/tnpro/datafile/bpm.329.1141467023
input datafile file number=00026 name=+DG_TNPRO/tnpro/datafile/bpm_trace.272.1047636363
input datafile file number=00027 name=+DG_TNPRO/tnpro/datafile/bpm_trace.273.1047636367
input datafile file number=00046 name=+DG_TNPRO/tnpro/datafile/system.310.1049756251
input datafile file number=00047 name=+DG_TNPRO/tnpro/datafile/system.311.1049756251
input datafile file number=00045 name=+DG_TNPRO/tnpro/datafile/bpm.325.1129898839
channel ch1: starting piece 1 at 01-JUL-25
channel ch2: starting compressed incremental level 1 datafile backup set
channel ch2: specifying datafile(s) in backup set
input datafile file number=00007 name=+DG_TNPRO/tnpro/datafile/bpm.256.1047634413
input datafile file number=00012 name=+DG_TNPRO/tnpro/datafile/users.286.1047638323
input datafile file number=00015 name=+DG_TNPRO/tnpro/datafile/users.275.1047636863
input datafile file number=00017 name=+DG_TNPRO/tnpro/datafile/bpm.257.1047634459
input datafile file number=00023 name=+DG_TNPRO/tnpro/datafile/bpm.260.1047634925
input datafile file number=00025 name=+DG_TNPRO/tnpro/datafile/users.285.1047638273
input datafile file number=00048 name=+DG_TNPRO/tnpro/datafile/bpm.263.1047635245
input datafile file number=00005 name=+DG_TNPRO/tnpro/datafile/bpm_index.319.1060600491
input datafile file number=00013 name=+DG_TNPRO/tnpro/datafile/users.274.1047636813
input datafile file number=00020 name=+DG_TNPRO/tnpro/datafile/users.289.1047646993
input datafile file number=00022 name=+DG_TNPRO/tnpro/datafile/users.284.1047638223
input datafile file number=00030 name=+DG_TNPRO/tnpro/datafile/bpm.324.1072273477
input datafile file number=00051 name=+DG_TNPRO/tnpro/datafile/bpm.261.1047634973
input datafile file number=00044 name=+DG_TNPRO/tnpro/datafile/bpm.264.1047635275
input datafile file number=00032 name=+DG_TNPRO/tnpro/datafile/bpm.258.1047634509
input datafile file number=00035 name=+DG_TNPRO/tnpro/datafile/users.280.1047637729
input datafile file number=00055 name=+DG_TNPRO/tnpro/datafile/bpm.327.1141466517
input datafile file number=00056 name=+DG_TNPRO/tnpro/datafile/bpm.328.1141466651
input datafile file number=00059 name=+DG_TNPRO/tnpro/datafile/bpm_index.331.1182935997
input datafile file number=00034 name=+DG_TNPRO/tnpro/datafile/users.277.1047637317
input datafile file number=00042 name=+DG_TNPRO/tnpro/datafile/bpm_index.267.1047635865
input datafile file number=00050 name=+DG_TNPRO/tnpro/datafile/bpm_index.269.1047636089
input datafile file number=00033 name=+DG_TNPRO/tnpro/datafile/system.308.1049756205
input datafile file number=00054 name=+DG_TNPRO/tnpro/datafile/bpm.326.1129898871
input datafile file number=00006 name=+DG_TNPRO/tnpro/datafile/example.296.1047647757
input datafile file number=00037 name=+DG_TNPRO/tnpro/datafile/users.292.1047647465
input datafile file number=00039 name=+DG_TNPRO/tnpro/datafile/users.291.1047647461
input datafile file number=00040 name=+DG_TNPRO/tnpro/datafile/users.290.1047647043
input datafile file number=00041 name=+DG_TNPRO/tnpro/datafile/users.287.1047646939
input datafile file number=00009 name=+DG_TNPRO/tnpro/datafile/bpm_trace.271.1047636359
channel ch2: starting piece 1 at 01-JUL-25
channel ch2: finished piece 1 at 01-JUL-25
piece handle=3fc90592-511f-4200-aedc-48597064f4c8/RMAN_incr_1198730716_TNPRO_20250701_653tgh34_1_1.vab tag=FULL_TNPRO_29062025_16H57 comment=API Version 2.0,MMS Version 12.3.0.54
channel ch2: backup set complete, elapsed time: 00:16:25
channel ch2: starting compressed incremental level 1 datafile backup set
channel ch2: specifying datafile(s) in backup set
including current control file in backup set
channel ch2: starting piece 1 at 01-JUL-25
channel ch2: finished piece 1 at 01-JUL-25
piece handle=3fc90592-511f-4200-aedc-48597064f4c8/RMAN_incr_1198730716_TNPRO_20250701_663tgi1t_1_1.vab tag=FULL_TNPRO_29062025_16H57 comment=API Version 2.0,MMS Version 12.3.0.54
channel ch2: backup set complete, elapsed time: 00:00:07
channel ch1: finished piece 1 at 01-JUL-25
piece handle=3fc90592-511f-4200-aedc-48597064f4c8/RMAN_incr_1198730716_TNPRO_20250701_643tgh33_1_1.vab tag=FULL_TNPRO_29062025_16H57 comment=API Version 2.0,MMS Version 12.3.0.54
channel ch1: backup set complete, elapsed time: 00:16:42

backup will be obsolete on date 08-JUL-25
archived logs required to recover from this backup will be backed up
channel ch1: starting compressed full datafile backup set
channel ch1: specifying datafile(s) in backup set
including current SPFILE in backup set
channel ch1: starting piece 1 at 01-JUL-25
channel ch1: finished piece 1 at 01-JUL-25
piece handle=3fc90592-511f-4200-aedc-48597064f4c8/RMAN_incr_1198730716_TNPRO_20250701_673tgi2e_1_1.vab tag=FULL_TNPRO_29062025_16H57 comment=API Version 2.0,MMS Version 12.3.0.54
channel ch1: backup set complete, elapsed time: 00:00:07

current log archived
backup will be obsolete on date 08-JUL-25
archived logs required to recover from this backup will be backed up
channel ch1: starting compressed archived log backup set
channel ch1: specifying archived log(s) in backup set
input archived log thread=2 sequence=46302 RECID=107393 STAMP=1205355610
channel ch1: starting piece 1 at 01-JUL-25
channel ch2: starting compressed archived log backup set
channel ch2: specifying archived log(s) in backup set
input archived log thread=1 sequence=82471 RECID=107395 STAMP=1205356632
input archived log thread=2 sequence=46303 RECID=107394 STAMP=1205356629
channel ch2: starting piece 1 at 01-JUL-25
channel ch2: finished piece 1 at 01-JUL-25
piece handle=3fc90592-511f-4200-aedc-48597064f4c8/RMAN_incr_1198730716_TNPRO_20250701_693tgi2o_1_1.vab tag=FULL_TNPRO_29062025_16H57 comment=API Version 2.0,MMS Version 12.3.0.54
channel ch2: backup set complete, elapsed time: 00:00:03
channel ch1: finished piece 1 at 01-JUL-25
piece handle=3fc90592-511f-4200-aedc-48597064f4c8/RMAN_incr_1198730716_TNPRO_20250701_683tgi2o_1_1.vab tag=FULL_TNPRO_29062025_16H57 comment=API Version 2.0,MMS Version 12.3.0.54
channel ch1: backup set complete, elapsed time: 00:00:07

backup will be obsolete on date 08-JUL-25
archived logs required to recover from this backup will be backed up
channel ch1: starting compressed full datafile backup set
channel ch1: specifying datafile(s) in backup set
including current control file in backup set
channel ch1: starting piece 1 at 01-JUL-25
channel ch1: finished piece 1 at 01-JUL-25
piece handle=3fc90592-511f-4200-aedc-48597064f4c8/RMAN_incr_1198730716_TNPRO_20250701_6a3tgi2v_1_1.vab tag=FULL_TNPRO_29062025_16H57 comment=API Version 2.0,MMS Version 12.3.0.54
channel ch1: backup set complete, elapsed time: 00:00:07
Finished backup at 01-JUL-25

Starting backup at 01-JUL-25
current log archived
backup will be obsolete on date 08-JUL-25
archived logs required to recover from this backup will be backed up
skipping archived log of thread 1 with sequence 82471; already backed up
skipping archived logs of thread 2 from sequence 46302 to 46303; already backed up
channel ch1: starting compressed archived log backup set
channel ch1: specifying archived log(s) in backup set
input archived log thread=1 sequence=82469 RECID=107390 STAMP=1205330700
input archived log thread=2 sequence=46301 RECID=107391 STAMP=1205337621
channel ch1: starting piece 1 at 01-JUL-25
channel ch2: starting compressed archived log backup set
channel ch2: specifying archived log(s) in backup set
input archived log thread=1 sequence=82470 RECID=107392 STAMP=1205355609
input archived log thread=2 sequence=46304 RECID=107397 STAMP=1205356651
input archived log thread=1 sequence=82472 RECID=107396 STAMP=1205356649
channel ch2: starting piece 1 at 01-JUL-25
channel ch2: finished piece 1 at 01-JUL-25
piece handle=3fc90592-511f-4200-aedc-48597064f4c8/RMAN_incr_1198730716_TNPRO_20250701_6c3tgi3c_1_1.vab tag=FULL_TNPRO_29062025_16H57 comment=API Version 2.0,MMS Version 12.3.0.54
channel ch2: backup set complete, elapsed time: 00:00:07
channel ch2: deleting archived log(s)
archived log file name=+DG_FRA/tnpro/archivelog/2025_07_01/thread_1_seq_82470.11237.1205355609 RECID=107392 STAMP=1205355609
archived log file name=+DG_FRA/tnpro/archivelog/2025_07_01/thread_2_seq_46304.12567.1205356651 RECID=107397 STAMP=1205356651
archived log file name=+DG_FRA/tnpro/archivelog/2025_07_01/thread_1_seq_82472.4000.1205356649 RECID=107396 STAMP=1205356649
channel ch2: deleting archived log(s)
archived log file name=+DG_FRA/tnpro/archivelog/2025_07_01/thread_1_seq_82471.11022.1205356633 RECID=107395 STAMP=1205356632
archived log file name=+DG_FRA/tnpro/archivelog/2025_07_01/thread_2_seq_46302.11046.1205355609 RECID=107393 STAMP=1205355610
archived log file name=+DG_FRA/tnpro/archivelog/2025_07_01/thread_2_seq_46303.11915.1205356629 RECID=107394 STAMP=1205356629
channel ch1: finished piece 1 at 01-JUL-25
piece handle=3fc90592-511f-4200-aedc-48597064f4c8/RMAN_incr_1198730716_TNPRO_20250701_6b3tgi3c_1_1.vab tag=FULL_TNPRO_29062025_16H57 comment=API Version 2.0,MMS Version 12.3.0.54
channel ch1: backup set complete, elapsed time: 00:00:25
channel ch1: deleting archived log(s)
archived log file name=+DG_FRA/tnpro/archivelog/2025_07_01/thread_1_seq_82469.12205.1205330701 RECID=107390 STAMP=1205330700
archived log file name=+DG_FRA/tnpro/archivelog/2025_07_01/thread_2_seq_46301.11595.1205337621 RECID=107391 STAMP=1205337621
Finished backup at 01-JUL-25

released channel: ch1

released channel: ch2

RMAN retention policy will be applied to the command
RMAN retention policy is set to redundancy 1
allocated channel: ORA_DISK_1
channel ORA_DISK_1: SID=1828 instance=tnpro1 device type=DISK
allocated channel: ORA_DISK_2
channel ORA_DISK_2: SID=318 instance=tnpro1 device type=DISK
allocated channel: ORA_SBT_TAPE_1
channel ORA_SBT_TAPE_1: SID=23 instance=tnpro1 device type=SBT_TAPE
channel ORA_SBT_TAPE_1: Veeam Plug-in for Oracle RMAN
allocated channel: ORA_SBT_TAPE_2
channel ORA_SBT_TAPE_2: SID=634 instance=tnpro1 device type=SBT_TAPE
channel ORA_SBT_TAPE_2: Veeam Plug-in for Oracle RMAN
allocated channel: ORA_SBT_TAPE_3
channel ORA_SBT_TAPE_3: SID=6 instance=tnpro1 device type=SBT_TAPE
channel ORA_SBT_TAPE_3: Veeam Plug-in for Oracle RMAN
allocated channel: ORA_SBT_TAPE_4
channel ORA_SBT_TAPE_4: SID=1238 instance=tnpro1 device type=SBT_TAPE
channel ORA_SBT_TAPE_4: Veeam Plug-in for Oracle RMAN
Deleting the following obsolete backups and copies:
Type                 Key    Completion Time    Filename/Handle
-------------------- ------ ------------------ --------------------
Backup Set           16787  24-JUN-25         
  Backup Piece       20817  24-JUN-25          3fc90592-511f-4200-aedc-48597064f4c8/RMAN_incr_1198730716_TNPRO_20250624_0v3sr3jb_1_1.vab
Backup Set           16785  24-JUN-25         
  Backup Piece       20815  24-JUN-25          3fc90592-511f-4200-aedc-48597064f4c8/RMAN_incr_1198730716_TNPRO_20250624_103sr3jc_1_1.vab
Backup Set           16786  24-JUN-25         
  Backup Piece       20816  24-JUN-25          3fc90592-511f-4200-aedc-48597064f4c8/RMAN_incr_1198730716_TNPRO_20250624_113sr8da_1_1.vab
Backup Set           16788  24-JUN-25         
  Backup Piece       20818  24-JUN-25          3fc90592-511f-4200-aedc-48597064f4c8/RMAN_incr_1198730716_TNPRO_20250624_123sr8e5_1_1.vab
Backup Set           16790  24-JUN-25         
  Backup Piece       20820  24-JUN-25          3fc90592-511f-4200-aedc-48597064f4c8/RMAN_incr_1198730716_TNPRO_20250624_133sr8ee_1_1.vab
Backup Set           16789  24-JUN-25         
  Backup Piece       20819  24-JUN-25          3fc90592-511f-4200-aedc-48597064f4c8/RMAN_incr_1198730716_TNPRO_20250624_143sr8ee_1_1.vab
Backup Set           16791  24-JUN-25         
  Backup Piece       20821  24-JUN-25          3fc90592-511f-4200-aedc-48597064f4c8/RMAN_incr_1198730716_TNPRO_20250624_153sr8eu_1_1.vab
Backup Set           16793  24-JUN-25         
  Backup Piece       20823  24-JUN-25          3fc90592-511f-4200-aedc-48597064f4c8/RMAN_incr_1198730716_TNPRO_20250624_163sr8fd_1_1.vab
Backup Set           16792  24-JUN-25         
  Backup Piece       20822  24-JUN-25          3fc90592-511f-4200-aedc-48597064f4c8/RMAN_incr_1198730716_TNPRO_20250624_173sr8fd_1_1.vab
Backup Set           16794  24-JUN-25         
  Backup Piece       20824  24-JUN-25          3fc90592-511f-4200-aedc-48597064f4c8/RMAN_incr_1198730716_TNPRO_20250624_183sr8gg_1_1.vab
deleted backup piece
backup piece handle=3fc90592-511f-4200-aedc-48597064f4c8/RMAN_incr_1198730716_TNPRO_20250624_0v3sr3jb_1_1.vab RECID=20817 STAMP=1204653676
deleted backup piece
backup piece handle=3fc90592-511f-4200-aedc-48597064f4c8/RMAN_incr_1198730716_TNPRO_20250624_103sr3jc_1_1.vab RECID=20815 STAMP=1204653676
deleted backup piece
backup piece handle=3fc90592-511f-4200-aedc-48597064f4c8/RMAN_incr_1198730716_TNPRO_20250624_113sr8da_1_1.vab RECID=20816 STAMP=1204658603
deleted backup piece
backup piece handle=3fc90592-511f-4200-aedc-48597064f4c8/RMAN_incr_1198730716_TNPRO_20250624_123sr8e5_1_1.vab RECID=20818 STAMP=1204658629
deleted backup piece
backup piece handle=3fc90592-511f-4200-aedc-48597064f4c8/RMAN_incr_1198730716_TNPRO_20250624_133sr8ee_1_1.vab RECID=20820 STAMP=1204658638
deleted backup piece
backup piece handle=3fc90592-511f-4200-aedc-48597064f4c8/RMAN_incr_1198730716_TNPRO_20250624_143sr8ee_1_1.vab RECID=20819 STAMP=1204658638
deleted backup piece
backup piece handle=3fc90592-511f-4200-aedc-48597064f4c8/RMAN_incr_1198730716_TNPRO_20250624_153sr8eu_1_1.vab RECID=20821 STAMP=1204658655
deleted backup piece
backup piece handle=3fc90592-511f-4200-aedc-48597064f4c8/RMAN_incr_1198730716_TNPRO_20250624_163sr8fd_1_1.vab RECID=20823 STAMP=1204658669
deleted backup piece
backup piece handle=3fc90592-511f-4200-aedc-48597064f4c8/RMAN_incr_1198730716_TNPRO_20250624_173sr8fd_1_1.vab RECID=20822 STAMP=1204658669
deleted backup piece
backup piece handle=3fc90592-511f-4200-aedc-48597064f4c8/RMAN_incr_1198730716_TNPRO_20250624_183sr8gg_1_1.vab RECID=20824 STAMP=1204658705
Deleted 10 objects


RMAN> 

List of Backup Sets
===================


BS Key  Type LV Size       Device Type Elapsed Time Completion Time
------- ---- -- ---------- ----------- ------------ ---------------
16880   Full    8.00M      SBT_TAPE    00:00:22     29-JUN-25      
        BP Key: 20952   Status: AVAILABLE  Compressed: YES  Tag: FULL_TNPRO_29062025_16H57
        Handle: 49ddb6dc-1b25-4d5a-b1e4-2d77ff027b09/RMAN_full_1198730716_TNPRO_20250629_5i3t8op1_1_1.vab   Media: {49ddb6dc-1b25-4d5a-b1e4-2d77ff027b09}
        Keep: BACKUP_LOGS        Until: 27-JUN-35      
  SPFILE Included: Modification time: 29-JUN-25
  SPFILE db_unique_name: TNPRO

BS Key  Type LV Size       Device Type Elapsed Time Completion Time
------- ---- -- ---------- ----------- ------------ ---------------
16892   Full    8.00M      SBT_TAPE    00:00:04     30-JUN-25      
        BP Key: 20964   Status: AVAILABLE  Compressed: YES  Tag: FULL_TNPRO_29062025_16H57
        Handle: 3fc90592-511f-4200-aedc-48597064f4c8/RMAN_incr_1198730716_TNPRO_20250630_5u3tb9cn_1_1.vab   Media: {3fc90592-511f-4200-aedc-48597064f4c8}
        Keep: BACKUP_LOGS        Until: 07-JUL-25      
  SPFILE Included: Modification time: 30-JUN-25
  SPFILE db_unique_name: TNPRO

BS Key  Type LV Size       Device Type Elapsed Time Completion Time
------- ---- -- ---------- ----------- ------------ ---------------
16901   Full    8.00M      SBT_TAPE    00:00:04     01-JUL-25      
        BP Key: 20973   Status: AVAILABLE  Compressed: YES  Tag: FULL_TNPRO_29062025_16H57
        Handle: 3fc90592-511f-4200-aedc-48597064f4c8/RMAN_incr_1198730716_TNPRO_20250701_673tgi2e_1_1.vab   Media: {3fc90592-511f-4200-aedc-48597064f4c8}
        Keep: BACKUP_LOGS        Until: 08-JUL-25      
  SPFILE Included: Modification time: 30-JUN-25
  SPFILE db_unique_name: TNPRO

RMAN> 

List of Backup Sets
===================


BS Key  Type LV Size       Device Type Elapsed Time Completion Time
------- ---- -- ---------- ----------- ------------ ---------------
16877   Incr 0  16.00M     SBT_TAPE    00:00:25     29-JUN-25      
        BP Key: 20948   Status: AVAILABLE  Compressed: YES  Tag: FULL_TNPRO_29062025_16H57
        Handle: 49ddb6dc-1b25-4d5a-b1e4-2d77ff027b09/RMAN_full_1198730716_TNPRO_20250629_5h3t8mmr_1_1.vab   Media: {49ddb6dc-1b25-4d5a-b1e4-2d77ff027b09}
        Keep: BACKUP_LOGS        Until: 27-JUN-35      
  Control File Included: Ckp SCN: 47124577214   Ckp time: 29-JUN-25

BS Key  Type LV Size       Device Type Elapsed Time Completion Time
------- ---- -- ---------- ----------- ------------ ---------------
16884   Full    16.00M     SBT_TAPE    00:00:22     29-JUN-25      
        BP Key: 20956   Status: AVAILABLE  Compressed: YES  Tag: FULL_TNPRO_29062025_16H57
        Handle: 49ddb6dc-1b25-4d5a-b1e4-2d77ff027b09/RMAN_full_1198730716_TNPRO_20250629_5m3t8orn_1_1.vab   Media: {49ddb6dc-1b25-4d5a-b1e4-2d77ff027b09}
        Keep: BACKUP_LOGS        Until: 27-JUN-35      
  Control File Included: Ckp SCN: 47124608784   Ckp time: 29-JUN-25

BS Key  Type LV Size       Device Type Elapsed Time Completion Time
------- ---- -- ---------- ----------- ------------ ---------------
16890   Incr 1  16.00M     SBT_TAPE    00:00:13     30-JUN-25      
        BP Key: 20962   Status: AVAILABLE  Compressed: YES  Tag: FULL_TNPRO_29062025_16H57
        Handle: 3fc90592-511f-4200-aedc-48597064f4c8/RMAN_incr_1198730716_TNPRO_20250630_5t3tb99c_1_1.vab   Media: {3fc90592-511f-4200-aedc-48597064f4c8}
        Keep: BACKUP_LOGS        Until: 07-JUL-25      
  Control File Included: Ckp SCN: 47124911693   Ckp time: 30-JUN-25

BS Key  Type LV Size       Device Type Elapsed Time Completion Time
------- ---- -- ---------- ----------- ------------ ---------------
16895   Full    16.00M     SBT_TAPE    00:00:06     30-JUN-25      
        BP Key: 20967   Status: AVAILABLE  Compressed: YES  Tag: FULL_TNPRO_29062025_16H57
        Handle: 3fc90592-511f-4200-aedc-48597064f4c8/RMAN_incr_1198730716_TNPRO_20250630_613tb9dh_1_1.vab   Media: {3fc90592-511f-4200-aedc-48597064f4c8}
        Keep: BACKUP_LOGS        Until: 07-JUL-25      
  Control File Included: Ckp SCN: 47124933623   Ckp time: 30-JUN-25

BS Key  Type LV Size       Device Type Elapsed Time Completion Time
------- ---- -- ---------- ----------- ------------ ---------------
16899   Incr 1  16.00M     SBT_TAPE    00:00:08     01-JUL-25      
        BP Key: 20971   Status: AVAILABLE  Compressed: YES  Tag: FULL_TNPRO_29062025_16H57
        Handle: 3fc90592-511f-4200-aedc-48597064f4c8/RMAN_incr_1198730716_TNPRO_20250701_663tgi1t_1_1.vab   Media: {3fc90592-511f-4200-aedc-48597064f4c8}
        Keep: BACKUP_LOGS        Until: 08-JUL-25      
  Control File Included: Ckp SCN: 47125380540   Ckp time: 01-JUL-25

BS Key  Type LV Size       Device Type Elapsed Time Completion Time
------- ---- -- ---------- ----------- ------------ ---------------
16904   Full    16.00M     SBT_TAPE    00:00:07     01-JUL-25      
        BP Key: 20976   Status: AVAILABLE  Compressed: YES  Tag: FULL_TNPRO_29062025_16H57
        Handle: 3fc90592-511f-4200-aedc-48597064f4c8/RMAN_incr_1198730716_TNPRO_20250701_6a3tgi2v_1_1.vab   Media: {3fc90592-511f-4200-aedc-48597064f4c8}
        Keep: BACKUP_LOGS        Until: 08-JUL-25      
  Control File Included: Ckp SCN: 47125380584   Ckp time: 01-JUL-25

RMAN> 

Recovery Manager complete.
