
Recovery Manager: Release 11.2.0.4.0 - Production on Wed Jul 2 14:59:43 2025

Copyright (c) 1982, 2011, Oracle and/or its affiliates.  All rights reserved.

RMAN> 
connected to target database: BPM1PROD (DBID=1562024455)

RMAN> 2> 3> 4> 5> 6> 7> 8> 9> 
using target database control file instead of recovery catalog
allocated channel: ch1
channel ch1: SID=161 instance=bpm1prod1 device type=SBT_TAPE
channel ch1: Veeam Plug-in for Oracle RMAN

allocated channel: ch2
channel ch2: SID=49 instance=bpm1prod1 device type=SBT_TAPE
channel ch2: Veeam Plug-in for Oracle RMAN

Starting backup at 02-JUL-25
current log archived

backup will be obsolete on date 09-JUL-25
archived logs required to recover from this backup will be backed up
channel ch1: starting compressed incremental level 1 datafile backup set
channel ch1: specifying datafile(s) in backup set
input datafile file number=00005 name=+DG_BPM1PROD/bpm1prod/datafile/users.298.1067258611
input datafile file number=00018 name=+DG_BPM1PROD/bpm1prod/datafile/users.273.1046539957
input datafile file number=00021 name=+DG_BPM1PROD/bpm1prod/datafile/users.276.1046540617
input datafile file number=00024 name=+DG_BPM1PROD/bpm1prod/datafile/users.300.1071825603
input datafile file number=00029 name=+DG_BPM1PROD/bpm1prod/datafile/bpm_vmax.257.1046368133
input datafile file number=00008 name=+DG_BPM1PROD/bpm1prod/datafile/users.263.1046453077
input datafile file number=00011 name=+DG_BPM1PROD/bpm1prod/datafile/users.266.1046453779
input datafile file number=00017 name=+DG_BPM1PROD/bpm1prod/datafile/users.272.1046539819
input datafile file number=00030 name=+DG_BPM1PROD/bpm1prod/datafile/bpm_vmax.256.1046367795
input datafile file number=00032 name=+DG_BPM1PROD/bpm1prod/datafile/users.280.1046541669
input datafile file number=00038 name=+DG_BPM1PROD/bpm1prod/datafile/users.304.1107512627
input datafile file number=00040 name=+DG_BPM1PROD/bpm1prod/datafile/users.306.1109167133
input datafile file number=00043 name=+DG_BPM1PROD/bpm1prod/datafile/users.309.1118420561
input datafile file number=00045 name=+DG_BPM1PROD/bpm1prod/datafile/users.311.1122044157
input datafile file number=00026 name=+DG_BPM1PROD/bpm1prod/datafile/users.278.1046541397
input datafile file number=00015 name=+DG_BPM1PROD/bpm1prod/datafile/users.270.1046539525
input datafile file number=00025 name=+DG_BPM1PROD/bpm1prod/datafile/users.301.1072286805
input datafile file number=00013 name=+DG_BPM1PROD/bpm1prod/datafile/users.268.1046454225
input datafile file number=00014 name=+DG_BPM1PROD/bpm1prod/datafile/users.269.1046539401
input datafile file number=00042 name=+DG_BPM1PROD/bpm1prod/datafile/bpm_vmax.308.1117808141
input datafile file number=00048 name=+DG_BPM1PROD/bpm1prod/datafile/users.314.1168964391
input datafile file number=00050 name=+DG_BPM1PROD/bpm1prod/datafile/users.316.1168970935
input datafile file number=00052 name=+DG_BPM1PROD/bpm1prod/datafile/users.318.1168971279
input datafile file number=00054 name=+DG_BPM1PROD/bpm1prod/datafile/users.320.1176570641
input datafile file number=00056 name=+DG_BPM1PROD/bpm1prod/datafile/users.322.1180689767
input datafile file number=00058 name=+DG_BPM1PROD/bpm1prod/datafile/users.324.1180689887
input datafile file number=00062 name=+DG_BPM1PROD/bpm1prod/datafile/users.328.1188470599
input datafile file number=00060 name=+DG_BPM1PROD/bpm1prod/datafile/bpm_vmax.326.1186048365
input datafile file number=00001 name=+DG_BPM1PROD/bpm1prod/datafile/system.293.1049759455
input datafile file number=00035 name=+DG_BPM1PROD/bpm1prod/datafile/undotb2.289.1047464479
input datafile file number=00002 name=+DG_BPM1PROD/bpm1prod/datafile/sysaux.294.1049759479
channel ch1: starting piece 1 at 02-JUL-25
channel ch2: starting compressed incremental level 1 datafile backup set
channel ch2: specifying datafile(s) in backup set
input datafile file number=00003 name=+DG_BPM1PROD/bpm1prod/datafile/users.297.1061053341
input datafile file number=00012 name=+DG_BPM1PROD/bpm1prod/datafile/users.267.1046453957
input datafile file number=00020 name=+DG_BPM1PROD/bpm1prod/datafile/users.275.1046540245
input datafile file number=00023 name=+DG_BPM1PROD/bpm1prod/datafile/users.299.1071825603
input datafile file number=00028 name=+DG_BPM1PROD/bpm1prod/datafile/bpm_vmax.258.1046368331
input datafile file number=00007 name=+DG_BPM1PROD/bpm1prod/datafile/users.262.1046452931
input datafile file number=00009 name=+DG_BPM1PROD/bpm1prod/datafile/users.264.1046453245
input datafile file number=00016 name=+DG_BPM1PROD/bpm1prod/datafile/users.271.1046539677
input datafile file number=00022 name=+DG_BPM1PROD/bpm1prod/datafile/users.277.1046540753
input datafile file number=00031 name=+DG_BPM1PROD/bpm1prod/datafile/users.279.1046541569
input datafile file number=00033 name=+DG_BPM1PROD/bpm1prod/datafile/bpm_vmax.281.1046600953
input datafile file number=00039 name=+DG_BPM1PROD/bpm1prod/datafile/users.305.1107512663
input datafile file number=00041 name=+DG_BPM1PROD/bpm1prod/datafile/users.307.1117356897
input datafile file number=00044 name=+DG_BPM1PROD/bpm1prod/datafile/users.310.1118420693
input datafile file number=00046 name=+DG_BPM1PROD/bpm1prod/datafile/users.312.1124013451
input datafile file number=00010 name=+DG_BPM1PROD/bpm1prod/datafile/users.265.1046453427
input datafile file number=00004 name=+DG_BPM1PROD/bpm1prod/datafile/users.261.1046370427
input datafile file number=00019 name=+DG_BPM1PROD/bpm1prod/datafile/users.274.1046540089
input datafile file number=00027 name=+DG_BPM1PROD/bpm1prod/datafile/users.259.1046368987
input datafile file number=00047 name=+DG_BPM1PROD/bpm1prod/datafile/bpm_vmax.313.1149177847
input datafile file number=00049 name=+DG_BPM1PROD/bpm1prod/datafile/users.315.1168970709
input datafile file number=00051 name=+DG_BPM1PROD/bpm1prod/datafile/users.317.1168971161
input datafile file number=00053 name=+DG_BPM1PROD/bpm1prod/datafile/bpm_vmax.319.1176199095
input datafile file number=00055 name=+DG_BPM1PROD/bpm1prod/datafile/users.321.1178616715
input datafile file number=00057 name=+DG_BPM1PROD/bpm1prod/datafile/users.323.1180689839
input datafile file number=00059 name=+DG_BPM1PROD/bpm1prod/datafile/users.325.1185102431
input datafile file number=00006 name=+DG_BPM1PROD/bpm1prod/datafile/bpm_data.260.1046369509
input datafile file number=00036 name=+DG_BPM1PROD/bpm1prod/datafile/sysaux.302.1074786821
input datafile file number=00037 name=+DG_BPM1PROD/bpm1prod/datafile/sysaux.303.1074786929
input datafile file number=00061 name=+DG_BPM1PROD/bpm1prod/datafile/users.327.1187004499
input datafile file number=00034 name=+DG_BPM1PROD/bpm1prod/datafile/undotb1.288.1047464031
channel ch2: starting piece 1 at 02-JUL-25
channel ch2: finished piece 1 at 02-JUL-25
piece handle=3fc90592-511f-4200-aedc-48597064f4c8/RMAN_incr_1562024455_BPM1PROD_20250702_oo3tigbg_1_1.vab tag=FULL_BPM1PROD_29062025_20H19 comment=API Version 2.0,MMS Version 12.3.0.54
channel ch2: backup set complete, elapsed time: 00:59:46
channel ch2: starting compressed incremental level 1 datafile backup set
channel ch2: specifying datafile(s) in backup set
including current control file in backup set
channel ch2: starting piece 1 at 02-JUL-25
channel ch1: finished piece 1 at 02-JUL-25
piece handle=3fc90592-511f-4200-aedc-48597064f4c8/RMAN_incr_1562024455_BPM1PROD_20250702_on3tigbf_1_1.vab tag=FULL_BPM1PROD_29062025_20H19 comment=API Version 2.0,MMS Version 12.3.0.54
channel ch1: backup set complete, elapsed time: 00:59:54
channel ch2: finished piece 1 at 02-JUL-25
piece handle=3fc90592-511f-4200-aedc-48597064f4c8/RMAN_incr_1562024455_BPM1PROD_20250702_op3tijri_1_1.vab tag=FULL_BPM1PROD_29062025_20H19 comment=API Version 2.0,MMS Version 12.3.0.54
channel ch2: backup set complete, elapsed time: 00:00:07

backup will be obsolete on date 09-JUL-25
archived logs required to recover from this backup will be backed up
channel ch1: starting compressed full datafile backup set
channel ch1: specifying datafile(s) in backup set
including current SPFILE in backup set
channel ch1: starting piece 1 at 02-JUL-25
channel ch1: finished piece 1 at 02-JUL-25
piece handle=3fc90592-511f-4200-aedc-48597064f4c8/RMAN_incr_1562024455_BPM1PROD_20250702_oq3tijrq_1_1.vab tag=FULL_BPM1PROD_29062025_20H19 comment=API Version 2.0,MMS Version 12.3.0.54
channel ch1: backup set complete, elapsed time: 00:00:07

current log archived
backup will be obsolete on date 09-JUL-25
archived logs required to recover from this backup will be backed up
channel ch1: starting compressed archived log backup set
channel ch1: specifying archived log(s) in backup set
input archived log thread=1 sequence=181883 RECID=347198 STAMP=1205420390
input archived log thread=2 sequence=165316 RECID=347200 STAMP=1205424004
channel ch1: starting piece 1 at 02-JUL-25
channel ch2: starting compressed archived log backup set
channel ch2: specifying archived log(s) in backup set
input archived log thread=1 sequence=181884 RECID=347199 STAMP=1205424001
channel ch2: starting piece 1 at 02-JUL-25
channel ch1: finished piece 1 at 02-JUL-25
piece handle=3fc90592-511f-4200-aedc-48597064f4c8/RMAN_incr_1562024455_BPM1PROD_20250702_or3tijs4_1_1.vab tag=FULL_BPM1PROD_29062025_20H19 comment=API Version 2.0,MMS Version 12.3.0.54
channel ch1: backup set complete, elapsed time: 00:00:08
channel ch2: finished piece 1 at 02-JUL-25
piece handle=3fc90592-511f-4200-aedc-48597064f4c8/RMAN_incr_1562024455_BPM1PROD_20250702_os3tijs4_1_1.vab tag=FULL_BPM1PROD_29062025_20H19 comment=API Version 2.0,MMS Version 12.3.0.54
channel ch2: backup set complete, elapsed time: 00:00:08

backup will be obsolete on date 09-JUL-25
archived logs required to recover from this backup will be backed up
channel ch1: starting compressed full datafile backup set
channel ch1: specifying datafile(s) in backup set
including current control file in backup set
channel ch1: starting piece 1 at 02-JUL-25
channel ch1: finished piece 1 at 02-JUL-25
piece handle=3fc90592-511f-4200-aedc-48597064f4c8/RMAN_incr_1562024455_BPM1PROD_20250702_ot3tijsc_1_1.vab tag=FULL_BPM1PROD_29062025_20H19 comment=API Version 2.0,MMS Version 12.3.0.54
channel ch1: backup set complete, elapsed time: 00:00:07
Finished backup at 02-JUL-25

Starting backup at 02-JUL-25
current log archived
backup will be obsolete on date 09-JUL-25
archived logs required to recover from this backup will be backed up
skipping archived logs of thread 1 from sequence 181883 to 181884; already backed up
skipping archived log of thread 2 with sequence 165316; already backed up
channel ch1: starting compressed archived log backup set
channel ch1: specifying archived log(s) in backup set
input archived log thread=2 sequence=165301 RECID=347169 STAMP=1205283646
input archived log thread=1 sequence=181869 RECID=347170 STAMP=1205287224
input archived log thread=2 sequence=165302 RECID=347171 STAMP=1205294442
input archived log thread=1 sequence=181870 RECID=347172 STAMP=1205301606
input archived log thread=2 sequence=165303 RECID=347173 STAMP=1205305207
input archived log thread=1 sequence=181871 RECID=347175 STAMP=1205316009
input archived log thread=2 sequence=165304 RECID=347174 STAMP=1205316008
input archived log thread=2 sequence=165305 RECID=347176 STAMP=1205326817
input archived log thread=1 sequence=181872 RECID=347177 STAMP=1205330451
input archived log thread=2 sequence=165306 RECID=347178 STAMP=1205337621
input archived log thread=1 sequence=181873 RECID=347179 STAMP=1205344816
input archived log thread=2 sequence=165307 RECID=347180 STAMP=1205349775
input archived log thread=1 sequence=181874 RECID=347181 STAMP=1205356028
input archived log thread=2 sequence=165308 RECID=347184 STAMP=1205356036
input archived log thread=1 sequence=181875 RECID=347182 STAMP=1205356031
channel ch1: starting piece 1 at 02-JUL-25
channel ch2: starting compressed archived log backup set
channel ch2: specifying archived log(s) in backup set
input archived log thread=1 sequence=181876 RECID=347183 STAMP=1205356034
input archived log thread=1 sequence=181877 RECID=347185 STAMP=1205359241
input archived log thread=2 sequence=165309 RECID=347187 STAMP=1205362811
input archived log thread=1 sequence=181878 RECID=347186 STAMP=1205362808
input archived log thread=1 sequence=181879 RECID=347189 STAMP=1205373604
input archived log thread=2 sequence=165310 RECID=347188 STAMP=1205370185
input archived log thread=2 sequence=165311 RECID=347190 STAMP=1205384413
input archived log thread=1 sequence=181880 RECID=347191 STAMP=1205388005
input archived log thread=2 sequence=165312 RECID=347192 STAMP=1205395246
input archived log thread=1 sequence=181881 RECID=347193 STAMP=1205402424
input archived log thread=2 sequence=165313 RECID=347194 STAMP=1205407661
input archived log thread=1 sequence=181882 RECID=347195 STAMP=1205416802
input archived log thread=2 sequence=165314 RECID=347196 STAMP=1205416860
input archived log thread=2 sequence=165315 RECID=347197 STAMP=1205420388
input archived log thread=1 sequence=181885 RECID=347202 STAMP=1205424024
input archived log thread=2 sequence=165317 RECID=347201 STAMP=1205424022
channel ch2: starting piece 1 at 02-JUL-25
channel ch2: finished piece 1 at 02-JUL-25
piece handle=3fc90592-511f-4200-aedc-48597064f4c8/RMAN_incr_1562024455_BPM1PROD_20250702_ov3tijsp_1_1.vab tag=FULL_BPM1PROD_29062025_20H19 comment=API Version 2.0,MMS Version 12.3.0.54
channel ch2: backup set complete, elapsed time: 00:00:15
channel ch2: deleting archived log(s)
archived log file name=+DG_FRA/bpm1prod/archivelog/2025_07_01/thread_1_seq_181876.13055.1205356035 RECID=347183 STAMP=1205356034
archived log file name=+DG_FRA/bpm1prod/archivelog/2025_07_01/thread_1_seq_181877.11237.1205359241 RECID=347185 STAMP=1205359241
archived log file name=+DG_FRA/bpm1prod/archivelog/2025_07_01/thread_2_seq_165309.11062.1205362811 RECID=347187 STAMP=1205362811
archived log file name=+DG_FRA/bpm1prod/archivelog/2025_07_01/thread_1_seq_181878.11851.1205362809 RECID=347186 STAMP=1205362808
archived log file name=+DG_FRA/bpm1prod/archivelog/2025_07_02/thread_1_seq_181879.11089.1205373605 RECID=347189 STAMP=1205373604
archived log file name=+DG_FRA/bpm1prod/archivelog/2025_07_02/thread_2_seq_165310.11991.1205370185 RECID=347188 STAMP=1205370185
archived log file name=+DG_FRA/bpm1prod/archivelog/2025_07_02/thread_2_seq_165311.12828.1205384413 RECID=347190 STAMP=1205384413
archived log file name=+DG_FRA/bpm1prod/archivelog/2025_07_02/thread_1_seq_181880.10156.1205388005 RECID=347191 STAMP=1205388005
archived log file name=+DG_FRA/bpm1prod/archivelog/2025_07_02/thread_2_seq_165312.9985.1205395247 RECID=347192 STAMP=1205395246
archived log file name=+DG_FRA/bpm1prod/archivelog/2025_07_02/thread_1_seq_181881.12566.1205402425 RECID=347193 STAMP=1205402424
archived log file name=+DG_FRA/bpm1prod/archivelog/2025_07_02/thread_2_seq_165313.11826.1205407661 RECID=347194 STAMP=1205407661
archived log file name=+DG_FRA/bpm1prod/archivelog/2025_07_02/thread_1_seq_181882.11153.1205416803 RECID=347195 STAMP=1205416802
archived log file name=+DG_FRA/bpm1prod/archivelog/2025_07_02/thread_2_seq_165314.6779.1205416861 RECID=347196 STAMP=1205416860
archived log file name=+DG_FRA/bpm1prod/archivelog/2025_07_02/thread_2_seq_165315.11862.1205420389 RECID=347197 STAMP=1205420388
archived log file name=+DG_FRA/bpm1prod/archivelog/2025_07_02/thread_1_seq_181885.12735.1205424025 RECID=347202 STAMP=1205424024
archived log file name=+DG_FRA/bpm1prod/archivelog/2025_07_02/thread_2_seq_165317.12372.1205424023 RECID=347201 STAMP=1205424022
channel ch2: deleting archived log(s)
archived log file name=+DG_FRA/bpm1prod/archivelog/2025_07_02/thread_1_seq_181883.4106.1205420391 RECID=347198 STAMP=1205420390
archived log file name=+DG_FRA/bpm1prod/archivelog/2025_07_02/thread_1_seq_181884.12025.1205424001 RECID=347199 STAMP=1205424001
archived log file name=+DG_FRA/bpm1prod/archivelog/2025_07_02/thread_2_seq_165316.12728.1205424005 RECID=347200 STAMP=1205424004
channel ch1: finished piece 1 at 02-JUL-25
piece handle=3fc90592-511f-4200-aedc-48597064f4c8/RMAN_incr_1562024455_BPM1PROD_20250702_ou3tijsp_1_1.vab tag=FULL_BPM1PROD_29062025_20H19 comment=API Version 2.0,MMS Version 12.3.0.54
channel ch1: backup set complete, elapsed time: 00:00:26
channel ch1: deleting archived log(s)
archived log file name=+DG_FRA/bpm1prod/archivelog/2025_07_01/thread_2_seq_165301.1006.1205283647 RECID=347169 STAMP=1205283646
archived log file name=+DG_FRA/bpm1prod/archivelog/2025_07_01/thread_1_seq_181869.5183.1205287225 RECID=347170 STAMP=1205287224
archived log file name=+DG_FRA/bpm1prod/archivelog/2025_07_01/thread_2_seq_165302.12106.1205294443 RECID=347171 STAMP=1205294442
archived log file name=+DG_FRA/bpm1prod/archivelog/2025_07_01/thread_1_seq_181870.10247.1205301607 RECID=347172 STAMP=1205301606
archived log file name=+DG_FRA/bpm1prod/archivelog/2025_07_01/thread_2_seq_165303.311.1205305207 RECID=347173 STAMP=1205305207
archived log file name=+DG_FRA/bpm1prod/archivelog/2025_07_01/thread_1_seq_181871.10279.1205316009 RECID=347175 STAMP=1205316009
archived log file name=+DG_FRA/bpm1prod/archivelog/2025_07_01/thread_2_seq_165304.12706.1205316007 RECID=347174 STAMP=1205316008
archived log file name=+DG_FRA/bpm1prod/archivelog/2025_07_01/thread_2_seq_165305.11466.1205326817 RECID=347176 STAMP=1205326817
archived log file name=+DG_FRA/bpm1prod/archivelog/2025_07_01/thread_1_seq_181872.8875.1205330451 RECID=347177 STAMP=1205330451
archived log file name=+DG_FRA/bpm1prod/archivelog/2025_07_01/thread_2_seq_165306.12486.1205337621 RECID=347178 STAMP=1205337621
archived log file name=+DG_FRA/bpm1prod/archivelog/2025_07_01/thread_1_seq_181873.12756.1205344817 RECID=347179 STAMP=1205344816
archived log file name=+DG_FRA/bpm1prod/archivelog/2025_07_01/thread_2_seq_165307.11472.1205349775 RECID=347180 STAMP=1205349775
archived log file name=+DG_FRA/bpm1prod/archivelog/2025_07_01/thread_1_seq_181874.12318.1205356029 RECID=347181 STAMP=1205356028
archived log file name=+DG_FRA/bpm1prod/archivelog/2025_07_01/thread_2_seq_165308.10973.1205356037 RECID=347184 STAMP=1205356036
archived log file name=+DG_FRA/bpm1prod/archivelog/2025_07_01/thread_1_seq_181875.12949.1205356031 RECID=347182 STAMP=1205356031
Finished backup at 02-JUL-25

released channel: ch1

released channel: ch2

RMAN retention policy will be applied to the command
RMAN retention policy is set to redundancy 1
allocated channel: ORA_DISK_1
channel ORA_DISK_1: SID=161 instance=bpm1prod1 device type=DISK
allocated channel: ORA_DISK_2
channel ORA_DISK_2: SID=49 instance=bpm1prod1 device type=DISK
allocated channel: ORA_SBT_TAPE_1
channel ORA_SBT_TAPE_1: SID=67 instance=bpm1prod1 device type=SBT_TAPE
channel ORA_SBT_TAPE_1: Veeam Plug-in for Oracle RMAN
allocated channel: ORA_SBT_TAPE_2
channel ORA_SBT_TAPE_2: SID=140 instance=bpm1prod1 device type=SBT_TAPE
channel ORA_SBT_TAPE_2: Veeam Plug-in for Oracle RMAN
allocated channel: ORA_SBT_TAPE_3
channel ORA_SBT_TAPE_3: SID=288 instance=bpm1prod1 device type=SBT_TAPE
channel ORA_SBT_TAPE_3: Veeam Plug-in for Oracle RMAN
allocated channel: ORA_SBT_TAPE_4
channel ORA_SBT_TAPE_4: SID=642 instance=bpm1prod1 device type=SBT_TAPE
channel ORA_SBT_TAPE_4: Veeam Plug-in for Oracle RMAN
Deleting the following obsolete backups and copies:
Type                 Key    Completion Time    Filename/Handle
-------------------- ------ ------------------ --------------------
Backup Set           18112  24-JUN-25         
  Backup Piece       31607  24-JUN-25          3fc90592-511f-4200-aedc-48597064f4c8/RMAN_incr_1562024455_BPM1PROD_20250624_il3sr3jd_1_1.vab
Backup Set           18110  24-JUN-25         
  Backup Piece       31605  24-JUN-25          3fc90592-511f-4200-aedc-48597064f4c8/RMAN_incr_1562024455_BPM1PROD_20250624_im3sr3jd_1_1.vab
Backup Set           18111  24-JUN-25         
  Backup Piece       31606  24-JUN-25          3fc90592-511f-4200-aedc-48597064f4c8/RMAN_incr_1562024455_BPM1PROD_20250624_in3sr84k_1_1.vab
Backup Set           18113  24-JUN-25         
  Backup Piece       31608  24-JUN-25          3fc90592-511f-4200-aedc-48597064f4c8/RMAN_incr_1562024455_BPM1PROD_20250624_io3sr85f_1_1.vab
Backup Set           18114  24-JUN-25         
  Backup Piece       31609  24-JUN-25          3fc90592-511f-4200-aedc-48597064f4c8/RMAN_incr_1562024455_BPM1PROD_20250624_ip3sr85p_1_1.vab
Backup Set           18115  24-JUN-25         
  Backup Piece       31610  24-JUN-25          3fc90592-511f-4200-aedc-48597064f4c8/RMAN_incr_1562024455_BPM1PROD_20250624_iq3sr85q_1_1.vab
Backup Set           18116  24-JUN-25         
  Backup Piece       31611  24-JUN-25          3fc90592-511f-4200-aedc-48597064f4c8/RMAN_incr_1562024455_BPM1PROD_20250624_ir3sr869_1_1.vab
Backup Set           18118  24-JUN-25         
  Backup Piece       31613  24-JUN-25          3fc90592-511f-4200-aedc-48597064f4c8/RMAN_incr_1562024455_BPM1PROD_20250624_is3sr873_1_1.vab
Backup Set           18117  24-JUN-25         
  Backup Piece       31612  24-JUN-25          3fc90592-511f-4200-aedc-48597064f4c8/RMAN_incr_1562024455_BPM1PROD_20250624_it3sr874_1_1.vab
Backup Set           18119  24-JUN-25         
  Backup Piece       31614  24-JUN-25          3fc90592-511f-4200-aedc-48597064f4c8/RMAN_incr_1562024455_BPM1PROD_20250624_iu3sr87v_1_1.vab
Backup Set           18122  25-JUN-25         
  Backup Piece       31617  25-JUN-25          3fc90592-511f-4200-aedc-48597064f4c8/RMAN_incr_1562024455_BPM1PROD_20250625_j13ssuum_1_1.vab
Backup Set           18120  25-JUN-25         
  Backup Piece       31615  25-JUN-25          3fc90592-511f-4200-aedc-48597064f4c8/RMAN_incr_1562024455_BPM1PROD_20250625_j23ssuun_1_1.vab
Backup Set           18121  25-JUN-25         
  Backup Piece       31616  25-JUN-25          3fc90592-511f-4200-aedc-48597064f4c8/RMAN_incr_1562024455_BPM1PROD_20250625_j33st03q_1_1.vab
Backup Set           18123  25-JUN-25         
  Backup Piece       31618  25-JUN-25          3fc90592-511f-4200-aedc-48597064f4c8/RMAN_incr_1562024455_BPM1PROD_20250625_j43st04l_1_1.vab
Backup Set           18124  25-JUN-25         
  Backup Piece       31619  25-JUN-25          3fc90592-511f-4200-aedc-48597064f4c8/RMAN_incr_1562024455_BPM1PROD_20250625_j53st050_1_1.vab
Backup Set           18125  25-JUN-25         
  Backup Piece       31620  25-JUN-25          3fc90592-511f-4200-aedc-48597064f4c8/RMAN_incr_1562024455_BPM1PROD_20250625_j63st050_1_1.vab
Backup Set           18126  25-JUN-25         
  Backup Piece       31621  25-JUN-25          3fc90592-511f-4200-aedc-48597064f4c8/RMAN_incr_1562024455_BPM1PROD_20250625_j73st057_1_1.vab
Backup Set           18127  25-JUN-25         
  Backup Piece       31622  25-JUN-25          3fc90592-511f-4200-aedc-48597064f4c8/RMAN_incr_1562024455_BPM1PROD_20250625_j83st05p_1_1.vab
Backup Set           18128  25-JUN-25         
  Backup Piece       31623  25-JUN-25          3fc90592-511f-4200-aedc-48597064f4c8/RMAN_incr_1562024455_BPM1PROD_20250625_j93st05p_1_1.vab
Backup Set           18129  25-JUN-25         
  Backup Piece       31624  25-JUN-25          3fc90592-511f-4200-aedc-48597064f4c8/RMAN_incr_1562024455_BPM1PROD_20250625_ja3st060_1_1.vab
deleted backup piece
backup piece handle=3fc90592-511f-4200-aedc-48597064f4c8/RMAN_incr_1562024455_BPM1PROD_20250624_il3sr3jd_1_1.vab RECID=31607 STAMP=1204653678
deleted backup piece
backup piece handle=3fc90592-511f-4200-aedc-48597064f4c8/RMAN_incr_1562024455_BPM1PROD_20250624_im3sr3jd_1_1.vab RECID=31605 STAMP=1204653679
deleted backup piece
backup piece handle=3fc90592-511f-4200-aedc-48597064f4c8/RMAN_incr_1562024455_BPM1PROD_20250624_in3sr84k_1_1.vab RECID=31606 STAMP=1204658325
deleted backup piece
backup piece handle=3fc90592-511f-4200-aedc-48597064f4c8/RMAN_incr_1562024455_BPM1PROD_20250624_io3sr85f_1_1.vab RECID=31608 STAMP=1204658351
deleted backup piece
backup piece handle=3fc90592-511f-4200-aedc-48597064f4c8/RMAN_incr_1562024455_BPM1PROD_20250624_ip3sr85p_1_1.vab RECID=31609 STAMP=1204658362
deleted backup piece
backup piece handle=3fc90592-511f-4200-aedc-48597064f4c8/RMAN_incr_1562024455_BPM1PROD_20250624_iq3sr85q_1_1.vab RECID=31610 STAMP=1204658362
deleted backup piece
backup piece handle=3fc90592-511f-4200-aedc-48597064f4c8/RMAN_incr_1562024455_BPM1PROD_20250624_ir3sr869_1_1.vab RECID=31611 STAMP=1204658380
deleted backup piece
backup piece handle=3fc90592-511f-4200-aedc-48597064f4c8/RMAN_incr_1562024455_BPM1PROD_20250624_is3sr873_1_1.vab RECID=31613 STAMP=1204658404
deleted backup piece
backup piece handle=3fc90592-511f-4200-aedc-48597064f4c8/RMAN_incr_1562024455_BPM1PROD_20250624_it3sr874_1_1.vab RECID=31612 STAMP=1204658405
deleted backup piece
backup piece handle=3fc90592-511f-4200-aedc-48597064f4c8/RMAN_incr_1562024455_BPM1PROD_20250624_iu3sr87v_1_1.vab RECID=31614 STAMP=1204658431
deleted backup piece
backup piece handle=3fc90592-511f-4200-aedc-48597064f4c8/RMAN_incr_1562024455_BPM1PROD_20250625_j13ssuum_1_1.vab RECID=31617 STAMP=1204714455
deleted backup piece
backup piece handle=3fc90592-511f-4200-aedc-48597064f4c8/RMAN_incr_1562024455_BPM1PROD_20250625_j23ssuun_1_1.vab RECID=31615 STAMP=1204714457
deleted backup piece
backup piece handle=3fc90592-511f-4200-aedc-48597064f4c8/RMAN_incr_1562024455_BPM1PROD_20250625_j33st03q_1_1.vab RECID=31616 STAMP=1204715643
deleted backup piece
backup piece handle=3fc90592-511f-4200-aedc-48597064f4c8/RMAN_incr_1562024455_BPM1PROD_20250625_j43st04l_1_1.vab RECID=31618 STAMP=1204715669
deleted backup piece
backup piece handle=3fc90592-511f-4200-aedc-48597064f4c8/RMAN_incr_1562024455_BPM1PROD_20250625_j53st050_1_1.vab RECID=31619 STAMP=1204715680
deleted backup piece
backup piece handle=3fc90592-511f-4200-aedc-48597064f4c8/RMAN_incr_1562024455_BPM1PROD_20250625_j63st050_1_1.vab RECID=31620 STAMP=1204715680
deleted backup piece
backup piece handle=3fc90592-511f-4200-aedc-48597064f4c8/RMAN_incr_1562024455_BPM1PROD_20250625_j73st057_1_1.vab RECID=31621 STAMP=1204715688
deleted backup piece
backup piece handle=3fc90592-511f-4200-aedc-48597064f4c8/RMAN_incr_1562024455_BPM1PROD_20250625_j83st05p_1_1.vab RECID=31622 STAMP=1204715705
deleted backup piece
backup piece handle=3fc90592-511f-4200-aedc-48597064f4c8/RMAN_incr_1562024455_BPM1PROD_20250625_j93st05p_1_1.vab RECID=31623 STAMP=1204715705
deleted backup piece
backup piece handle=3fc90592-511f-4200-aedc-48597064f4c8/RMAN_incr_1562024455_BPM1PROD_20250625_ja3st060_1_1.vab RECID=31624 STAMP=1204715712
Deleted 20 objects


RMAN> 

List of Backup Sets
===================


BS Key  Type LV Size       Device Type Elapsed Time Completion Time
------- ---- -- ---------- ----------- ------------ ---------------
18218   Full    8.00M      SBT_TAPE    00:00:34     30-JUN-25      
        BP Key: 31766   Status: AVAILABLE  Compressed: YES  Tag: FULL_BPM1PROD_29062025_20H19
        Handle: 49ddb6dc-1b25-4d5a-b1e4-2d77ff027b09/RMAN_full_1562024455_BPM1PROD_20250630_o03t99bc_1_1.vab   Media: {49ddb6dc-1b25-4d5a-b1e4-2d77ff027b09}
        Keep: BACKUP_LOGS        Until: 28-JUN-35      
  SPFILE Included: Modification time: 28-JUN-25
  SPFILE db_unique_name: BPM1PROD

BS Key  Type LV Size       Device Type Elapsed Time Completion Time
------- ---- -- ---------- ----------- ------------ ---------------
18232   Full    8.00M      SBT_TAPE    00:00:16     30-JUN-25      
        BP Key: 31780   Status: AVAILABLE  Compressed: YES  Tag: FULL_BPM1PROD_29062025_20H19
        Handle: 3fc90592-511f-4200-aedc-48597064f4c8/RMAN_incr_1562024455_BPM1PROD_20250630_oe3tbe4o_1_1.vab   Media: {3fc90592-511f-4200-aedc-48597064f4c8}
        Keep: BACKUP_LOGS        Until: 07-JUL-25      
  SPFILE Included: Modification time: 28-JUN-25
  SPFILE db_unique_name: BPM1PROD

BS Key  Type LV Size       Device Type Elapsed Time Completion Time
------- ---- -- ---------- ----------- ------------ ---------------
18242   Full    8.00M      SBT_TAPE    00:00:06     02-JUL-25      
        BP Key: 31790   Status: AVAILABLE  Compressed: YES  Tag: FULL_BPM1PROD_29062025_20H19
        Handle: 3fc90592-511f-4200-aedc-48597064f4c8/RMAN_incr_1562024455_BPM1PROD_20250702_oq3tijrq_1_1.vab   Media: {3fc90592-511f-4200-aedc-48597064f4c8}
        Keep: BACKUP_LOGS        Until: 09-JUL-25      
  SPFILE Included: Modification time: 28-JUN-25
  SPFILE db_unique_name: BPM1PROD

RMAN> 

List of Backup Sets
===================


BS Key  Type LV Size       Device Type Elapsed Time Completion Time
------- ---- -- ---------- ----------- ------------ ---------------
18214   Incr 0  16.00M     SBT_TAPE    00:00:46     30-JUN-25      
        BP Key: 31762   Status: AVAILABLE  Compressed: YES  Tag: FULL_BPM1PROD_29062025_20H19
        Handle: 49ddb6dc-1b25-4d5a-b1e4-2d77ff027b09/RMAN_full_1562024455_BPM1PROD_20250630_nv3t988o_1_1.vab   Media: {49ddb6dc-1b25-4d5a-b1e4-2d77ff027b09}
        Keep: BACKUP_LOGS        Until: 27-JUN-35      
  Control File Included: Ckp SCN: 47124645342   Ckp time: 30-JUN-25

BS Key  Type LV Size       Device Type Elapsed Time Completion Time
------- ---- -- ---------- ----------- ------------ ---------------
18223   Full    16.00M     SBT_TAPE    00:00:22     30-JUN-25      
        BP Key: 31771   Status: AVAILABLE  Compressed: YES  Tag: FULL_BPM1PROD_29062025_20H19
        Handle: 49ddb6dc-1b25-4d5a-b1e4-2d77ff027b09/RMAN_full_1562024455_BPM1PROD_20250630_o53t99e4_1_1.vab   Media: {49ddb6dc-1b25-4d5a-b1e4-2d77ff027b09}
        Keep: BACKUP_LOGS        Until: 28-JUN-35      
  Control File Included: Ckp SCN: 47124650008   Ckp time: 30-JUN-25

BS Key  Type LV Size       Device Type Elapsed Time Completion Time
------- ---- -- ---------- ----------- ------------ ---------------
18230   Incr 1  16.00M     SBT_TAPE    00:00:21     30-JUN-25      
        BP Key: 31778   Status: AVAILABLE  Compressed: YES  Tag: FULL_BPM1PROD_29062025_20H19
        Handle: 3fc90592-511f-4200-aedc-48597064f4c8/RMAN_incr_1562024455_BPM1PROD_20250630_od3tbe30_1_1.vab   Media: {3fc90592-511f-4200-aedc-48597064f4c8}
        Keep: BACKUP_LOGS        Until: 07-JUL-25      
  Control File Included: Ckp SCN: 47124791389   Ckp time: 30-JUN-25

BS Key  Type LV Size       Device Type Elapsed Time Completion Time
------- ---- -- ---------- ----------- ------------ ---------------
18235   Full    16.00M     SBT_TAPE    00:00:16     30-JUN-25      
        BP Key: 31783   Status: AVAILABLE  Compressed: YES  Tag: FULL_BPM1PROD_29062025_20H19
        Handle: 3fc90592-511f-4200-aedc-48597064f4c8/RMAN_incr_1562024455_BPM1PROD_20250630_oh3tbe6i_1_1.vab   Media: {3fc90592-511f-4200-aedc-48597064f4c8}
        Keep: BACKUP_LOGS        Until: 07-JUL-25      
  Control File Included: Ckp SCN: 47124791517   Ckp time: 30-JUN-25

BS Key  Type LV Size       Device Type Elapsed Time Completion Time
------- ---- -- ---------- ----------- ------------ ---------------
18241   Incr 1  16.00M     SBT_TAPE    00:00:07     02-JUL-25      
        BP Key: 31789   Status: AVAILABLE  Compressed: YES  Tag: FULL_BPM1PROD_29062025_20H19
        Handle: 3fc90592-511f-4200-aedc-48597064f4c8/RMAN_incr_1562024455_BPM1PROD_20250702_op3tijri_1_1.vab   Media: {3fc90592-511f-4200-aedc-48597064f4c8}
        Keep: BACKUP_LOGS        Until: 09-JUL-25      
  Control File Included: Ckp SCN: 47125579416   Ckp time: 02-JUL-25

BS Key  Type LV Size       Device Type Elapsed Time Completion Time
------- ---- -- ---------- ----------- ------------ ---------------
18245   Full    16.00M     SBT_TAPE    00:00:07     02-JUL-25      
        BP Key: 31793   Status: AVAILABLE  Compressed: YES  Tag: FULL_BPM1PROD_29062025_20H19
        Handle: 3fc90592-511f-4200-aedc-48597064f4c8/RMAN_incr_1562024455_BPM1PROD_20250702_ot3tijsc_1_1.vab   Media: {3fc90592-511f-4200-aedc-48597064f4c8}
        Keep: BACKUP_LOGS        Until: 09-JUL-25      
  Control File Included: Ckp SCN: 47125579554   Ckp time: 02-JUL-25

RMAN> 

Recovery Manager complete.
