
Recovery Manager: Release 11.2.0.4.0 - Production on Wed Jun 25 01:00:03 2025

Copyright (c) 1982, 2011, Oracle and/or its affiliates.  All rights reserved.

RMAN> 
connected to target database: TNPRO (DBID=1198730716)

RMAN> 2> 3> 4> 5> 6> 7> 8> 9> 
using target database control file instead of recovery catalog
allocated channel: ch1
channel ch1: SID=926 instance=tnpro1 device type=SBT_TAPE
channel ch1: Veeam Plug-in for Oracle RMAN

allocated channel: ch2
channel ch2: SID=1842 instance=tnpro1 device type=SBT_TAPE
channel ch2: Veeam Plug-in for Oracle RMAN

Starting backup at 25-JUN-25
current log archived

backup will be obsolete on date 02-JUL-25
archived logs required to recover from this backup will be backed up
channel ch1: starting compressed incremental level 1 datafile backup set
channel ch1: specifying datafile(s) in backup set
input datafile file number=00004 name=+DG_TNPRO/tnpro/datafile/users.276.1047636911
input datafile file number=00008 name=+DG_TNPRO/tnpro/datafile/bpm_index.266.1047635815
input datafile file number=00014 name=+DG_TNPRO/tnpro/datafile/users.279.1047637405
input datafile file number=00016 name=+DG_TNPRO/tnpro/datafile/bpm_index.268.1047636041
input datafile file number=00018 name=+DG_TNPRO/tnpro/datafile/users.282.1047637827
input datafile file number=00024 name=+DG_TNPRO/tnpro/datafile/bpm_index.265.1047635767
input datafile file number=00029 name=+DG_TNPRO/tnpro/datafile/bpm.259.1047634877
input datafile file number=00003 name=+DG_TNPRO/tnpro/datafile/bpm_index.318.1060600329
input datafile file number=00011 name=+DG_TNPRO/tnpro/datafile/bpm.262.1047635197
input datafile file number=00019 name=+DG_TNPRO/tnpro/datafile/users.295.1047647567
input datafile file number=00021 name=+DG_TNPRO/tnpro/datafile/users.281.1047637777
input datafile file number=00028 name=+DG_TNPRO/tnpro/datafile/users.278.1047637355
input datafile file number=00031 name=+DG_TNPRO/tnpro/datafile/users.294.1047647517
input datafile file number=00052 name=+DG_TNPRO/tnpro/datafile/undotb01.305.1047650849
input datafile file number=00010 name=+DG_TNPRO/tnpro/datafile/users.288.1047646943
input datafile file number=00036 name=+DG_TNPRO/tnpro/datafile/users.293.1047647469
input datafile file number=00038 name=+DG_TNPRO/tnpro/datafile/users.283.1047638175
input datafile file number=00058 name=+DG_TNPRO/tnpro/datafile/bpm_index.330.1145784777
input datafile file number=00043 name=+DG_TNPRO/tnpro/datafile/bpm_index.270.1047636119
input datafile file number=00002 name=+DG_TNPRO/tnpro/datafile/sysaux.312.1049756329
input datafile file number=00001 name=+DG_TNPRO/tnpro/datafile/system.309.1049756205
input datafile file number=00049 name=+DG_TNPRO/tnpro/datafile/sysaux.313.1049756329
input datafile file number=00053 name=+DG_TNPRO/tnpro/datafile/undotb02.306.1047651111
input datafile file number=00057 name=+DG_TNPRO/tnpro/datafile/bpm.329.1141467023
input datafile file number=00026 name=+DG_TNPRO/tnpro/datafile/bpm_trace.272.1047636363
input datafile file number=00027 name=+DG_TNPRO/tnpro/datafile/bpm_trace.273.1047636367
input datafile file number=00046 name=+DG_TNPRO/tnpro/datafile/system.310.1049756251
input datafile file number=00047 name=+DG_TNPRO/tnpro/datafile/system.311.1049756251
input datafile file number=00045 name=+DG_TNPRO/tnpro/datafile/bpm.325.1129898839
channel ch1: starting piece 1 at 25-JUN-25
channel ch2: starting compressed incremental level 1 datafile backup set
channel ch2: specifying datafile(s) in backup set
input datafile file number=00007 name=+DG_TNPRO/tnpro/datafile/bpm.256.1047634413
input datafile file number=00012 name=+DG_TNPRO/tnpro/datafile/users.286.1047638323
input datafile file number=00015 name=+DG_TNPRO/tnpro/datafile/users.275.1047636863
input datafile file number=00017 name=+DG_TNPRO/tnpro/datafile/bpm.257.1047634459
input datafile file number=00023 name=+DG_TNPRO/tnpro/datafile/bpm.260.1047634925
input datafile file number=00025 name=+DG_TNPRO/tnpro/datafile/users.285.1047638273
input datafile file number=00048 name=+DG_TNPRO/tnpro/datafile/bpm.263.1047635245
input datafile file number=00005 name=+DG_TNPRO/tnpro/datafile/bpm_index.319.1060600491
input datafile file number=00013 name=+DG_TNPRO/tnpro/datafile/users.274.1047636813
input datafile file number=00020 name=+DG_TNPRO/tnpro/datafile/users.289.1047646993
input datafile file number=00022 name=+DG_TNPRO/tnpro/datafile/users.284.1047638223
input datafile file number=00030 name=+DG_TNPRO/tnpro/datafile/bpm.324.1072273477
input datafile file number=00051 name=+DG_TNPRO/tnpro/datafile/bpm.261.1047634973
input datafile file number=00044 name=+DG_TNPRO/tnpro/datafile/bpm.264.1047635275
input datafile file number=00032 name=+DG_TNPRO/tnpro/datafile/bpm.258.1047634509
input datafile file number=00035 name=+DG_TNPRO/tnpro/datafile/users.280.1047637729
input datafile file number=00055 name=+DG_TNPRO/tnpro/datafile/bpm.327.1141466517
input datafile file number=00056 name=+DG_TNPRO/tnpro/datafile/bpm.328.1141466651
input datafile file number=00059 name=+DG_TNPRO/tnpro/datafile/bpm_index.331.1182935997
input datafile file number=00034 name=+DG_TNPRO/tnpro/datafile/users.277.1047637317
input datafile file number=00042 name=+DG_TNPRO/tnpro/datafile/bpm_index.267.1047635865
input datafile file number=00050 name=+DG_TNPRO/tnpro/datafile/bpm_index.269.1047636089
input datafile file number=00033 name=+DG_TNPRO/tnpro/datafile/system.308.1049756205
input datafile file number=00054 name=+DG_TNPRO/tnpro/datafile/bpm.326.1129898871
input datafile file number=00006 name=+DG_TNPRO/tnpro/datafile/example.296.1047647757
input datafile file number=00037 name=+DG_TNPRO/tnpro/datafile/users.292.1047647465
input datafile file number=00039 name=+DG_TNPRO/tnpro/datafile/users.291.1047647461
input datafile file number=00040 name=+DG_TNPRO/tnpro/datafile/users.290.1047647043
input datafile file number=00041 name=+DG_TNPRO/tnpro/datafile/users.287.1047646939
input datafile file number=00009 name=+DG_TNPRO/tnpro/datafile/bpm_trace.271.1047636359
channel ch2: starting piece 1 at 25-JUN-25
RMAN-03009: failure of backup command on ch2 channel at 06/25/2025 01:12:50
ORA-19506: failed to create sequential file, name="3fc90592-511f-4200-aedc-48597064f4c8/RMAN_incr_1198730716_TNPRO_20250625_1a3srs58_1_1.vab", parms=""
ORA-27028: skgfqcre: sbtbackup returned error
ORA-19511: Error received from media manager layer, error text:
   TCP stream was closed
--tr:Failed to start source agent.
--tr:Failed to start shared source agent.
--tr:Failed to get agents session.
--tr:Failed to create RMAN backup file session.
channel ch2 disabled, job failed on it will be run on another channel
released channel: ch1
released channel: ch2
RMAN-00571: ===========================================================
RMAN-00569: =============== ERROR MESSAGE STACK FOLLOWS ===============
RMAN-00571: ===========================================================
RMAN-03002: failure of backup command at 06/25/2025 01:16:05
ORA-19506: failed to create sequential file, name="3fc90592-511f-4200-aedc-48597064f4c8/RMAN_incr_1198730716_TNPRO_20250625_193srs57_1_1.vab", parms=""
ORA-27028: skgfqcre: sbtbackup returned error
ORA-19511: Error received from media manager layer, error text:
   TCP stream was closed
--tr:Failed to start source agent.
--tr:Failed to start shared source agent.
--tr:Failed to get agents session.
--tr:Failed to create RMAN backup file session.

RMAN> 

List of Backup Sets
===================


BS Key  Type LV Size       Device Type Elapsed Time Completion Time
------- ---- -- ---------- ----------- ------------ ---------------
16775   Full    8.00M      SBT_TAPE    00:00:21     22-JUN-25      
        BP Key: 20805   Status: AVAILABLE  Compressed: YES  Tag: FULL_TNPRO_22062025_01H00
        Handle: 3fc90592-511f-4200-aedc-48597064f4c8/RMAN_full_1198730716_TNPRO_20250622_0j3skca4_1_1.vab   Media: {3fc90592-511f-4200-aedc-48597064f4c8}
        Keep: BACKUP_LOGS        Until: 22-JUL-25      
  SPFILE Included: Modification time: 21-JUN-25
  SPFILE db_unique_name: TNPRO

BS Key  Type LV Size       Device Type Elapsed Time Completion Time
------- ---- -- ---------- ----------- ------------ ---------------
16788   Full    8.00M      SBT_TAPE    00:00:02     24-JUN-25      
        BP Key: 20818   Status: AVAILABLE  Compressed: YES  Tag: FULL_TNPRO_22062025_01H00
        Handle: 3fc90592-511f-4200-aedc-48597064f4c8/RMAN_incr_1198730716_TNPRO_20250624_123sr8e5_1_1.vab   Media: {3fc90592-511f-4200-aedc-48597064f4c8}
        Keep: BACKUP_LOGS        Until: 01-JUL-25      
  SPFILE Included: Modification time: 23-JUN-25
  SPFILE db_unique_name: TNPRO

RMAN> 

List of Backup Sets
===================


BS Key  Type LV Size       Device Type Elapsed Time Completion Time
------- ---- -- ---------- ----------- ------------ ---------------
16773   Incr 0  16.00M     SBT_TAPE    00:00:14     22-JUN-25      
        BP Key: 20801   Status: AVAILABLE  Compressed: YES  Tag: FULL_TNPRO_22062025_01H00
        Handle: 3fc90592-511f-4200-aedc-48597064f4c8/RMAN_full_1198730716_TNPRO_20250622_0i3skbg9_1_1.vab   Media: {3fc90592-511f-4200-aedc-48597064f4c8}
        Keep: BACKUP_LOGS        Until: 22-JUL-25      
  Control File Included: Ckp SCN: 47075619131   Ckp time: 22-JUN-25

BS Key  Type LV Size       Device Type Elapsed Time Completion Time
------- ---- -- ---------- ----------- ------------ ---------------
16779   Full    16.00M     SBT_TAPE    00:00:09     22-JUN-25      
        BP Key: 20809   Status: AVAILABLE  Compressed: YES  Tag: FULL_TNPRO_22062025_01H00
        Handle: 3fc90592-511f-4200-aedc-48597064f4c8/RMAN_full_1198730716_TNPRO_20250622_0n3skcbr_1_1.vab   Media: {3fc90592-511f-4200-aedc-48597064f4c8}
        Keep: BACKUP_LOGS        Until: 22-JUL-25      
  Control File Included: Ckp SCN: 47075620485   Ckp time: 22-JUN-25

BS Key  Type LV Size       Device Type Elapsed Time Completion Time
------- ---- -- ---------- ----------- ------------ ---------------
16786   Incr 1  16.00M     SBT_TAPE    00:00:16     24-JUN-25      
        BP Key: 20816   Status: AVAILABLE  Compressed: YES  Tag: FULL_TNPRO_22062025_01H00
        Handle: 3fc90592-511f-4200-aedc-48597064f4c8/RMAN_incr_1198730716_TNPRO_20250624_113sr8da_1_1.vab   Media: {3fc90592-511f-4200-aedc-48597064f4c8}
        Keep: BACKUP_LOGS        Until: 01-JUL-25      
  Control File Included: Ckp SCN: 47077071637   Ckp time: 24-JUN-25

BS Key  Type LV Size       Device Type Elapsed Time Completion Time
------- ---- -- ---------- ----------- ------------ ---------------
16791   Full    16.00M     SBT_TAPE    00:00:05     24-JUN-25      
        BP Key: 20821   Status: AVAILABLE  Compressed: YES  Tag: FULL_TNPRO_22062025_01H00
        Handle: 3fc90592-511f-4200-aedc-48597064f4c8/RMAN_incr_1198730716_TNPRO_20250624_153sr8eu_1_1.vab   Media: {3fc90592-511f-4200-aedc-48597064f4c8}
        Keep: BACKUP_LOGS        Until: 01-JUL-25      
  Control File Included: Ckp SCN: 47077071750   Ckp time: 24-JUN-25

RMAN> 

Recovery Manager complete.
