
Recovery Manager: Release 11.2.0.4.0 - Production on Tue Jun 24 18:00:58 2025

Copyright (c) 1982, 2011, Oracle and/or its affiliates.  All rights reserved.

RMAN> 
connected to target database: TNPRO (DBID=1198730716)

RMAN> 2> 3> 4> 5> 6> 7> 8> 9> 
using target database control file instead of recovery catalog
allocated channel: ch1
channel ch1: SID=920 instance=tnpro1 device type=SBT_TAPE
channel ch1: Veeam Plug-in for Oracle RMAN

allocated channel: ch2
channel ch2: SID=1524 instance=tnpro1 device type=SBT_TAPE
channel ch2: Veeam Plug-in for Oracle RMAN

Starting backup at 24-JUN-25
current log archived

backup will be obsolete on date 01-JUL-25
archived logs required to recover from this backup will be backed up
channel ch1: starting compressed incremental level 1 datafile backup set
channel ch1: specifying datafile(s) in backup set
input datafile file number=00004 name=+DG_TNPRO/tnpro/datafile/users.276.1047636911
input datafile file number=00008 name=+DG_TNPRO/tnpro/datafile/bpm_index.266.1047635815
input datafile file number=00014 name=+DG_TNPRO/tnpro/datafile/users.279.1047637405
input datafile file number=00016 name=+DG_TNPRO/tnpro/datafile/bpm_index.268.1047636041
input datafile file number=00018 name=+DG_TNPRO/tnpro/datafile/users.282.1047637827
input datafile file number=00024 name=+DG_TNPRO/tnpro/datafile/bpm_index.265.1047635767
input datafile file number=00029 name=+DG_TNPRO/tnpro/datafile/bpm.259.1047634877
input datafile file number=00003 name=+DG_TNPRO/tnpro/datafile/bpm_index.318.1060600329
input datafile file number=00011 name=+DG_TNPRO/tnpro/datafile/bpm.262.1047635197
input datafile file number=00019 name=+DG_TNPRO/tnpro/datafile/users.295.1047647567
input datafile file number=00021 name=+DG_TNPRO/tnpro/datafile/users.281.1047637777
input datafile file number=00028 name=+DG_TNPRO/tnpro/datafile/users.278.1047637355
input datafile file number=00031 name=+DG_TNPRO/tnpro/datafile/users.294.1047647517
input datafile file number=00052 name=+DG_TNPRO/tnpro/datafile/undotb01.305.1047650849
input datafile file number=00010 name=+DG_TNPRO/tnpro/datafile/users.288.1047646943
input datafile file number=00036 name=+DG_TNPRO/tnpro/datafile/users.293.1047647469
input datafile file number=00038 name=+DG_TNPRO/tnpro/datafile/users.283.1047638175
input datafile file number=00058 name=+DG_TNPRO/tnpro/datafile/bpm_index.330.1145784777
input datafile file number=00043 name=+DG_TNPRO/tnpro/datafile/bpm_index.270.1047636119
input datafile file number=00002 name=+DG_TNPRO/tnpro/datafile/sysaux.312.1049756329
input datafile file number=00001 name=+DG_TNPRO/tnpro/datafile/system.309.1049756205
input datafile file number=00049 name=+DG_TNPRO/tnpro/datafile/sysaux.313.1049756329
input datafile file number=00053 name=+DG_TNPRO/tnpro/datafile/undotb02.306.1047651111
input datafile file number=00057 name=+DG_TNPRO/tnpro/datafile/bpm.329.1141467023
input datafile file number=00026 name=+DG_TNPRO/tnpro/datafile/bpm_trace.272.1047636363
input datafile file number=00027 name=+DG_TNPRO/tnpro/datafile/bpm_trace.273.1047636367
input datafile file number=00046 name=+DG_TNPRO/tnpro/datafile/system.310.1049756251
input datafile file number=00047 name=+DG_TNPRO/tnpro/datafile/system.311.1049756251
input datafile file number=00045 name=+DG_TNPRO/tnpro/datafile/bpm.325.1129898839
channel ch1: starting piece 1 at 24-JUN-25
channel ch2: starting compressed incremental level 1 datafile backup set
channel ch2: specifying datafile(s) in backup set
input datafile file number=00007 name=+DG_TNPRO/tnpro/datafile/bpm.256.1047634413
input datafile file number=00012 name=+DG_TNPRO/tnpro/datafile/users.286.1047638323
input datafile file number=00015 name=+DG_TNPRO/tnpro/datafile/users.275.1047636863
input datafile file number=00017 name=+DG_TNPRO/tnpro/datafile/bpm.257.1047634459
input datafile file number=00023 name=+DG_TNPRO/tnpro/datafile/bpm.260.1047634925
input datafile file number=00025 name=+DG_TNPRO/tnpro/datafile/users.285.1047638273
input datafile file number=00048 name=+DG_TNPRO/tnpro/datafile/bpm.263.1047635245
input datafile file number=00005 name=+DG_TNPRO/tnpro/datafile/bpm_index.319.1060600491
input datafile file number=00013 name=+DG_TNPRO/tnpro/datafile/users.274.1047636813
input datafile file number=00020 name=+DG_TNPRO/tnpro/datafile/users.289.1047646993
input datafile file number=00022 name=+DG_TNPRO/tnpro/datafile/users.284.1047638223
input datafile file number=00030 name=+DG_TNPRO/tnpro/datafile/bpm.324.1072273477
input datafile file number=00051 name=+DG_TNPRO/tnpro/datafile/bpm.261.1047634973
input datafile file number=00044 name=+DG_TNPRO/tnpro/datafile/bpm.264.1047635275
input datafile file number=00032 name=+DG_TNPRO/tnpro/datafile/bpm.258.1047634509
input datafile file number=00035 name=+DG_TNPRO/tnpro/datafile/users.280.1047637729
input datafile file number=00055 name=+DG_TNPRO/tnpro/datafile/bpm.327.1141466517
input datafile file number=00056 name=+DG_TNPRO/tnpro/datafile/bpm.328.1141466651
input datafile file number=00059 name=+DG_TNPRO/tnpro/datafile/bpm_index.331.1182935997
input datafile file number=00034 name=+DG_TNPRO/tnpro/datafile/users.277.1047637317
input datafile file number=00042 name=+DG_TNPRO/tnpro/datafile/bpm_index.267.1047635865
input datafile file number=00050 name=+DG_TNPRO/tnpro/datafile/bpm_index.269.1047636089
input datafile file number=00033 name=+DG_TNPRO/tnpro/datafile/system.308.1049756205
input datafile file number=00054 name=+DG_TNPRO/tnpro/datafile/bpm.326.1129898871
input datafile file number=00006 name=+DG_TNPRO/tnpro/datafile/example.296.1047647757
input datafile file number=00037 name=+DG_TNPRO/tnpro/datafile/users.292.1047647465
input datafile file number=00039 name=+DG_TNPRO/tnpro/datafile/users.291.1047647461
input datafile file number=00040 name=+DG_TNPRO/tnpro/datafile/users.290.1047647043
input datafile file number=00041 name=+DG_TNPRO/tnpro/datafile/users.287.1047646939
input datafile file number=00009 name=+DG_TNPRO/tnpro/datafile/bpm_trace.271.1047636359
channel ch2: starting piece 1 at 24-JUN-25
channel ch2: finished piece 1 at 24-JUN-25
piece handle=3fc90592-511f-4200-aedc-48597064f4c8/RMAN_incr_1198730716_TNPRO_20250624_103sr3jc_1_1.vab tag=FULL_TNPRO_22062025_01H00 comment=API Version 2.0,MMS Version 12.3.0.54
channel ch2: backup set complete, elapsed time: 01:22:06
channel ch2: starting compressed incremental level 1 datafile backup set
channel ch2: specifying datafile(s) in backup set
including current control file in backup set
channel ch2: starting piece 1 at 24-JUN-25
channel ch1: finished piece 1 at 24-JUN-25
piece handle=3fc90592-511f-4200-aedc-48597064f4c8/RMAN_incr_1198730716_TNPRO_20250624_0v3sr3jb_1_1.vab tag=FULL_TNPRO_22062025_01H00 comment=API Version 2.0,MMS Version 12.3.0.54
channel ch1: backup set complete, elapsed time: 01:22:33
channel ch2: finished piece 1 at 24-JUN-25
piece handle=3fc90592-511f-4200-aedc-48597064f4c8/RMAN_incr_1198730716_TNPRO_20250624_113sr8da_1_1.vab tag=FULL_TNPRO_22062025_01H00 comment=API Version 2.0,MMS Version 12.3.0.54
channel ch2: backup set complete, elapsed time: 00:00:25

backup will be obsolete on date 01-JUL-25
archived logs required to recover from this backup will be backed up
channel ch1: starting compressed full datafile backup set
channel ch1: specifying datafile(s) in backup set
including current SPFILE in backup set
channel ch1: starting piece 1 at 24-JUN-25
channel ch1: finished piece 1 at 24-JUN-25
piece handle=3fc90592-511f-4200-aedc-48597064f4c8/RMAN_incr_1198730716_TNPRO_20250624_123sr8e5_1_1.vab tag=FULL_TNPRO_22062025_01H00 comment=API Version 2.0,MMS Version 12.3.0.54
channel ch1: backup set complete, elapsed time: 00:00:03

current log archived
backup will be obsolete on date 01-JUL-25
archived logs required to recover from this backup will be backed up
channel ch1: starting compressed archived log backup set
channel ch1: specifying archived log(s) in backup set
input archived log thread=2 sequence=46274 RECID=107331 STAMP=1204653666
channel ch1: starting piece 1 at 24-JUN-25
channel ch2: starting compressed archived log backup set
channel ch2: specifying archived log(s) in backup set
input archived log thread=1 sequence=82437 RECID=107332 STAMP=1204658633
input archived log thread=2 sequence=46275 RECID=107333 STAMP=1204658635
channel ch2: starting piece 1 at 24-JUN-25
channel ch2: finished piece 1 at 24-JUN-25
piece handle=3fc90592-511f-4200-aedc-48597064f4c8/RMAN_incr_1198730716_TNPRO_20250624_143sr8ee_1_1.vab tag=FULL_TNPRO_22062025_01H00 comment=API Version 2.0,MMS Version 12.3.0.54
channel ch2: backup set complete, elapsed time: 00:00:07
channel ch1: finished piece 1 at 24-JUN-25
piece handle=3fc90592-511f-4200-aedc-48597064f4c8/RMAN_incr_1198730716_TNPRO_20250624_133sr8ee_1_1.vab tag=FULL_TNPRO_22062025_01H00 comment=API Version 2.0,MMS Version 12.3.0.54
channel ch1: backup set complete, elapsed time: 00:00:16

backup will be obsolete on date 01-JUL-25
archived logs required to recover from this backup will be backed up
channel ch1: starting compressed full datafile backup set
channel ch1: specifying datafile(s) in backup set
including current control file in backup set
channel ch1: starting piece 1 at 24-JUN-25
channel ch1: finished piece 1 at 24-JUN-25
piece handle=3fc90592-511f-4200-aedc-48597064f4c8/RMAN_incr_1198730716_TNPRO_20250624_153sr8eu_1_1.vab tag=FULL_TNPRO_22062025_01H00 comment=API Version 2.0,MMS Version 12.3.0.54
channel ch1: backup set complete, elapsed time: 00:00:07
Finished backup at 24-JUN-25

Starting backup at 24-JUN-25
current log archived
backup will be obsolete on date 01-JUL-25
archived logs required to recover from this backup will be backed up
skipping archived log of thread 1 with sequence 82437; already backed up
skipping archived logs of thread 2 from sequence 46274 to 46275; already backed up
channel ch1: starting compressed archived log backup set
channel ch1: specifying archived log(s) in backup set
input archived log thread=1 sequence=82431 RECID=107322 STAMP=1204491842
input archived log thread=2 sequence=46271 RECID=107323 STAMP=1204491913
input archived log thread=1 sequence=82432 RECID=107324 STAMP=1204540209
input archived log thread=2 sequence=46272 RECID=107325 STAMP=1204561803
channel ch1: starting piece 1 at 24-JUN-25
channel ch2: starting compressed archived log backup set
channel ch2: specifying archived log(s) in backup set
input archived log thread=1 sequence=82433 RECID=107326 STAMP=1204581949
input archived log thread=2 sequence=46273 RECID=107328 STAMP=1204592415
input archived log thread=1 sequence=82434 RECID=107327 STAMP=1204592412
input archived log thread=1 sequence=82435 RECID=107329 STAMP=1204639204
input archived log thread=1 sequence=82436 RECID=107330 STAMP=1204653663
input archived log thread=1 sequence=82438 RECID=107335 STAMP=1204658666
channel ch2: starting piece 1 at 24-JUN-25
channel ch1: finished piece 1 at 24-JUN-25
piece handle=3fc90592-511f-4200-aedc-48597064f4c8/RMAN_incr_1198730716_TNPRO_20250624_163sr8fd_1_1.vab tag=FULL_TNPRO_22062025_01H00 comment=API Version 2.0,MMS Version 12.3.0.54
channel ch1: backup set complete, elapsed time: 00:00:35
channel ch1: deleting archived log(s)
archived log file name=+DG_FRA/tnpro/archivelog/2025_06_22/thread_1_seq_82431.11062.1204491843 RECID=107322 STAMP=1204491842
archived log file name=+DG_FRA/tnpro/archivelog/2025_06_22/thread_2_seq_46271.10736.1204491913 RECID=107323 STAMP=1204491913
archived log file name=+DG_FRA/tnpro/archivelog/2025_06_23/thread_1_seq_82432.12102.1204540209 RECID=107324 STAMP=1204540209
archived log file name=+DG_FRA/tnpro/archivelog/2025_06_23/thread_2_seq_46272.11935.1204561803 RECID=107325 STAMP=1204561803
channel ch1: starting compressed archived log backup set
channel ch1: specifying archived log(s) in backup set
input archived log thread=2 sequence=46276 RECID=107334 STAMP=1204658664
channel ch1: starting piece 1 at 24-JUN-25
channel ch2: finished piece 1 at 24-JUN-25
piece handle=3fc90592-511f-4200-aedc-48597064f4c8/RMAN_incr_1198730716_TNPRO_20250624_173sr8fd_1_1.vab tag=FULL_TNPRO_22062025_01H00 comment=API Version 2.0,MMS Version 12.3.0.54
channel ch2: backup set complete, elapsed time: 00:00:36
channel ch2: deleting archived log(s)
archived log file name=+DG_FRA/tnpro/archivelog/2025_06_23/thread_1_seq_82433.12055.1204581949 RECID=107326 STAMP=1204581949
archived log file name=+DG_FRA/tnpro/archivelog/2025_06_24/thread_2_seq_46273.824.1204592415 RECID=107328 STAMP=1204592415
archived log file name=+DG_FRA/tnpro/archivelog/2025_06_24/thread_1_seq_82434.12825.1204592413 RECID=107327 STAMP=1204592412
archived log file name=+DG_FRA/tnpro/archivelog/2025_06_24/thread_1_seq_82435.7858.1204639205 RECID=107329 STAMP=1204639204
archived log file name=+DG_FRA/tnpro/archivelog/2025_06_24/thread_1_seq_82436.11089.1204653663 RECID=107330 STAMP=1204653663
archived log file name=+DG_FRA/tnpro/archivelog/2025_06_24/thread_1_seq_82438.8481.1204658667 RECID=107335 STAMP=1204658666
channel ch2: deleting archived log(s)
archived log file name=+DG_FRA/tnpro/archivelog/2025_06_24/thread_1_seq_82437.12243.1204658633 RECID=107332 STAMP=1204658633
archived log file name=+DG_FRA/tnpro/archivelog/2025_06_24/thread_2_seq_46274.10156.1204653665 RECID=107331 STAMP=1204653666
archived log file name=+DG_FRA/tnpro/archivelog/2025_06_24/thread_2_seq_46275.10171.1204658635 RECID=107333 STAMP=1204658635
channel ch1: finished piece 1 at 24-JUN-25
piece handle=3fc90592-511f-4200-aedc-48597064f4c8/RMAN_incr_1198730716_TNPRO_20250624_183sr8gg_1_1.vab tag=FULL_TNPRO_22062025_01H00 comment=API Version 2.0,MMS Version 12.3.0.54
channel ch1: backup set complete, elapsed time: 00:00:07
channel ch1: deleting archived log(s)
archived log file name=+DG_FRA/tnpro/archivelog/2025_06_24/thread_2_seq_46276.12696.1204658665 RECID=107334 STAMP=1204658664
Finished backup at 24-JUN-25

released channel: ch1

released channel: ch2

RMAN retention policy will be applied to the command
RMAN retention policy is set to redundancy 1
allocated channel: ORA_DISK_1
channel ORA_DISK_1: SID=920 instance=tnpro1 device type=DISK
allocated channel: ORA_DISK_2
channel ORA_DISK_2: SID=1524 instance=tnpro1 device type=DISK
allocated channel: ORA_SBT_TAPE_1
channel ORA_SBT_TAPE_1: SID=23 instance=tnpro1 device type=SBT_TAPE
channel ORA_SBT_TAPE_1: Veeam Plug-in for Oracle RMAN
allocated channel: ORA_SBT_TAPE_2
channel ORA_SBT_TAPE_2: SID=2146 instance=tnpro1 device type=SBT_TAPE
channel ORA_SBT_TAPE_2: Veeam Plug-in for Oracle RMAN
allocated channel: ORA_SBT_TAPE_3
channel ORA_SBT_TAPE_3: SID=926 instance=tnpro1 device type=SBT_TAPE
channel ORA_SBT_TAPE_3: Veeam Plug-in for Oracle RMAN
allocated channel: ORA_SBT_TAPE_4
channel ORA_SBT_TAPE_4: SID=1242 instance=tnpro1 device type=SBT_TAPE
channel ORA_SBT_TAPE_4: Veeam Plug-in for Oracle RMAN
Deleting the following obsolete backups and copies:
Type                 Key    Completion Time    Filename/Handle
-------------------- ------ ------------------ --------------------
Backup Set           16314  25-MAY-25         
  Backup Piece       20137  25-MAY-25          3fc90592-511f-4200-aedc-48597064f4c8/RMAN_full_1198730716_TNPRO_20250525_bk3qa4h1_2_1.vab
Backup Set           16314  25-MAY-25         
  Backup Piece       20134  25-MAY-25          3fc90592-511f-4200-aedc-48597064f4c8/RMAN_full_1198730716_TNPRO_20250525_bk3qa4h1_1_1.vab
Backup Set           16317  25-MAY-25         
  Backup Piece       20140  25-MAY-25          3fc90592-511f-4200-aedc-48597064f4c8/RMAN_full_1198730716_TNPRO_20250525_bl3qa4h1_2_1.vab
Backup Set           16317  25-MAY-25         
  Backup Piece       20139  25-MAY-25          3fc90592-511f-4200-aedc-48597064f4c8/RMAN_full_1198730716_TNPRO_20250525_bl3qa4h1_1_1.vab
Backup Set           16316  25-MAY-25         
  Backup Piece       20142  25-MAY-25          3fc90592-511f-4200-aedc-48597064f4c8/RMAN_full_1198730716_TNPRO_20250525_bm3qa4h1_2_1.vab
Backup Set           16316  25-MAY-25         
  Backup Piece       20136  25-MAY-25          3fc90592-511f-4200-aedc-48597064f4c8/RMAN_full_1198730716_TNPRO_20250525_bm3qa4h1_1_1.vab
Backup Set           16315  25-MAY-25         
  Backup Piece       20138  25-MAY-25          3fc90592-511f-4200-aedc-48597064f4c8/RMAN_full_1198730716_TNPRO_20250525_bn3qa4h1_2_1.vab
Backup Set           16315  25-MAY-25         
  Backup Piece       20135  25-MAY-25          3fc90592-511f-4200-aedc-48597064f4c8/RMAN_full_1198730716_TNPRO_20250525_bn3qa4h1_1_1.vab
Backup Set           16318  25-MAY-25         
  Backup Piece       20141  25-MAY-25          3fc90592-511f-4200-aedc-48597064f4c8/RMAN_full_1198730716_TNPRO_20250525_bs3qa5oa_2_1.vab
Backup Set           16318  25-MAY-25         
  Backup Piece       20143  25-MAY-25          3fc90592-511f-4200-aedc-48597064f4c8/RMAN_full_1198730716_TNPRO_20250525_bs3qa5oa_1_1.vab
Backup Set           16319  25-MAY-25         
  Backup Piece       20144  25-MAY-25          3fc90592-511f-4200-aedc-48597064f4c8/RMAN_full_1198730716_TNPRO_20250525_bu3qa620_2_1.vab
Backup Set           16319  25-MAY-25         
  Backup Piece       20145  25-MAY-25          3fc90592-511f-4200-aedc-48597064f4c8/RMAN_full_1198730716_TNPRO_20250525_bu3qa620_1_1.vab
Backup Set           16320  25-MAY-25         
  Backup Piece       20146  25-MAY-25          3fc90592-511f-4200-aedc-48597064f4c8/RMAN_full_1198730716_TNPRO_20250525_c03qa65f_2_1.vab
Backup Set           16320  25-MAY-25         
  Backup Piece       20147  25-MAY-25          3fc90592-511f-4200-aedc-48597064f4c8/RMAN_full_1198730716_TNPRO_20250525_c03qa65f_1_1.vab
Backup Set           16322  25-MAY-25         
  Backup Piece       20149  25-MAY-25          3fc90592-511f-4200-aedc-48597064f4c8/RMAN_full_1198730716_TNPRO_20250525_c23qa6eh_2_1.vab
Backup Set           16322  25-MAY-25         
  Backup Piece       20151  25-MAY-25          3fc90592-511f-4200-aedc-48597064f4c8/RMAN_full_1198730716_TNPRO_20250525_c23qa6eh_1_1.vab
Backup Set           16321  25-MAY-25         
  Backup Piece       20148  25-MAY-25          3fc90592-511f-4200-aedc-48597064f4c8/RMAN_full_1198730716_TNPRO_20250525_c43qa6q3_2_1.vab
Backup Set           16321  25-MAY-25         
  Backup Piece       20150  25-MAY-25          3fc90592-511f-4200-aedc-48597064f4c8/RMAN_full_1198730716_TNPRO_20250525_c43qa6q3_1_1.vab
Backup Set           16323  25-MAY-25         
  Backup Piece       20152  25-MAY-25          3fc90592-511f-4200-aedc-48597064f4c8/RMAN_full_1198730716_TNPRO_20250525_c63qa77i_2_1.vab
Backup Set           16323  25-MAY-25         
  Backup Piece       20157  25-MAY-25          3fc90592-511f-4200-aedc-48597064f4c8/RMAN_full_1198730716_TNPRO_20250525_c63qa77i_1_1.vab
Backup Set           16324  25-MAY-25         
  Backup Piece       20153  25-MAY-25          3fc90592-511f-4200-aedc-48597064f4c8/RMAN_full_1198730716_TNPRO_20250525_c83qa7bu_2_1.vab
Backup Set           16324  25-MAY-25         
  Backup Piece       20154  25-MAY-25          3fc90592-511f-4200-aedc-48597064f4c8/RMAN_full_1198730716_TNPRO_20250525_c83qa7bu_1_1.vab
Backup Set           16325  25-MAY-25         
  Backup Piece       20156  25-MAY-25          3fc90592-511f-4200-aedc-48597064f4c8/RMAN_full_1198730716_TNPRO_20250525_ca3qa7rt_2_1.vab
Backup Set           16325  25-MAY-25         
  Backup Piece       20155  25-MAY-25          3fc90592-511f-4200-aedc-48597064f4c8/RMAN_full_1198730716_TNPRO_20250525_ca3qa7rt_1_1.vab
Backup Set           16326  25-MAY-25         
  Backup Piece       20158  25-MAY-25          3fc90592-511f-4200-aedc-48597064f4c8/RMAN_full_1198730716_TNPRO_20250525_cc3qa88d_2_1.vab
Backup Set           16326  25-MAY-25         
  Backup Piece       20160  25-MAY-25          3fc90592-511f-4200-aedc-48597064f4c8/RMAN_full_1198730716_TNPRO_20250525_cc3qa88d_1_1.vab
Backup Set           16327  25-MAY-25         
  Backup Piece       20159  25-MAY-25          3fc90592-511f-4200-aedc-48597064f4c8/RMAN_full_1198730716_TNPRO_20250525_ce3qa8cg_2_1.vab
Backup Set           16327  25-MAY-25         
  Backup Piece       20161  25-MAY-25          3fc90592-511f-4200-aedc-48597064f4c8/RMAN_full_1198730716_TNPRO_20250525_ce3qa8cg_1_1.vab
Backup Set           16328  25-MAY-25         
  Backup Piece       20162  25-MAY-25          3fc90592-511f-4200-aedc-48597064f4c8/RMAN_full_1198730716_TNPRO_20250525_cg3qa8ua_2_1.vab
Backup Set           16328  25-MAY-25         
  Backup Piece       20163  25-MAY-25          3fc90592-511f-4200-aedc-48597064f4c8/RMAN_full_1198730716_TNPRO_20250525_cg3qa8ua_1_1.vab
Backup Set           16329  25-MAY-25         
  Backup Piece       20164  25-MAY-25          3fc90592-511f-4200-aedc-48597064f4c8/RMAN_full_1198730716_TNPRO_20250525_ci3qa9ej_2_1.vab
Backup Set           16329  25-MAY-25         
  Backup Piece       20168  25-MAY-25          3fc90592-511f-4200-aedc-48597064f4c8/RMAN_full_1198730716_TNPRO_20250525_ci3qa9ej_1_1.vab
Backup Set           16330  25-MAY-25         
  Backup Piece       20165  25-MAY-25          3fc90592-511f-4200-aedc-48597064f4c8/RMAN_full_1198730716_TNPRO_20250525_ck3qa9i3_2_1.vab
Backup Set           16330  25-MAY-25         
  Backup Piece       20166  25-MAY-25          3fc90592-511f-4200-aedc-48597064f4c8/RMAN_full_1198730716_TNPRO_20250525_ck3qa9i3_1_1.vab
Backup Set           16331  25-MAY-25         
  Backup Piece       20170  25-MAY-25          3fc90592-511f-4200-aedc-48597064f4c8/RMAN_full_1198730716_TNPRO_20250525_cm3qaa6n_2_1.vab
Backup Set           16331  25-MAY-25         
  Backup Piece       20167  25-MAY-25          3fc90592-511f-4200-aedc-48597064f4c8/RMAN_full_1198730716_TNPRO_20250525_cm3qaa6n_1_1.vab
Backup Set           16332  25-MAY-25         
  Backup Piece       20169  25-MAY-25          3fc90592-511f-4200-aedc-48597064f4c8/RMAN_full_1198730716_TNPRO_20250525_co3qaal3_2_1.vab
Backup Set           16332  25-MAY-25         
  Backup Piece       20172  25-MAY-25          3fc90592-511f-4200-aedc-48597064f4c8/RMAN_full_1198730716_TNPRO_20250525_co3qaal3_1_1.vab
Backup Set           16333  25-MAY-25         
  Backup Piece       20171  25-MAY-25          3fc90592-511f-4200-aedc-48597064f4c8/RMAN_full_1198730716_TNPRO_20250525_cq3qaap6_2_1.vab
Backup Set           16333  25-MAY-25         
  Backup Piece       20175  25-MAY-25          3fc90592-511f-4200-aedc-48597064f4c8/RMAN_full_1198730716_TNPRO_20250525_cq3qaap6_1_1.vab
Backup Set           16334  25-MAY-25         
  Backup Piece       20173  25-MAY-25          3fc90592-511f-4200-aedc-48597064f4c8/RMAN_full_1198730716_TNPRO_20250525_cs3qaavp_2_1.vab
Backup Set           16334  25-MAY-25         
  Backup Piece       20176  25-MAY-25          3fc90592-511f-4200-aedc-48597064f4c8/RMAN_full_1198730716_TNPRO_20250525_cs3qaavp_1_1.vab
Backup Set           16335  25-MAY-25         
  Backup Piece       20174  25-MAY-25          3fc90592-511f-4200-aedc-48597064f4c8/RMAN_full_1198730716_TNPRO_20250525_cu3qab7j_2_1.vab
Backup Set           16335  25-MAY-25         
  Backup Piece       20177  25-MAY-25          3fc90592-511f-4200-aedc-48597064f4c8/RMAN_full_1198730716_TNPRO_20250525_cu3qab7j_1_1.vab
Backup Set           16336  25-MAY-25         
  Backup Piece       20178  25-MAY-25          3fc90592-511f-4200-aedc-48597064f4c8/RMAN_full_1198730716_TNPRO_20250525_d03qabha_2_1.vab
Backup Set           16336  25-MAY-25         
  Backup Piece       20179  25-MAY-25          3fc90592-511f-4200-aedc-48597064f4c8/RMAN_full_1198730716_TNPRO_20250525_d03qabha_1_1.vab
Backup Set           16337  25-MAY-25         
  Backup Piece       20180  25-MAY-25          3fc90592-511f-4200-aedc-48597064f4c8/RMAN_full_1198730716_TNPRO_20250525_d23qabis_2_1.vab
Backup Set           16337  25-MAY-25         
  Backup Piece       20182  25-MAY-25          3fc90592-511f-4200-aedc-48597064f4c8/RMAN_full_1198730716_TNPRO_20250525_d23qabis_1_1.vab
Backup Set           16338  25-MAY-25         
  Backup Piece       20181  25-MAY-25          3fc90592-511f-4200-aedc-48597064f4c8/RMAN_full_1198730716_TNPRO_20250525_d43qabs8_2_1.vab
Backup Set           16338  25-MAY-25         
  Backup Piece       20183  25-MAY-25          3fc90592-511f-4200-aedc-48597064f4c8/RMAN_full_1198730716_TNPRO_20250525_d43qabs8_1_1.vab
Backup Set           16339  25-MAY-25         
  Backup Piece       20184  25-MAY-25          3fc90592-511f-4200-aedc-48597064f4c8/RMAN_full_1198730716_TNPRO_20250525_d63qac56_2_1.vab
Backup Set           16339  25-MAY-25         
  Backup Piece       20185  25-MAY-25          3fc90592-511f-4200-aedc-48597064f4c8/RMAN_full_1198730716_TNPRO_20250525_d63qac56_1_1.vab
Backup Set           16340  25-MAY-25         
  Backup Piece       20186  25-MAY-25          3fc90592-511f-4200-aedc-48597064f4c8/RMAN_full_1198730716_TNPRO_20250525_d83qacjj_2_1.vab
Backup Set           16340  25-MAY-25         
  Backup Piece       20188  25-MAY-25          3fc90592-511f-4200-aedc-48597064f4c8/RMAN_full_1198730716_TNPRO_20250525_d83qacjj_1_1.vab
Backup Set           16341  25-MAY-25         
  Backup Piece       20187  25-MAY-25          3fc90592-511f-4200-aedc-48597064f4c8/RMAN_full_1198730716_TNPRO_20250525_da3qad03_2_1.vab
Backup Set           16341  25-MAY-25         
  Backup Piece       20189  25-MAY-25          3fc90592-511f-4200-aedc-48597064f4c8/RMAN_full_1198730716_TNPRO_20250525_da3qad03_1_1.vab
Backup Set           16342  25-MAY-25         
  Backup Piece       20192  25-MAY-25          3fc90592-511f-4200-aedc-48597064f4c8/RMAN_full_1198730716_TNPRO_20250525_dc3qadan_2_1.vab
Backup Set           16342  25-MAY-25         
  Backup Piece       20190  25-MAY-25          3fc90592-511f-4200-aedc-48597064f4c8/RMAN_full_1198730716_TNPRO_20250525_dc3qadan_1_1.vab
Backup Set           16343  25-MAY-25         
  Backup Piece       20193  25-MAY-25          3fc90592-511f-4200-aedc-48597064f4c8/RMAN_full_1198730716_TNPRO_20250525_de3qadm0_2_1.vab
Backup Set           16343  25-MAY-25         
  Backup Piece       20191  25-MAY-25          3fc90592-511f-4200-aedc-48597064f4c8/RMAN_full_1198730716_TNPRO_20250525_de3qadm0_1_1.vab
Backup Set           16344  25-MAY-25         
  Backup Piece       20194  25-MAY-25          3fc90592-511f-4200-aedc-48597064f4c8/RMAN_full_1198730716_TNPRO_20250525_dg3qae5v_2_1.vab
Backup Set           16344  25-MAY-25         
  Backup Piece       20197  25-MAY-25          3fc90592-511f-4200-aedc-48597064f4c8/RMAN_full_1198730716_TNPRO_20250525_dg3qae5v_1_1.vab
Backup Set           16345  25-MAY-25         
  Backup Piece       20195  25-MAY-25          3fc90592-511f-4200-aedc-48597064f4c8/RMAN_full_1198730716_TNPRO_20250525_di3qae7r_2_1.vab
Backup Set           16345  25-MAY-25         
  Backup Piece       20196  25-MAY-25          3fc90592-511f-4200-aedc-48597064f4c8/RMAN_full_1198730716_TNPRO_20250525_di3qae7r_1_1.vab
Backup Set           16347  25-MAY-25         
  Backup Piece       20199  25-MAY-25          3fc90592-511f-4200-aedc-48597064f4c8/RMAN_full_1198730716_TNPRO_20250525_dk3qaeib_2_1.vab
Backup Set           16347  25-MAY-25         
  Backup Piece       20201  25-MAY-25          3fc90592-511f-4200-aedc-48597064f4c8/RMAN_full_1198730716_TNPRO_20250525_dk3qaeib_1_1.vab
Backup Set           16346  25-MAY-25         
  Backup Piece       20198  25-MAY-25          3fc90592-511f-4200-aedc-48597064f4c8/RMAN_full_1198730716_TNPRO_20250525_dm3qaep7_2_1.vab
Backup Set           16346  25-MAY-25         
  Backup Piece       20203  25-MAY-25          3fc90592-511f-4200-aedc-48597064f4c8/RMAN_full_1198730716_TNPRO_20250525_dm3qaep7_1_1.vab
Backup Set           16348  25-MAY-25         
  Backup Piece       20200  25-MAY-25          3fc90592-511f-4200-aedc-48597064f4c8/RMAN_full_1198730716_TNPRO_20250525_do3qaet9_2_1.vab
Backup Set           16348  25-MAY-25         
  Backup Piece       20205  25-MAY-25          3fc90592-511f-4200-aedc-48597064f4c8/RMAN_full_1198730716_TNPRO_20250525_do3qaet9_1_1.vab
Backup Set           16349  25-MAY-25         
  Backup Piece       20202  25-MAY-25          3fc90592-511f-4200-aedc-48597064f4c8/RMAN_full_1198730716_TNPRO_20250525_dq3qaf0o_2_1.vab
Backup Set           16349  25-MAY-25         
  Backup Piece       20208  25-MAY-25          3fc90592-511f-4200-aedc-48597064f4c8/RMAN_full_1198730716_TNPRO_20250525_dq3qaf0o_1_1.vab
Backup Set           16350  25-MAY-25         
  Backup Piece       20204  25-MAY-25          3fc90592-511f-4200-aedc-48597064f4c8/RMAN_full_1198730716_TNPRO_20250525_ds3qaf2a_2_1.vab
Backup Set           16350  25-MAY-25         
  Backup Piece       20206  25-MAY-25          3fc90592-511f-4200-aedc-48597064f4c8/RMAN_full_1198730716_TNPRO_20250525_ds3qaf2a_1_1.vab
Backup Set           16351  25-MAY-25         
  Backup Piece       20207  25-MAY-25          3fc90592-511f-4200-aedc-48597064f4c8/RMAN_full_1198730716_TNPRO_20250525_du3qaf5f_2_1.vab
Backup Set           16351  25-MAY-25         
  Backup Piece       20211  25-MAY-25          3fc90592-511f-4200-aedc-48597064f4c8/RMAN_full_1198730716_TNPRO_20250525_du3qaf5f_1_1.vab
Backup Set           16352  25-MAY-25         
  Backup Piece       20210  25-MAY-25          3fc90592-511f-4200-aedc-48597064f4c8/RMAN_full_1198730716_TNPRO_20250525_e03qafbd_2_1.vab
Backup Set           16352  25-MAY-25         
  Backup Piece       20209  25-MAY-25          3fc90592-511f-4200-aedc-48597064f4c8/RMAN_full_1198730716_TNPRO_20250525_e03qafbd_1_1.vab
Backup Set           16353  25-MAY-25         
  Backup Piece       20212  25-MAY-25          3fc90592-511f-4200-aedc-48597064f4c8/RMAN_full_1198730716_TNPRO_20250525_e23qafs0_2_1.vab
Backup Set           16353  25-MAY-25         
  Backup Piece       20213  25-MAY-25          3fc90592-511f-4200-aedc-48597064f4c8/RMAN_full_1198730716_TNPRO_20250525_e23qafs0_1_1.vab
Backup Set           16354  25-MAY-25         
  Backup Piece       20214  25-MAY-25          3fc90592-511f-4200-aedc-48597064f4c8/RMAN_full_1198730716_TNPRO_20250525_e43qag0c_1_1.vab
Backup Set           16358  25-MAY-25         
  Backup Piece       20218  25-MAY-25          3fc90592-511f-4200-aedc-48597064f4c8/RMAN_full_1198730716_TNPRO_20250525_e53qag16_1_1.vab
Backup Set           16356  25-MAY-25         
  Backup Piece       20216  25-MAY-25          3fc90592-511f-4200-aedc-48597064f4c8/RMAN_full_1198730716_TNPRO_20250525_e63qag53_1_1.vab
Backup Set           16355  25-MAY-25         
  Backup Piece       20215  25-MAY-25          3fc90592-511f-4200-aedc-48597064f4c8/RMAN_full_1198730716_TNPRO_20250525_e73qagh4_2_1.vab
Backup Set           16355  25-MAY-25         
  Backup Piece       20220  25-MAY-25          3fc90592-511f-4200-aedc-48597064f4c8/RMAN_full_1198730716_TNPRO_20250525_e73qagh4_1_1.vab
Backup Set           16357  25-MAY-25         
  Backup Piece       20217  25-MAY-25          3fc90592-511f-4200-aedc-48597064f4c8/RMAN_full_1198730716_TNPRO_20250525_e93qagol_2_1.vab
Backup Set           16357  25-MAY-25         
  Backup Piece       20221  25-MAY-25          3fc90592-511f-4200-aedc-48597064f4c8/RMAN_full_1198730716_TNPRO_20250525_e93qagol_1_1.vab
Backup Set           16360  25-MAY-25         
  Backup Piece       20222  25-MAY-25          3fc90592-511f-4200-aedc-48597064f4c8/RMAN_full_1198730716_TNPRO_20250525_eb3qagt1_1_1.vab
Backup Set           16359  25-MAY-25         
  Backup Piece       20219  25-MAY-25          3fc90592-511f-4200-aedc-48597064f4c8/RMAN_full_1198730716_TNPRO_20250525_ec3qah18_1_1.vab
Backup Set           16361  25-MAY-25         
  Backup Piece       20223  25-MAY-25          3fc90592-511f-4200-aedc-48597064f4c8/RMAN_full_1198730716_TNPRO_20250525_ed3qahm3_1_1.vab
Backup Set           16363  25-MAY-25         
  Backup Piece       20225  25-MAY-25          3fc90592-511f-4200-aedc-48597064f4c8/RMAN_full_1198730716_TNPRO_20250525_ee3qahn1_1_1.vab
Backup Set           16364  25-MAY-25         
  Backup Piece       20226  25-MAY-25          3fc90592-511f-4200-aedc-48597064f4c8/RMAN_full_1198730716_TNPRO_20250525_ef3qahn1_1_1.vab
Backup Set           16362  25-MAY-25         
  Backup Piece       20224  25-MAY-25          3fc90592-511f-4200-aedc-48597064f4c8/RMAN_full_1198730716_TNPRO_20250525_eg3qahn1_1_1.vab
Backup Set           16365  25-MAY-25         
  Backup Piece       20227  25-MAY-25          3fc90592-511f-4200-aedc-48597064f4c8/RMAN_full_1198730716_TNPRO_20250525_eh3qahng_1_1.vab
Backup Set           16368  25-MAY-25         
  Backup Piece       20230  25-MAY-25          3fc90592-511f-4200-aedc-48597064f4c8/RMAN_full_1198730716_TNPRO_20250525_ei3qaho9_1_1.vab
Backup Set           16367  25-MAY-25         
  Backup Piece       20229  25-MAY-25          3fc90592-511f-4200-aedc-48597064f4c8/RMAN_full_1198730716_TNPRO_20250525_ej3qaho9_1_1.vab
Backup Set           16369  25-MAY-25         
  Backup Piece       20231  25-MAY-25          3fc90592-511f-4200-aedc-48597064f4c8/RMAN_full_1198730716_TNPRO_20250525_ek3qaho9_1_1.vab
Backup Set           16366  25-MAY-25         
  Backup Piece       20228  25-MAY-25          3fc90592-511f-4200-aedc-48597064f4c8/RMAN_full_1198730716_TNPRO_20250525_el3qaho9_1_1.vab
Backup Set           16370  25-MAY-25         
  Backup Piece       20232  25-MAY-25          3fc90592-511f-4200-aedc-48597064f4c8/RMAN_full_1198730716_TNPRO_20250525_em3qahoo_1_1.vab
Backup Set           16684  17-JUN-25         
  Backup Piece       20672  17-JUN-25          3fc90592-511f-4200-aedc-48597064f4c8/RMAN_incr_1198730716_TNPRO_20250617_sc3s6p5b_1_1.vab
Backup Set           16682  17-JUN-25         
  Backup Piece       20670  17-JUN-25          3fc90592-511f-4200-aedc-48597064f4c8/RMAN_incr_1198730716_TNPRO_20250617_sd3s6p5c_1_1.vab
Backup Set           16683  17-JUN-25         
  Backup Piece       20671  17-JUN-25          3fc90592-511f-4200-aedc-48597064f4c8/RMAN_incr_1198730716_TNPRO_20250617_se3s6qpp_1_1.vab
Backup Set           16685  17-JUN-25         
  Backup Piece       20673  17-JUN-25          3fc90592-511f-4200-aedc-48597064f4c8/RMAN_incr_1198730716_TNPRO_20250617_sf3s6qqa_1_1.vab
Backup Set           16687  17-JUN-25         
  Backup Piece       20675  17-JUN-25          3fc90592-511f-4200-aedc-48597064f4c8/RMAN_incr_1198730716_TNPRO_20250617_sg3s6qqk_1_1.vab
Backup Set           16686  17-JUN-25         
  Backup Piece       20674  17-JUN-25          3fc90592-511f-4200-aedc-48597064f4c8/RMAN_incr_1198730716_TNPRO_20250617_sh3s6qqk_1_1.vab
Backup Set           16688  17-JUN-25         
  Backup Piece       20676  17-JUN-25          3fc90592-511f-4200-aedc-48597064f4c8/RMAN_incr_1198730716_TNPRO_20250617_si3s6qqs_1_1.vab
Backup Set           16690  17-JUN-25         
  Backup Piece       20678  17-JUN-25          3fc90592-511f-4200-aedc-48597064f4c8/RMAN_incr_1198730716_TNPRO_20250617_sj3s6qrd_1_1.vab
Backup Set           16689  17-JUN-25         
  Backup Piece       20677  17-JUN-25          3fc90592-511f-4200-aedc-48597064f4c8/RMAN_incr_1198730716_TNPRO_20250617_sk3s6qrd_1_1.vab
Backup Set           16691  17-JUN-25         
  Backup Piece       20679  17-JUN-25          3fc90592-511f-4200-aedc-48597064f4c8/RMAN_incr_1198730716_TNPRO_20250617_sl3s6qs7_1_1.vab
deleted backup piece
backup piece handle=3fc90592-511f-4200-aedc-48597064f4c8/RMAN_full_1198730716_TNPRO_20250525_bk3qa4h1_2_1.vab RECID=20137 STAMP=1202001053
deleted backup piece
backup piece handle=3fc90592-511f-4200-aedc-48597064f4c8/RMAN_full_1198730716_TNPRO_20250525_bk3qa4h1_1_1.vab RECID=20134 STAMP=1202000417
deleted backup piece
backup piece handle=3fc90592-511f-4200-aedc-48597064f4c8/RMAN_full_1198730716_TNPRO_20250525_bl3qa4h1_2_1.vab RECID=20140 STAMP=1202001278
deleted backup piece
backup piece handle=3fc90592-511f-4200-aedc-48597064f4c8/RMAN_full_1198730716_TNPRO_20250525_bl3qa4h1_1_1.vab RECID=20139 STAMP=1202000417
deleted backup piece
backup piece handle=3fc90592-511f-4200-aedc-48597064f4c8/RMAN_full_1198730716_TNPRO_20250525_bm3qa4h1_2_1.vab RECID=20142 STAMP=1202001383
deleted backup piece
backup piece handle=3fc90592-511f-4200-aedc-48597064f4c8/RMAN_full_1198730716_TNPRO_20250525_bm3qa4h1_1_1.vab RECID=20136 STAMP=1202000417
deleted backup piece
backup piece handle=3fc90592-511f-4200-aedc-48597064f4c8/RMAN_full_1198730716_TNPRO_20250525_bn3qa4h1_2_1.vab RECID=20138 STAMP=1202001399
deleted backup piece
backup piece handle=3fc90592-511f-4200-aedc-48597064f4c8/RMAN_full_1198730716_TNPRO_20250525_bn3qa4h1_1_1.vab RECID=20135 STAMP=1202000418
deleted backup piece
backup piece handle=3fc90592-511f-4200-aedc-48597064f4c8/RMAN_full_1198730716_TNPRO_20250525_bs3qa5oa_2_1.vab RECID=20141 STAMP=1202001819
deleted backup piece
backup piece handle=3fc90592-511f-4200-aedc-48597064f4c8/RMAN_full_1198730716_TNPRO_20250525_bs3qa5oa_1_1.vab RECID=20143 STAMP=1202001674
deleted backup piece
backup piece handle=3fc90592-511f-4200-aedc-48597064f4c8/RMAN_full_1198730716_TNPRO_20250525_bu3qa620_2_1.vab RECID=20144 STAMP=1202002069
deleted backup piece
backup piece handle=3fc90592-511f-4200-aedc-48597064f4c8/RMAN_full_1198730716_TNPRO_20250525_bu3qa620_1_1.vab RECID=20145 STAMP=1202001984
deleted backup piece
backup piece handle=3fc90592-511f-4200-aedc-48597064f4c8/RMAN_full_1198730716_TNPRO_20250525_c03qa65f_2_1.vab RECID=20146 STAMP=1202002270
deleted backup piece
backup piece handle=3fc90592-511f-4200-aedc-48597064f4c8/RMAN_full_1198730716_TNPRO_20250525_c03qa65f_1_1.vab RECID=20147 STAMP=1202002095
deleted backup piece
backup piece handle=3fc90592-511f-4200-aedc-48597064f4c8/RMAN_full_1198730716_TNPRO_20250525_c23qa6eh_2_1.vab RECID=20149 STAMP=1202002590
deleted backup piece
backup piece handle=3fc90592-511f-4200-aedc-48597064f4c8/RMAN_full_1198730716_TNPRO_20250525_c23qa6eh_1_1.vab RECID=20151 STAMP=1202002385
deleted backup piece
backup piece handle=3fc90592-511f-4200-aedc-48597064f4c8/RMAN_full_1198730716_TNPRO_20250525_c43qa6q3_2_1.vab RECID=20148 STAMP=1202002931
deleted backup piece
backup piece handle=3fc90592-511f-4200-aedc-48597064f4c8/RMAN_full_1198730716_TNPRO_20250525_c43qa6q3_1_1.vab RECID=20150 STAMP=1202002755
deleted backup piece
backup piece handle=3fc90592-511f-4200-aedc-48597064f4c8/RMAN_full_1198730716_TNPRO_20250525_c63qa77i_2_1.vab RECID=20152 STAMP=1202003261
deleted backup piece
backup piece handle=3fc90592-511f-4200-aedc-48597064f4c8/RMAN_full_1198730716_TNPRO_20250525_c63qa77i_1_1.vab RECID=20157 STAMP=1202003186
deleted backup piece
backup piece handle=3fc90592-511f-4200-aedc-48597064f4c8/RMAN_full_1198730716_TNPRO_20250525_c83qa7bu_2_1.vab RECID=20153 STAMP=1202003451
deleted backup piece
backup piece handle=3fc90592-511f-4200-aedc-48597064f4c8/RMAN_full_1198730716_TNPRO_20250525_c83qa7bu_1_1.vab RECID=20154 STAMP=1202003326
deleted backup piece
backup piece handle=3fc90592-511f-4200-aedc-48597064f4c8/RMAN_full_1198730716_TNPRO_20250525_ca3qa7rt_2_1.vab RECID=20156 STAMP=1202004172
deleted backup piece
backup piece handle=3fc90592-511f-4200-aedc-48597064f4c8/RMAN_full_1198730716_TNPRO_20250525_ca3qa7rt_1_1.vab RECID=20155 STAMP=1202003837
deleted backup piece
backup piece handle=3fc90592-511f-4200-aedc-48597064f4c8/RMAN_full_1198730716_TNPRO_20250525_cc3qa88d_2_1.vab RECID=20158 STAMP=1202004352
deleted backup piece
backup piece handle=3fc90592-511f-4200-aedc-48597064f4c8/RMAN_full_1198730716_TNPRO_20250525_cc3qa88d_1_1.vab RECID=20160 STAMP=1202004237
deleted backup piece
backup piece handle=3fc90592-511f-4200-aedc-48597064f4c8/RMAN_full_1198730716_TNPRO_20250525_ce3qa8cg_2_1.vab RECID=20159 STAMP=1202004413
deleted backup piece
backup piece handle=3fc90592-511f-4200-aedc-48597064f4c8/RMAN_full_1198730716_TNPRO_20250525_ce3qa8cg_1_1.vab RECID=20161 STAMP=1202004368
deleted backup piece
backup piece handle=3fc90592-511f-4200-aedc-48597064f4c8/RMAN_full_1198730716_TNPRO_20250525_cg3qa8ua_2_1.vab RECID=20162 STAMP=1202005003
deleted backup piece
backup piece handle=3fc90592-511f-4200-aedc-48597064f4c8/RMAN_full_1198730716_TNPRO_20250525_cg3qa8ua_1_1.vab RECID=20163 STAMP=1202004938
deleted backup piece
backup piece handle=3fc90592-511f-4200-aedc-48597064f4c8/RMAN_full_1198730716_TNPRO_20250525_ci3qa9ej_2_1.vab RECID=20164 STAMP=1202005526
deleted backup piece
backup piece handle=3fc90592-511f-4200-aedc-48597064f4c8/RMAN_full_1198730716_TNPRO_20250525_ci3qa9ej_1_1.vab RECID=20168 STAMP=1202005460
deleted backup piece
backup piece handle=3fc90592-511f-4200-aedc-48597064f4c8/RMAN_full_1198730716_TNPRO_20250525_ck3qa9i3_2_1.vab RECID=20165 STAMP=1202005996
deleted backup piece
backup piece handle=3fc90592-511f-4200-aedc-48597064f4c8/RMAN_full_1198730716_TNPRO_20250525_ck3qa9i3_1_1.vab RECID=20166 STAMP=1202005571
deleted backup piece
backup piece handle=3fc90592-511f-4200-aedc-48597064f4c8/RMAN_full_1198730716_TNPRO_20250525_cm3qaa6n_2_1.vab RECID=20170 STAMP=1202006636
deleted backup piece
backup piece handle=3fc90592-511f-4200-aedc-48597064f4c8/RMAN_full_1198730716_TNPRO_20250525_cm3qaa6n_1_1.vab RECID=20167 STAMP=1202006231
deleted backup piece
backup piece handle=3fc90592-511f-4200-aedc-48597064f4c8/RMAN_full_1198730716_TNPRO_20250525_co3qaal3_2_1.vab RECID=20169 STAMP=1202006807
deleted backup piece
backup piece handle=3fc90592-511f-4200-aedc-48597064f4c8/RMAN_full_1198730716_TNPRO_20250525_co3qaal3_1_1.vab RECID=20172 STAMP=1202006692
deleted backup piece
backup piece handle=3fc90592-511f-4200-aedc-48597064f4c8/RMAN_full_1198730716_TNPRO_20250525_cq3qaap6_2_1.vab RECID=20171 STAMP=1202006998
deleted backup piece
backup piece handle=3fc90592-511f-4200-aedc-48597064f4c8/RMAN_full_1198730716_TNPRO_20250525_cq3qaap6_1_1.vab RECID=20175 STAMP=1202006822
deleted backup piece
backup piece handle=3fc90592-511f-4200-aedc-48597064f4c8/RMAN_full_1198730716_TNPRO_20250525_cs3qaavp_2_1.vab RECID=20173 STAMP=1202007188
deleted backup piece
backup piece handle=3fc90592-511f-4200-aedc-48597064f4c8/RMAN_full_1198730716_TNPRO_20250525_cs3qaavp_1_1.vab RECID=20176 STAMP=1202007033
deleted backup piece
backup piece handle=3fc90592-511f-4200-aedc-48597064f4c8/RMAN_full_1198730716_TNPRO_20250525_cu3qab7j_2_1.vab RECID=20174 STAMP=1202007398
deleted backup piece
backup piece handle=3fc90592-511f-4200-aedc-48597064f4c8/RMAN_full_1198730716_TNPRO_20250525_cu3qab7j_1_1.vab RECID=20177 STAMP=1202007283
deleted backup piece
backup piece handle=3fc90592-511f-4200-aedc-48597064f4c8/RMAN_full_1198730716_TNPRO_20250525_d03qabha_2_1.vab RECID=20178 STAMP=1202007619
deleted backup piece
backup piece handle=3fc90592-511f-4200-aedc-48597064f4c8/RMAN_full_1198730716_TNPRO_20250525_d03qabha_1_1.vab RECID=20179 STAMP=1202007594
deleted backup piece
backup piece handle=3fc90592-511f-4200-aedc-48597064f4c8/RMAN_full_1198730716_TNPRO_20250525_d23qabis_2_1.vab RECID=20180 STAMP=1202007769
deleted backup piece
backup piece handle=3fc90592-511f-4200-aedc-48597064f4c8/RMAN_full_1198730716_TNPRO_20250525_d23qabis_1_1.vab RECID=20182 STAMP=1202007644
deleted backup piece
backup piece handle=3fc90592-511f-4200-aedc-48597064f4c8/RMAN_full_1198730716_TNPRO_20250525_d43qabs8_2_1.vab RECID=20181 STAMP=1202008230
deleted backup piece
backup piece handle=3fc90592-511f-4200-aedc-48597064f4c8/RMAN_full_1198730716_TNPRO_20250525_d43qabs8_1_1.vab RECID=20183 STAMP=1202007945
deleted backup piece
backup piece handle=3fc90592-511f-4200-aedc-48597064f4c8/RMAN_full_1198730716_TNPRO_20250525_d63qac56_2_1.vab RECID=20184 STAMP=1202008425
deleted backup piece
backup piece handle=3fc90592-511f-4200-aedc-48597064f4c8/RMAN_full_1198730716_TNPRO_20250525_d63qac56_1_1.vab RECID=20185 STAMP=1202008230
deleted backup piece
backup piece handle=3fc90592-511f-4200-aedc-48597064f4c8/RMAN_full_1198730716_TNPRO_20250525_d83qacjj_2_1.vab RECID=20186 STAMP=1202008766
deleted backup piece
backup piece handle=3fc90592-511f-4200-aedc-48597064f4c8/RMAN_full_1198730716_TNPRO_20250525_d83qacjj_1_1.vab RECID=20188 STAMP=1202008691
deleted backup piece
backup piece handle=3fc90592-511f-4200-aedc-48597064f4c8/RMAN_full_1198730716_TNPRO_20250525_da3qad03_2_1.vab RECID=20187 STAMP=1202009106
deleted backup piece
backup piece handle=3fc90592-511f-4200-aedc-48597064f4c8/RMAN_full_1198730716_TNPRO_20250525_da3qad03_1_1.vab RECID=20189 STAMP=1202009091
deleted backup piece
backup piece handle=3fc90592-511f-4200-aedc-48597064f4c8/RMAN_full_1198730716_TNPRO_20250525_dc3qadan_2_1.vab RECID=20192 STAMP=1202009717
deleted backup piece
backup piece handle=3fc90592-511f-4200-aedc-48597064f4c8/RMAN_full_1198730716_TNPRO_20250525_dc3qadan_1_1.vab RECID=20190 STAMP=1202009432
deleted backup piece
backup piece handle=3fc90592-511f-4200-aedc-48597064f4c8/RMAN_full_1198730716_TNPRO_20250525_de3qadm0_2_1.vab RECID=20193 STAMP=1202010037
deleted backup piece
backup piece handle=3fc90592-511f-4200-aedc-48597064f4c8/RMAN_full_1198730716_TNPRO_20250525_de3qadm0_1_1.vab RECID=20191 STAMP=1202009792
deleted backup piece
backup piece handle=3fc90592-511f-4200-aedc-48597064f4c8/RMAN_full_1198730716_TNPRO_20250525_dg3qae5v_2_1.vab RECID=20194 STAMP=1202010348
deleted backup piece
backup piece handle=3fc90592-511f-4200-aedc-48597064f4c8/RMAN_full_1198730716_TNPRO_20250525_dg3qae5v_1_1.vab RECID=20197 STAMP=1202010303
deleted backup piece
backup piece handle=3fc90592-511f-4200-aedc-48597064f4c8/RMAN_full_1198730716_TNPRO_20250525_di3qae7r_2_1.vab RECID=20195 STAMP=1202010364
deleted backup piece
backup piece handle=3fc90592-511f-4200-aedc-48597064f4c8/RMAN_full_1198730716_TNPRO_20250525_di3qae7r_1_1.vab RECID=20196 STAMP=1202010363
deleted backup piece
backup piece handle=3fc90592-511f-4200-aedc-48597064f4c8/RMAN_full_1198730716_TNPRO_20250525_dk3qaeib_2_1.vab RECID=20199 STAMP=1202010714
deleted backup piece
backup piece handle=3fc90592-511f-4200-aedc-48597064f4c8/RMAN_full_1198730716_TNPRO_20250525_dk3qaeib_1_1.vab RECID=20201 STAMP=1202010699
deleted backup piece
backup piece handle=3fc90592-511f-4200-aedc-48597064f4c8/RMAN_full_1198730716_TNPRO_20250525_dm3qaep7_2_1.vab RECID=20198 STAMP=1202011014
deleted backup piece
backup piece handle=3fc90592-511f-4200-aedc-48597064f4c8/RMAN_full_1198730716_TNPRO_20250525_dm3qaep7_1_1.vab RECID=20203 STAMP=1202010919
deleted backup piece
backup piece handle=3fc90592-511f-4200-aedc-48597064f4c8/RMAN_full_1198730716_TNPRO_20250525_do3qaet9_2_1.vab RECID=20200 STAMP=1202011145
deleted backup piece
backup piece handle=3fc90592-511f-4200-aedc-48597064f4c8/RMAN_full_1198730716_TNPRO_20250525_do3qaet9_1_1.vab RECID=20205 STAMP=1202011050
deleted backup piece
backup piece handle=3fc90592-511f-4200-aedc-48597064f4c8/RMAN_full_1198730716_TNPRO_20250525_dq3qaf0o_2_1.vab RECID=20202 STAMP=1202011185
deleted backup piece
backup piece handle=3fc90592-511f-4200-aedc-48597064f4c8/RMAN_full_1198730716_TNPRO_20250525_dq3qaf0o_1_1.vab RECID=20208 STAMP=1202011160
deleted backup piece
backup piece handle=3fc90592-511f-4200-aedc-48597064f4c8/RMAN_full_1198730716_TNPRO_20250525_ds3qaf2a_2_1.vab RECID=20204 STAMP=1202011286
deleted backup piece
backup piece handle=3fc90592-511f-4200-aedc-48597064f4c8/RMAN_full_1198730716_TNPRO_20250525_ds3qaf2a_1_1.vab RECID=20206 STAMP=1202011210
deleted backup piece
backup piece handle=3fc90592-511f-4200-aedc-48597064f4c8/RMAN_full_1198730716_TNPRO_20250525_du3qaf5f_2_1.vab RECID=20207 STAMP=1202011416
deleted backup piece
backup piece handle=3fc90592-511f-4200-aedc-48597064f4c8/RMAN_full_1198730716_TNPRO_20250525_du3qaf5f_1_1.vab RECID=20211 STAMP=1202011311
deleted backup piece
backup piece handle=3fc90592-511f-4200-aedc-48597064f4c8/RMAN_full_1198730716_TNPRO_20250525_e03qafbd_2_1.vab RECID=20210 STAMP=1202011967
deleted backup piece
backup piece handle=3fc90592-511f-4200-aedc-48597064f4c8/RMAN_full_1198730716_TNPRO_20250525_e03qafbd_1_1.vab RECID=20209 STAMP=1202011501
deleted backup piece
backup piece handle=3fc90592-511f-4200-aedc-48597064f4c8/RMAN_full_1198730716_TNPRO_20250525_e23qafs0_2_1.vab RECID=20212 STAMP=1202012077
deleted backup piece
backup piece handle=3fc90592-511f-4200-aedc-48597064f4c8/RMAN_full_1198730716_TNPRO_20250525_e23qafs0_1_1.vab RECID=20213 STAMP=1202012032
deleted backup piece
backup piece handle=3fc90592-511f-4200-aedc-48597064f4c8/RMAN_full_1198730716_TNPRO_20250525_e43qag0c_1_1.vab RECID=20214 STAMP=1202012173
deleted backup piece
backup piece handle=3fc90592-511f-4200-aedc-48597064f4c8/RMAN_full_1198730716_TNPRO_20250525_e53qag16_1_1.vab RECID=20218 STAMP=1202012198
deleted backup piece
backup piece handle=3fc90592-511f-4200-aedc-48597064f4c8/RMAN_full_1198730716_TNPRO_20250525_e63qag53_1_1.vab RECID=20216 STAMP=1202012323
deleted backup piece
backup piece handle=3fc90592-511f-4200-aedc-48597064f4c8/RMAN_full_1198730716_TNPRO_20250525_e73qagh4_2_1.vab RECID=20215 STAMP=1202012863
deleted backup piece
backup piece handle=3fc90592-511f-4200-aedc-48597064f4c8/RMAN_full_1198730716_TNPRO_20250525_e73qagh4_1_1.vab RECID=20220 STAMP=1202012708
deleted backup piece
backup piece handle=3fc90592-511f-4200-aedc-48597064f4c8/RMAN_full_1198730716_TNPRO_20250525_e93qagol_2_1.vab RECID=20217 STAMP=1202013004
deleted backup piece
backup piece handle=3fc90592-511f-4200-aedc-48597064f4c8/RMAN_full_1198730716_TNPRO_20250525_e93qagol_1_1.vab RECID=20221 STAMP=1202012949
deleted backup piece
backup piece handle=3fc90592-511f-4200-aedc-48597064f4c8/RMAN_full_1198730716_TNPRO_20250525_eb3qagt1_1_1.vab RECID=20222 STAMP=1202013089
deleted backup piece
backup piece handle=3fc90592-511f-4200-aedc-48597064f4c8/RMAN_full_1198730716_TNPRO_20250525_ec3qah18_1_1.vab RECID=20219 STAMP=1202013225
deleted backup piece
backup piece handle=3fc90592-511f-4200-aedc-48597064f4c8/RMAN_full_1198730716_TNPRO_20250525_ed3qahm3_1_1.vab RECID=20223 STAMP=1202013891
deleted backup piece
backup piece handle=3fc90592-511f-4200-aedc-48597064f4c8/RMAN_full_1198730716_TNPRO_20250525_ee3qahn1_1_1.vab RECID=20225 STAMP=1202013921
deleted backup piece
backup piece handle=3fc90592-511f-4200-aedc-48597064f4c8/RMAN_full_1198730716_TNPRO_20250525_ef3qahn1_1_1.vab RECID=20226 STAMP=1202013921
deleted backup piece
backup piece handle=3fc90592-511f-4200-aedc-48597064f4c8/RMAN_full_1198730716_TNPRO_20250525_eg3qahn1_1_1.vab RECID=20224 STAMP=1202013921
deleted backup piece
backup piece handle=3fc90592-511f-4200-aedc-48597064f4c8/RMAN_full_1198730716_TNPRO_20250525_eh3qahng_1_1.vab RECID=20227 STAMP=1202013937
deleted backup piece
backup piece handle=3fc90592-511f-4200-aedc-48597064f4c8/RMAN_full_1198730716_TNPRO_20250525_ei3qaho9_1_1.vab RECID=20230 STAMP=1202013961
deleted backup piece
backup piece handle=3fc90592-511f-4200-aedc-48597064f4c8/RMAN_full_1198730716_TNPRO_20250525_ej3qaho9_1_1.vab RECID=20229 STAMP=1202013961
deleted backup piece
backup piece handle=3fc90592-511f-4200-aedc-48597064f4c8/RMAN_full_1198730716_TNPRO_20250525_ek3qaho9_1_1.vab RECID=20231 STAMP=1202013961
deleted backup piece
backup piece handle=3fc90592-511f-4200-aedc-48597064f4c8/RMAN_full_1198730716_TNPRO_20250525_el3qaho9_1_1.vab RECID=20228 STAMP=1202013961
deleted backup piece
backup piece handle=3fc90592-511f-4200-aedc-48597064f4c8/RMAN_full_1198730716_TNPRO_20250525_em3qahoo_1_1.vab RECID=20232 STAMP=1202013976
deleted backup piece
backup piece handle=3fc90592-511f-4200-aedc-48597064f4c8/RMAN_incr_1198730716_TNPRO_20250617_sc3s6p5b_1_1.vab RECID=20672 STAMP=1203987629
deleted backup piece
backup piece handle=3fc90592-511f-4200-aedc-48597064f4c8/RMAN_incr_1198730716_TNPRO_20250617_sd3s6p5c_1_1.vab RECID=20670 STAMP=1203987631
deleted backup piece
backup piece handle=3fc90592-511f-4200-aedc-48597064f4c8/RMAN_incr_1198730716_TNPRO_20250617_se3s6qpp_1_1.vab RECID=20671 STAMP=1203989306
deleted backup piece
backup piece handle=3fc90592-511f-4200-aedc-48597064f4c8/RMAN_incr_1198730716_TNPRO_20250617_sf3s6qqa_1_1.vab RECID=20673 STAMP=1203989322
deleted backup piece
backup piece handle=3fc90592-511f-4200-aedc-48597064f4c8/RMAN_incr_1198730716_TNPRO_20250617_sg3s6qqk_1_1.vab RECID=20675 STAMP=1203989332
deleted backup piece
backup piece handle=3fc90592-511f-4200-aedc-48597064f4c8/RMAN_incr_1198730716_TNPRO_20250617_sh3s6qqk_1_1.vab RECID=20674 STAMP=1203989332
deleted backup piece
backup piece handle=3fc90592-511f-4200-aedc-48597064f4c8/RMAN_incr_1198730716_TNPRO_20250617_si3s6qqs_1_1.vab RECID=20676 STAMP=1203989341
deleted backup piece
backup piece handle=3fc90592-511f-4200-aedc-48597064f4c8/RMAN_incr_1198730716_TNPRO_20250617_sj3s6qrd_1_1.vab RECID=20678 STAMP=1203989357
deleted backup piece
backup piece handle=3fc90592-511f-4200-aedc-48597064f4c8/RMAN_incr_1198730716_TNPRO_20250617_sk3s6qrd_1_1.vab RECID=20677 STAMP=1203989357
deleted backup piece
backup piece handle=3fc90592-511f-4200-aedc-48597064f4c8/RMAN_incr_1198730716_TNPRO_20250617_sl3s6qs7_1_1.vab RECID=20679 STAMP=1203989383
Deleted 109 objects


RMAN> 

List of Backup Sets
===================


BS Key  Type LV Size       Device Type Elapsed Time Completion Time
------- ---- -- ---------- ----------- ------------ ---------------
16775   Full    8.00M      SBT_TAPE    00:00:21     22-JUN-25      
        BP Key: 20805   Status: AVAILABLE  Compressed: YES  Tag: FULL_TNPRO_22062025_01H00
        Handle: 3fc90592-511f-4200-aedc-48597064f4c8/RMAN_full_1198730716_TNPRO_20250622_0j3skca4_1_1.vab   Media: {3fc90592-511f-4200-aedc-48597064f4c8}
        Keep: BACKUP_LOGS        Until: 22-JUL-25      
  SPFILE Included: Modification time: 21-JUN-25
  SPFILE db_unique_name: TNPRO

BS Key  Type LV Size       Device Type Elapsed Time Completion Time
------- ---- -- ---------- ----------- ------------ ---------------
16788   Full    8.00M      SBT_TAPE    00:00:02     24-JUN-25      
        BP Key: 20818   Status: AVAILABLE  Compressed: YES  Tag: FULL_TNPRO_22062025_01H00
        Handle: 3fc90592-511f-4200-aedc-48597064f4c8/RMAN_incr_1198730716_TNPRO_20250624_123sr8e5_1_1.vab   Media: {3fc90592-511f-4200-aedc-48597064f4c8}
        Keep: BACKUP_LOGS        Until: 01-JUL-25      
  SPFILE Included: Modification time: 23-JUN-25
  SPFILE db_unique_name: TNPRO

RMAN> 

List of Backup Sets
===================


BS Key  Type LV Size       Device Type Elapsed Time Completion Time
------- ---- -- ---------- ----------- ------------ ---------------
16773   Incr 0  16.00M     SBT_TAPE    00:00:14     22-JUN-25      
        BP Key: 20801   Status: AVAILABLE  Compressed: YES  Tag: FULL_TNPRO_22062025_01H00
        Handle: 3fc90592-511f-4200-aedc-48597064f4c8/RMAN_full_1198730716_TNPRO_20250622_0i3skbg9_1_1.vab   Media: {3fc90592-511f-4200-aedc-48597064f4c8}
        Keep: BACKUP_LOGS        Until: 22-JUL-25      
  Control File Included: Ckp SCN: 47075619131   Ckp time: 22-JUN-25

BS Key  Type LV Size       Device Type Elapsed Time Completion Time
------- ---- -- ---------- ----------- ------------ ---------------
16779   Full    16.00M     SBT_TAPE    00:00:09     22-JUN-25      
        BP Key: 20809   Status: AVAILABLE  Compressed: YES  Tag: FULL_TNPRO_22062025_01H00
        Handle: 3fc90592-511f-4200-aedc-48597064f4c8/RMAN_full_1198730716_TNPRO_20250622_0n3skcbr_1_1.vab   Media: {3fc90592-511f-4200-aedc-48597064f4c8}
        Keep: BACKUP_LOGS        Until: 22-JUL-25      
  Control File Included: Ckp SCN: 47075620485   Ckp time: 22-JUN-25

BS Key  Type LV Size       Device Type Elapsed Time Completion Time
------- ---- -- ---------- ----------- ------------ ---------------
16786   Incr 1  16.00M     SBT_TAPE    00:00:16     24-JUN-25      
        BP Key: 20816   Status: AVAILABLE  Compressed: YES  Tag: FULL_TNPRO_22062025_01H00
        Handle: 3fc90592-511f-4200-aedc-48597064f4c8/RMAN_incr_1198730716_TNPRO_20250624_113sr8da_1_1.vab   Media: {3fc90592-511f-4200-aedc-48597064f4c8}
        Keep: BACKUP_LOGS        Until: 01-JUL-25      
  Control File Included: Ckp SCN: 47077071637   Ckp time: 24-JUN-25

BS Key  Type LV Size       Device Type Elapsed Time Completion Time
------- ---- -- ---------- ----------- ------------ ---------------
16791   Full    16.00M     SBT_TAPE    00:00:05     24-JUN-25      
        BP Key: 20821   Status: AVAILABLE  Compressed: YES  Tag: FULL_TNPRO_22062025_01H00
        Handle: 3fc90592-511f-4200-aedc-48597064f4c8/RMAN_incr_1198730716_TNPRO_20250624_153sr8eu_1_1.vab   Media: {3fc90592-511f-4200-aedc-48597064f4c8}
        Keep: BACKUP_LOGS        Until: 01-JUL-25      
  Control File Included: Ckp SCN: 47077071750   Ckp time: 24-JUN-25

RMAN> 

Recovery Manager complete.
