
Recovery Manager: Release 11.2.0.4.0 - Production on Tue Jun 24 18:01:01 2025

Copyright (c) 1982, 2011, Oracle and/or its affiliates.  All rights reserved.

RMAN> 
connected to target database: BPM1PROD (DBID=1562024455)

RMAN> 2> 3> 4> 5> 6> 7> 8> 9> 
using target database control file instead of recovery catalog
allocated channel: ch1
channel ch1: SID=46 instance=bpm1prod1 device type=SBT_TAPE
channel ch1: Veeam Plug-in for Oracle RMAN

allocated channel: ch2
channel ch2: SID=669 instance=bpm1prod1 device type=SBT_TAPE
channel ch2: Veeam Plug-in for Oracle RMAN

Starting backup at 24-JUN-25
current log archived

backup will be obsolete on date 01-JUL-25
archived logs required to recover from this backup will be backed up
channel ch1: starting compressed incremental level 1 datafile backup set
channel ch1: specifying datafile(s) in backup set
input datafile file number=00005 name=+DG_BPM1PROD/bpm1prod/datafile/users.298.1067258611
input datafile file number=00018 name=+DG_BPM1PROD/bpm1prod/datafile/users.273.1046539957
input datafile file number=00021 name=+DG_BPM1PROD/bpm1prod/datafile/users.276.1046540617
input datafile file number=00024 name=+DG_BPM1PROD/bpm1prod/datafile/users.300.1071825603
input datafile file number=00029 name=+DG_BPM1PROD/bpm1prod/datafile/bpm_vmax.257.1046368133
input datafile file number=00008 name=+DG_BPM1PROD/bpm1prod/datafile/users.263.1046453077
input datafile file number=00011 name=+DG_BPM1PROD/bpm1prod/datafile/users.266.1046453779
input datafile file number=00017 name=+DG_BPM1PROD/bpm1prod/datafile/users.272.1046539819
input datafile file number=00030 name=+DG_BPM1PROD/bpm1prod/datafile/bpm_vmax.256.1046367795
input datafile file number=00032 name=+DG_BPM1PROD/bpm1prod/datafile/users.280.1046541669
input datafile file number=00038 name=+DG_BPM1PROD/bpm1prod/datafile/users.304.1107512627
input datafile file number=00040 name=+DG_BPM1PROD/bpm1prod/datafile/users.306.1109167133
input datafile file number=00043 name=+DG_BPM1PROD/bpm1prod/datafile/users.309.1118420561
input datafile file number=00045 name=+DG_BPM1PROD/bpm1prod/datafile/users.311.1122044157
input datafile file number=00026 name=+DG_BPM1PROD/bpm1prod/datafile/users.278.1046541397
input datafile file number=00015 name=+DG_BPM1PROD/bpm1prod/datafile/users.270.1046539525
input datafile file number=00025 name=+DG_BPM1PROD/bpm1prod/datafile/users.301.1072286805
input datafile file number=00013 name=+DG_BPM1PROD/bpm1prod/datafile/users.268.1046454225
input datafile file number=00014 name=+DG_BPM1PROD/bpm1prod/datafile/users.269.1046539401
input datafile file number=00042 name=+DG_BPM1PROD/bpm1prod/datafile/bpm_vmax.308.1117808141
input datafile file number=00048 name=+DG_BPM1PROD/bpm1prod/datafile/users.314.1168964391
input datafile file number=00050 name=+DG_BPM1PROD/bpm1prod/datafile/users.316.1168970935
input datafile file number=00052 name=+DG_BPM1PROD/bpm1prod/datafile/users.318.1168971279
input datafile file number=00054 name=+DG_BPM1PROD/bpm1prod/datafile/users.320.1176570641
input datafile file number=00056 name=+DG_BPM1PROD/bpm1prod/datafile/users.322.1180689767
input datafile file number=00058 name=+DG_BPM1PROD/bpm1prod/datafile/users.324.1180689887
input datafile file number=00062 name=+DG_BPM1PROD/bpm1prod/datafile/users.328.1188470599
input datafile file number=00060 name=+DG_BPM1PROD/bpm1prod/datafile/bpm_vmax.326.1186048365
input datafile file number=00001 name=+DG_BPM1PROD/bpm1prod/datafile/system.293.1049759455
input datafile file number=00035 name=+DG_BPM1PROD/bpm1prod/datafile/undotb2.289.1047464479
input datafile file number=00002 name=+DG_BPM1PROD/bpm1prod/datafile/sysaux.294.1049759479
channel ch1: starting piece 1 at 24-JUN-25
channel ch2: starting compressed incremental level 1 datafile backup set
channel ch2: specifying datafile(s) in backup set
input datafile file number=00003 name=+DG_BPM1PROD/bpm1prod/datafile/users.297.1061053341
input datafile file number=00012 name=+DG_BPM1PROD/bpm1prod/datafile/users.267.1046453957
input datafile file number=00020 name=+DG_BPM1PROD/bpm1prod/datafile/users.275.1046540245
input datafile file number=00023 name=+DG_BPM1PROD/bpm1prod/datafile/users.299.1071825603
input datafile file number=00028 name=+DG_BPM1PROD/bpm1prod/datafile/bpm_vmax.258.1046368331
input datafile file number=00007 name=+DG_BPM1PROD/bpm1prod/datafile/users.262.1046452931
input datafile file number=00009 name=+DG_BPM1PROD/bpm1prod/datafile/users.264.1046453245
input datafile file number=00016 name=+DG_BPM1PROD/bpm1prod/datafile/users.271.1046539677
input datafile file number=00022 name=+DG_BPM1PROD/bpm1prod/datafile/users.277.1046540753
input datafile file number=00031 name=+DG_BPM1PROD/bpm1prod/datafile/users.279.1046541569
input datafile file number=00033 name=+DG_BPM1PROD/bpm1prod/datafile/bpm_vmax.281.1046600953
input datafile file number=00039 name=+DG_BPM1PROD/bpm1prod/datafile/users.305.1107512663
input datafile file number=00041 name=+DG_BPM1PROD/bpm1prod/datafile/users.307.1117356897
input datafile file number=00044 name=+DG_BPM1PROD/bpm1prod/datafile/users.310.1118420693
input datafile file number=00046 name=+DG_BPM1PROD/bpm1prod/datafile/users.312.1124013451
input datafile file number=00010 name=+DG_BPM1PROD/bpm1prod/datafile/users.265.1046453427
input datafile file number=00004 name=+DG_BPM1PROD/bpm1prod/datafile/users.261.1046370427
input datafile file number=00019 name=+DG_BPM1PROD/bpm1prod/datafile/users.274.1046540089
input datafile file number=00027 name=+DG_BPM1PROD/bpm1prod/datafile/users.259.1046368987
input datafile file number=00047 name=+DG_BPM1PROD/bpm1prod/datafile/bpm_vmax.313.1149177847
input datafile file number=00049 name=+DG_BPM1PROD/bpm1prod/datafile/users.315.1168970709
input datafile file number=00051 name=+DG_BPM1PROD/bpm1prod/datafile/users.317.1168971161
input datafile file number=00053 name=+DG_BPM1PROD/bpm1prod/datafile/bpm_vmax.319.1176199095
input datafile file number=00055 name=+DG_BPM1PROD/bpm1prod/datafile/users.321.1178616715
input datafile file number=00057 name=+DG_BPM1PROD/bpm1prod/datafile/users.323.1180689839
input datafile file number=00059 name=+DG_BPM1PROD/bpm1prod/datafile/users.325.1185102431
input datafile file number=00006 name=+DG_BPM1PROD/bpm1prod/datafile/bpm_data.260.1046369509
input datafile file number=00036 name=+DG_BPM1PROD/bpm1prod/datafile/sysaux.302.1074786821
input datafile file number=00037 name=+DG_BPM1PROD/bpm1prod/datafile/sysaux.303.1074786929
input datafile file number=00061 name=+DG_BPM1PROD/bpm1prod/datafile/users.327.1187004499
input datafile file number=00034 name=+DG_BPM1PROD/bpm1prod/datafile/undotb1.288.1047464031
channel ch2: starting piece 1 at 24-JUN-25
channel ch2: finished piece 1 at 24-JUN-25
piece handle=3fc90592-511f-4200-aedc-48597064f4c8/RMAN_incr_1562024455_BPM1PROD_20250624_im3sr3jd_1_1.vab tag=FULL_BPM1PROD_22062025_01H00 comment=API Version 2.0,MMS Version 12.3.0.54
channel ch2: backup set complete, elapsed time: 01:17:26
channel ch2: starting compressed incremental level 1 datafile backup set
channel ch2: specifying datafile(s) in backup set
including current control file in backup set
channel ch2: starting piece 1 at 24-JUN-25
channel ch2: finished piece 1 at 24-JUN-25
piece handle=3fc90592-511f-4200-aedc-48597064f4c8/RMAN_incr_1562024455_BPM1PROD_20250624_in3sr84k_1_1.vab tag=FULL_BPM1PROD_22062025_01H00 comment=API Version 2.0,MMS Version 12.3.0.54
channel ch2: backup set complete, elapsed time: 00:00:15
channel ch1: finished piece 1 at 24-JUN-25
piece handle=3fc90592-511f-4200-aedc-48597064f4c8/RMAN_incr_1562024455_BPM1PROD_20250624_il3sr3jd_1_1.vab tag=FULL_BPM1PROD_22062025_01H00 comment=API Version 2.0,MMS Version 12.3.0.54
channel ch1: backup set complete, elapsed time: 01:17:53

backup will be obsolete on date 01-JUL-25
archived logs required to recover from this backup will be backed up
channel ch1: starting compressed full datafile backup set
channel ch1: specifying datafile(s) in backup set
including current SPFILE in backup set
channel ch1: starting piece 1 at 24-JUN-25
channel ch1: finished piece 1 at 24-JUN-25
piece handle=3fc90592-511f-4200-aedc-48597064f4c8/RMAN_incr_1562024455_BPM1PROD_20250624_io3sr85f_1_1.vab tag=FULL_BPM1PROD_22062025_01H00 comment=API Version 2.0,MMS Version 12.3.0.54
channel ch1: backup set complete, elapsed time: 00:00:07

current log archived
backup will be obsolete on date 01-JUL-25
archived logs required to recover from this backup will be backed up
channel ch1: starting compressed archived log backup set
channel ch1: specifying archived log(s) in backup set
input archived log thread=1 sequence=181799 RECID=347017 STAMP=1204653668
input archived log thread=2 sequence=165219 RECID=347019 STAMP=1204658359
channel ch1: starting piece 1 at 24-JUN-25
channel ch2: starting compressed archived log backup set
channel ch2: specifying archived log(s) in backup set
input archived log thread=1 sequence=181800 RECID=347018 STAMP=1204658358
channel ch2: starting piece 1 at 24-JUN-25
channel ch1: finished piece 1 at 24-JUN-25
piece handle=3fc90592-511f-4200-aedc-48597064f4c8/RMAN_incr_1562024455_BPM1PROD_20250624_ip3sr85p_1_1.vab tag=FULL_BPM1PROD_22062025_01H00 comment=API Version 2.0,MMS Version 12.3.0.54
channel ch1: backup set complete, elapsed time: 00:00:15
channel ch2: finished piece 1 at 24-JUN-25
piece handle=3fc90592-511f-4200-aedc-48597064f4c8/RMAN_incr_1562024455_BPM1PROD_20250624_iq3sr85q_1_1.vab tag=FULL_BPM1PROD_22062025_01H00 comment=API Version 2.0,MMS Version 12.3.0.54
channel ch2: backup set complete, elapsed time: 00:00:15

backup will be obsolete on date 01-JUL-25
archived logs required to recover from this backup will be backed up
channel ch1: starting compressed full datafile backup set
channel ch1: specifying datafile(s) in backup set
including current control file in backup set
channel ch1: starting piece 1 at 24-JUN-25
channel ch1: finished piece 1 at 24-JUN-25
piece handle=3fc90592-511f-4200-aedc-48597064f4c8/RMAN_incr_1562024455_BPM1PROD_20250624_ir3sr869_1_1.vab tag=FULL_BPM1PROD_22062025_01H00 comment=API Version 2.0,MMS Version 12.3.0.54
channel ch1: backup set complete, elapsed time: 00:00:15
Finished backup at 24-JUN-25

Starting backup at 24-JUN-25
current log archived
backup will be obsolete on date 01-JUL-25
archived logs required to recover from this backup will be backed up
skipping archived logs of thread 1 from sequence 181799 to 181800; already backed up
skipping archived log of thread 2 with sequence 165219; already backed up
channel ch1: starting compressed archived log backup set
channel ch1: specifying archived log(s) in backup set
input archived log thread=2 sequence=165193 RECID=346972 STAMP=1204444852
input archived log thread=1 sequence=181779 RECID=346971 STAMP=1204441242
input archived log thread=1 sequence=181780 RECID=346973 STAMP=1204452805
input archived log thread=2 sequence=165194 RECID=346974 STAMP=1204459211
input archived log thread=1 sequence=181781 RECID=346975 STAMP=1204462815
input archived log thread=2 sequence=165195 RECID=346976 STAMP=1204470030
input archived log thread=1 sequence=181782 RECID=346977 STAMP=1204477227
input archived log thread=2 sequence=165196 RECID=346978 STAMP=1204484416
input archived log thread=1 sequence=181783 RECID=346979 STAMP=1204484719
input archived log thread=2 sequence=165197 RECID=346980 STAMP=1204492561
input archived log thread=1 sequence=181784 RECID=346982 STAMP=1204495206
input archived log thread=2 sequence=165198 RECID=346981 STAMP=1204492563
input archived log thread=2 sequence=165199 RECID=346983 STAMP=1204498817
input archived log thread=1 sequence=181785 RECID=346985 STAMP=1204509633
input archived log thread=2 sequence=165200 RECID=346984 STAMP=1204509615
input archived log thread=2 sequence=165201 RECID=346986 STAMP=1204520298
input archived log thread=1 sequence=181786 RECID=346987 STAMP=1204524009
input archived log thread=2 sequence=165202 RECID=346988 STAMP=1204531228
input archived log thread=1 sequence=181787 RECID=346989 STAMP=1204537796
input archived log thread=2 sequence=165203 RECID=346990 STAMP=1204542037
input archived log thread=1 sequence=181788 RECID=346991 STAMP=1204549229
channel ch1: starting piece 1 at 24-JUN-25
channel ch2: starting compressed archived log backup set
channel ch2: specifying archived log(s) in backup set
input archived log thread=2 sequence=165204 RECID=346992 STAMP=1204551992
input archived log thread=1 sequence=181789 RECID=346994 STAMP=1204563606
input archived log thread=2 sequence=165205 RECID=346993 STAMP=1204560066
input archived log thread=2 sequence=165206 RECID=346995 STAMP=1204570821
input archived log thread=1 sequence=181790 RECID=346996 STAMP=1204578012
input archived log thread=2 sequence=165207 RECID=346997 STAMP=1204579003
input archived log thread=1 sequence=181791 RECID=347000 STAMP=1204579012
input archived log thread=2 sequence=165208 RECID=346998 STAMP=1204579005
input archived log thread=2 sequence=165209 RECID=346999 STAMP=1204579009
input archived log thread=2 sequence=165210 RECID=347002 STAMP=1204591271
input archived log thread=1 sequence=181792 RECID=347001 STAMP=1204588977
input archived log thread=1 sequence=181793 RECID=347004 STAMP=1204592416
input archived log thread=2 sequence=165211 RECID=347003 STAMP=1204592414
input archived log thread=2 sequence=165212 RECID=347006 STAMP=1204594019
input archived log thread=1 sequence=181794 RECID=347005 STAMP=1204594019
input archived log thread=1 sequence=181795 RECID=347007 STAMP=1204603235
input archived log thread=2 sequence=165213 RECID=347008 STAMP=1204606827
input archived log thread=1 sequence=181796 RECID=347010 STAMP=1204617642
input archived log thread=2 sequence=165214 RECID=347009 STAMP=1204617640
input archived log thread=2 sequence=165215 RECID=347011 STAMP=1204628429
input archived log thread=1 sequence=181797 RECID=347012 STAMP=1204632032
input archived log thread=2 sequence=165216 RECID=347013 STAMP=1204639233
input archived log thread=1 sequence=181798 RECID=347014 STAMP=1204646430
input archived log thread=2 sequence=165217 RECID=347015 STAMP=1204650007
channel ch2: starting piece 1 at 24-JUN-25
channel ch1: finished piece 1 at 24-JUN-25
piece handle=3fc90592-511f-4200-aedc-48597064f4c8/RMAN_incr_1562024455_BPM1PROD_20250624_is3sr873_1_1.vab tag=FULL_BPM1PROD_22062025_01H00 comment=API Version 2.0,MMS Version 12.3.0.54
channel ch1: backup set complete, elapsed time: 00:00:26
channel ch1: deleting archived log(s)
archived log file name=+DG_FRA/bpm1prod/archivelog/2025_06_22/thread_2_seq_165193.11654.1204444853 RECID=346972 STAMP=1204444852
archived log file name=+DG_FRA/bpm1prod/archivelog/2025_06_22/thread_1_seq_181779.13054.1204441241 RECID=346971 STAMP=1204441242
archived log file name=+DG_FRA/bpm1prod/archivelog/2025_06_22/thread_1_seq_181780.12834.1204452805 RECID=346973 STAMP=1204452805
archived log file name=+DG_FRA/bpm1prod/archivelog/2025_06_22/thread_2_seq_165194.10410.1204459211 RECID=346974 STAMP=1204459211
archived log file name=+DG_FRA/bpm1prod/archivelog/2025_06_22/thread_1_seq_181781.4020.1204462815 RECID=346975 STAMP=1204462815
archived log file name=+DG_FRA/bpm1prod/archivelog/2025_06_22/thread_2_seq_165195.11146.1204470031 RECID=346976 STAMP=1204470030
archived log file name=+DG_FRA/bpm1prod/archivelog/2025_06_22/thread_1_seq_181782.13069.1204477227 RECID=346977 STAMP=1204477227
archived log file name=+DG_FRA/bpm1prod/archivelog/2025_06_22/thread_2_seq_165196.12622.1204484417 RECID=346978 STAMP=1204484416
archived log file name=+DG_FRA/bpm1prod/archivelog/2025_06_22/thread_1_seq_181783.11158.1204484719 RECID=346979 STAMP=1204484719
archived log file name=+DG_FRA/bpm1prod/archivelog/2025_06_22/thread_2_seq_165197.12205.1204492561 RECID=346980 STAMP=1204492561
archived log file name=+DG_FRA/bpm1prod/archivelog/2025_06_22/thread_1_seq_181784.5183.1204495207 RECID=346982 STAMP=1204495206
archived log file name=+DG_FRA/bpm1prod/archivelog/2025_06_22/thread_2_seq_165198.11696.1204492563 RECID=346981 STAMP=1204492563
archived log file name=+DG_FRA/bpm1prod/archivelog/2025_06_22/thread_2_seq_165199.1965.1204498817 RECID=346983 STAMP=1204498817
archived log file name=+DG_FRA/bpm1prod/archivelog/2025_06_23/thread_1_seq_181785.11071.1204509633 RECID=346985 STAMP=1204509633
archived log file name=+DG_FRA/bpm1prod/archivelog/2025_06_23/thread_2_seq_165200.12641.1204509615 RECID=346984 STAMP=1204509615
archived log file name=+DG_FRA/bpm1prod/archivelog/2025_06_23/thread_2_seq_165201.11740.1204520299 RECID=346986 STAMP=1204520298
archived log file name=+DG_FRA/bpm1prod/archivelog/2025_06_23/thread_1_seq_181786.11991.1204524009 RECID=346987 STAMP=1204524009
archived log file name=+DG_FRA/bpm1prod/archivelog/2025_06_23/thread_2_seq_165202.11346.1204531229 RECID=346988 STAMP=1204531228
archived log file name=+DG_FRA/bpm1prod/archivelog/2025_06_23/thread_1_seq_181787.12215.1204537797 RECID=346989 STAMP=1204537796
archived log file name=+DG_FRA/bpm1prod/archivelog/2025_06_23/thread_2_seq_165203.11127.1204542037 RECID=346990 STAMP=1204542037
archived log file name=+DG_FRA/bpm1prod/archivelog/2025_06_23/thread_1_seq_181788.10138.1204549229 RECID=346991 STAMP=1204549229
channel ch1: starting compressed archived log backup set
channel ch1: specifying archived log(s) in backup set
input archived log thread=2 sequence=165218 RECID=347016 STAMP=1204653667
input archived log thread=1 sequence=181801 RECID=347021 STAMP=1204658400
input archived log thread=2 sequence=165220 RECID=347020 STAMP=1204658398
channel ch1: starting piece 1 at 24-JUN-25
channel ch2: finished piece 1 at 24-JUN-25
piece handle=3fc90592-511f-4200-aedc-48597064f4c8/RMAN_incr_1562024455_BPM1PROD_20250624_it3sr874_1_1.vab tag=FULL_BPM1PROD_22062025_01H00 comment=API Version 2.0,MMS Version 12.3.0.54
channel ch2: backup set complete, elapsed time: 00:00:27
channel ch2: deleting archived log(s)
archived log file name=+DG_FRA/bpm1prod/archivelog/2025_06_23/thread_2_seq_165204.5151.1204551993 RECID=346992 STAMP=1204551992
archived log file name=+DG_FRA/bpm1prod/archivelog/2025_06_23/thread_1_seq_181789.11117.1204563605 RECID=346994 STAMP=1204563606
archived log file name=+DG_FRA/bpm1prod/archivelog/2025_06_23/thread_2_seq_165205.12939.1204560065 RECID=346993 STAMP=1204560066
archived log file name=+DG_FRA/bpm1prod/archivelog/2025_06_23/thread_2_seq_165206.11922.1204570821 RECID=346995 STAMP=1204570821
archived log file name=+DG_FRA/bpm1prod/archivelog/2025_06_23/thread_1_seq_181790.11022.1204578013 RECID=346996 STAMP=1204578012
archived log file name=+DG_FRA/bpm1prod/archivelog/2025_06_23/thread_2_seq_165207.4000.1204579003 RECID=346997 STAMP=1204579003
archived log file name=+DG_FRA/bpm1prod/archivelog/2025_06_23/thread_1_seq_181791.12811.1204579013 RECID=347000 STAMP=1204579012
archived log file name=+DG_FRA/bpm1prod/archivelog/2025_06_23/thread_2_seq_165208.11561.1204579005 RECID=346998 STAMP=1204579005
archived log file name=+DG_FRA/bpm1prod/archivelog/2025_06_23/thread_2_seq_165209.12997.1204579009 RECID=346999 STAMP=1204579009
archived log file name=+DG_FRA/bpm1prod/archivelog/2025_06_24/thread_2_seq_165210.9870.1204591271 RECID=347002 STAMP=1204591271
archived log file name=+DG_FRA/bpm1prod/archivelog/2025_06_24/thread_1_seq_181792.3621.1204588977 RECID=347001 STAMP=1204588977
archived log file name=+DG_FRA/bpm1prod/archivelog/2025_06_24/thread_1_seq_181793.8875.1204592417 RECID=347004 STAMP=1204592416
archived log file name=+DG_FRA/bpm1prod/archivelog/2025_06_24/thread_2_seq_165211.12828.1204592415 RECID=347003 STAMP=1204592414
archived log file name=+DG_FRA/bpm1prod/archivelog/2025_06_24/thread_2_seq_165212.10790.1204594019 RECID=347006 STAMP=1204594019
archived log file name=+DG_FRA/bpm1prod/archivelog/2025_06_24/thread_1_seq_181794.10144.1204594019 RECID=347005 STAMP=1204594019
archived log file name=+DG_FRA/bpm1prod/archivelog/2025_06_24/thread_1_seq_181795.12813.1204603235 RECID=347007 STAMP=1204603235
archived log file name=+DG_FRA/bpm1prod/archivelog/2025_06_24/thread_2_seq_165213.12097.1204606827 RECID=347008 STAMP=1204606827
archived log file name=+DG_FRA/bpm1prod/archivelog/2025_06_24/thread_1_seq_181796.12703.1204617641 RECID=347010 STAMP=1204617642
archived log file name=+DG_FRA/bpm1prod/archivelog/2025_06_24/thread_2_seq_165214.12719.1204617641 RECID=347009 STAMP=1204617640
archived log file name=+DG_FRA/bpm1prod/archivelog/2025_06_24/thread_2_seq_165215.12179.1204628429 RECID=347011 STAMP=1204628429
archived log file name=+DG_FRA/bpm1prod/archivelog/2025_06_24/thread_1_seq_181797.11393.1204632033 RECID=347012 STAMP=1204632032
archived log file name=+DG_FRA/bpm1prod/archivelog/2025_06_24/thread_2_seq_165216.11595.1204639233 RECID=347013 STAMP=1204639233
archived log file name=+DG_FRA/bpm1prod/archivelog/2025_06_24/thread_1_seq_181798.9985.1204646431 RECID=347014 STAMP=1204646430
archived log file name=+DG_FRA/bpm1prod/archivelog/2025_06_24/thread_2_seq_165217.12548.1204650007 RECID=347015 STAMP=1204650007
channel ch2: deleting archived log(s)
archived log file name=+DG_FRA/bpm1prod/archivelog/2025_06_24/thread_1_seq_181799.11466.1204653669 RECID=347017 STAMP=1204653668
archived log file name=+DG_FRA/bpm1prod/archivelog/2025_06_24/thread_1_seq_181800.10564.1204658359 RECID=347018 STAMP=1204658358
archived log file name=+DG_FRA/bpm1prod/archivelog/2025_06_24/thread_2_seq_165219.8481.1204658359 RECID=347019 STAMP=1204658359
channel ch1: finished piece 1 at 24-JUN-25
piece handle=3fc90592-511f-4200-aedc-48597064f4c8/RMAN_incr_1562024455_BPM1PROD_20250624_iu3sr87v_1_1.vab tag=FULL_BPM1PROD_22062025_01H00 comment=API Version 2.0,MMS Version 12.3.0.54
channel ch1: backup set complete, elapsed time: 00:00:09
channel ch1: deleting archived log(s)
archived log file name=+DG_FRA/bpm1prod/archivelog/2025_06_24/thread_2_seq_165218.12696.1204653667 RECID=347016 STAMP=1204653667
archived log file name=+DG_FRA/bpm1prod/archivelog/2025_06_24/thread_1_seq_181801.10171.1204658401 RECID=347021 STAMP=1204658400
archived log file name=+DG_FRA/bpm1prod/archivelog/2025_06_24/thread_2_seq_165220.12243.1204658399 RECID=347020 STAMP=1204658398
Finished backup at 24-JUN-25

released channel: ch1

released channel: ch2

RMAN retention policy will be applied to the command
RMAN retention policy is set to redundancy 1
allocated channel: ORA_DISK_1
channel ORA_DISK_1: SID=46 instance=bpm1prod1 device type=DISK
allocated channel: ORA_DISK_2
channel ORA_DISK_2: SID=669 instance=bpm1prod1 device type=DISK
allocated channel: ORA_SBT_TAPE_1
channel ORA_SBT_TAPE_1: SID=29 instance=bpm1prod1 device type=SBT_TAPE
channel ORA_SBT_TAPE_1: Veeam Plug-in for Oracle RMAN
allocated channel: ORA_SBT_TAPE_2
channel ORA_SBT_TAPE_2: SID=788 instance=bpm1prod1 device type=SBT_TAPE
channel ORA_SBT_TAPE_2: Veeam Plug-in for Oracle RMAN
allocated channel: ORA_SBT_TAPE_3
channel ORA_SBT_TAPE_3: SID=254 instance=bpm1prod1 device type=SBT_TAPE
channel ORA_SBT_TAPE_3: Veeam Plug-in for Oracle RMAN
allocated channel: ORA_SBT_TAPE_4
channel ORA_SBT_TAPE_4: SID=518 instance=bpm1prod1 device type=SBT_TAPE
channel ORA_SBT_TAPE_4: Veeam Plug-in for Oracle RMAN
Deleting the following obsolete backups and copies:
Type                 Key    Completion Time    Filename/Handle
-------------------- ------ ------------------ --------------------
Backup Set           17588  25-MAY-25         
  Backup Piece       30820  25-MAY-25          3fc90592-511f-4200-aedc-48597064f4c8/RMAN_full_1562024455_BPM1PROD_20250525_ps3qa4h3_2_1.vab
Backup Set           17588  25-MAY-25         
  Backup Piece       30818  25-MAY-25          3fc90592-511f-4200-aedc-48597064f4c8/RMAN_full_1562024455_BPM1PROD_20250525_ps3qa4h3_1_1.vab
Backup Set           17587  25-MAY-25         
  Backup Piece       30821  25-MAY-25          3fc90592-511f-4200-aedc-48597064f4c8/RMAN_full_1562024455_BPM1PROD_20250525_pt3qa4h3_2_1.vab
Backup Set           17587  25-MAY-25         
  Backup Piece       30817  25-MAY-25          3fc90592-511f-4200-aedc-48597064f4c8/RMAN_full_1562024455_BPM1PROD_20250525_pt3qa4h3_1_1.vab
Backup Set           17586  25-MAY-25         
  Backup Piece       30822  25-MAY-25          3fc90592-511f-4200-aedc-48597064f4c8/RMAN_full_1562024455_BPM1PROD_20250525_pu3qa4h3_2_1.vab
Backup Set           17586  25-MAY-25         
  Backup Piece       30816  25-MAY-25          3fc90592-511f-4200-aedc-48597064f4c8/RMAN_full_1562024455_BPM1PROD_20250525_pu3qa4h3_1_1.vab
Backup Set           17589  25-MAY-25         
  Backup Piece       30823  25-MAY-25          3fc90592-511f-4200-aedc-48597064f4c8/RMAN_full_1562024455_BPM1PROD_20250525_pv3qa4h3_2_1.vab
Backup Set           17589  25-MAY-25         
  Backup Piece       30819  25-MAY-25          3fc90592-511f-4200-aedc-48597064f4c8/RMAN_full_1562024455_BPM1PROD_20250525_pv3qa4h3_1_1.vab
Backup Set           17590  25-MAY-25         
  Backup Piece       30824  25-MAY-25          3fc90592-511f-4200-aedc-48597064f4c8/RMAN_full_1562024455_BPM1PROD_20250525_q43qa5e1_2_1.vab
Backup Set           17590  25-MAY-25         
  Backup Piece       30825  25-MAY-25          3fc90592-511f-4200-aedc-48597064f4c8/RMAN_full_1562024455_BPM1PROD_20250525_q43qa5e1_1_1.vab
Backup Set           17591  25-MAY-25         
  Backup Piece       30826  25-MAY-25          3fc90592-511f-4200-aedc-48597064f4c8/RMAN_full_1562024455_BPM1PROD_20250525_q63qa5i4_2_1.vab
Backup Set           17591  25-MAY-25         
  Backup Piece       30827  25-MAY-25          3fc90592-511f-4200-aedc-48597064f4c8/RMAN_full_1562024455_BPM1PROD_20250525_q63qa5i4_1_1.vab
Backup Set           17592  25-MAY-25         
  Backup Piece       30828  25-MAY-25          3fc90592-511f-4200-aedc-48597064f4c8/RMAN_full_1562024455_BPM1PROD_20250525_q83qa5pu_2_1.vab
Backup Set           17592  25-MAY-25         
  Backup Piece       30830  25-MAY-25          3fc90592-511f-4200-aedc-48597064f4c8/RMAN_full_1562024455_BPM1PROD_20250525_q83qa5pu_1_1.vab
Backup Set           17593  25-MAY-25         
  Backup Piece       30829  25-MAY-25          3fc90592-511f-4200-aedc-48597064f4c8/RMAN_full_1562024455_BPM1PROD_20250525_qa3qa62d_2_1.vab
Backup Set           17593  25-MAY-25         
  Backup Piece       30831  25-MAY-25          3fc90592-511f-4200-aedc-48597064f4c8/RMAN_full_1562024455_BPM1PROD_20250525_qa3qa62d_1_1.vab
Backup Set           17594  25-MAY-25         
  Backup Piece       30835  25-MAY-25          3fc90592-511f-4200-aedc-48597064f4c8/RMAN_full_1562024455_BPM1PROD_20250525_qc3qa66b_2_1.vab
Backup Set           17594  25-MAY-25         
  Backup Piece       30832  25-MAY-25          3fc90592-511f-4200-aedc-48597064f4c8/RMAN_full_1562024455_BPM1PROD_20250525_qc3qa66b_1_1.vab
Backup Set           17595  25-MAY-25         
  Backup Piece       30833  25-MAY-25          3fc90592-511f-4200-aedc-48597064f4c8/RMAN_full_1562024455_BPM1PROD_20250525_qe3qa6f3_2_1.vab
Backup Set           17595  25-MAY-25         
  Backup Piece       30834  25-MAY-25          3fc90592-511f-4200-aedc-48597064f4c8/RMAN_full_1562024455_BPM1PROD_20250525_qe3qa6f3_1_1.vab
Backup Set           17596  25-MAY-25         
  Backup Piece       30837  25-MAY-25          3fc90592-511f-4200-aedc-48597064f4c8/RMAN_full_1562024455_BPM1PROD_20250525_qg3qa6mk_2_1.vab
Backup Set           17596  25-MAY-25         
  Backup Piece       30836  25-MAY-25          3fc90592-511f-4200-aedc-48597064f4c8/RMAN_full_1562024455_BPM1PROD_20250525_qg3qa6mk_1_1.vab
Backup Set           17597  25-MAY-25         
  Backup Piece       30838  25-MAY-25          3fc90592-511f-4200-aedc-48597064f4c8/RMAN_full_1562024455_BPM1PROD_20250525_qi3qa72q_2_1.vab
Backup Set           17597  25-MAY-25         
  Backup Piece       30840  25-MAY-25          3fc90592-511f-4200-aedc-48597064f4c8/RMAN_full_1562024455_BPM1PROD_20250525_qi3qa72q_1_1.vab
Backup Set           17598  25-MAY-25         
  Backup Piece       30839  25-MAY-25          3fc90592-511f-4200-aedc-48597064f4c8/RMAN_full_1562024455_BPM1PROD_20250525_qk3qa772_2_1.vab
Backup Set           17598  25-MAY-25         
  Backup Piece       30841  25-MAY-25          3fc90592-511f-4200-aedc-48597064f4c8/RMAN_full_1562024455_BPM1PROD_20250525_qk3qa772_1_1.vab
Backup Set           17599  25-MAY-25         
  Backup Piece       30842  25-MAY-25          3fc90592-511f-4200-aedc-48597064f4c8/RMAN_full_1562024455_BPM1PROD_20250525_qm3qa7ib_2_1.vab
Backup Set           17599  25-MAY-25         
  Backup Piece       30846  25-MAY-25          3fc90592-511f-4200-aedc-48597064f4c8/RMAN_full_1562024455_BPM1PROD_20250525_qm3qa7ib_1_1.vab
Backup Set           17600  25-MAY-25         
  Backup Piece       30843  25-MAY-25          3fc90592-511f-4200-aedc-48597064f4c8/RMAN_full_1562024455_BPM1PROD_20250525_qo3qa7l7_2_1.vab
Backup Set           17600  25-MAY-25         
  Backup Piece       30845  25-MAY-25          3fc90592-511f-4200-aedc-48597064f4c8/RMAN_full_1562024455_BPM1PROD_20250525_qo3qa7l7_1_1.vab
Backup Set           17601  25-MAY-25         
  Backup Piece       30844  25-MAY-25          3fc90592-511f-4200-aedc-48597064f4c8/RMAN_full_1562024455_BPM1PROD_20250525_qq3qa7t1_2_1.vab
Backup Set           17601  25-MAY-25         
  Backup Piece       30847  25-MAY-25          3fc90592-511f-4200-aedc-48597064f4c8/RMAN_full_1562024455_BPM1PROD_20250525_qq3qa7t1_1_1.vab
Backup Set           17602  25-MAY-25         
  Backup Piece       30848  25-MAY-25          3fc90592-511f-4200-aedc-48597064f4c8/RMAN_full_1562024455_BPM1PROD_20250525_qs3qa87d_2_1.vab
Backup Set           17602  25-MAY-25         
  Backup Piece       30849  25-MAY-25          3fc90592-511f-4200-aedc-48597064f4c8/RMAN_full_1562024455_BPM1PROD_20250525_qs3qa87d_1_1.vab
Backup Set           17604  25-MAY-25         
  Backup Piece       30851  25-MAY-25          3fc90592-511f-4200-aedc-48597064f4c8/RMAN_full_1562024455_BPM1PROD_20250525_qu3qa8aj_2_1.vab
Backup Set           17604  25-MAY-25         
  Backup Piece       30853  25-MAY-25          3fc90592-511f-4200-aedc-48597064f4c8/RMAN_full_1562024455_BPM1PROD_20250525_qu3qa8aj_1_1.vab
Backup Set           17603  25-MAY-25         
  Backup Piece       30850  25-MAY-25          3fc90592-511f-4200-aedc-48597064f4c8/RMAN_full_1562024455_BPM1PROD_20250525_r03qa8io_2_1.vab
Backup Set           17603  25-MAY-25         
  Backup Piece       30852  25-MAY-25          3fc90592-511f-4200-aedc-48597064f4c8/RMAN_full_1562024455_BPM1PROD_20250525_r03qa8io_1_1.vab
Backup Set           17605  25-MAY-25         
  Backup Piece       30854  25-MAY-25          3fc90592-511f-4200-aedc-48597064f4c8/RMAN_full_1562024455_BPM1PROD_20250525_r23qa8tn_2_1.vab
Backup Set           17605  25-MAY-25         
  Backup Piece       30855  25-MAY-25          3fc90592-511f-4200-aedc-48597064f4c8/RMAN_full_1562024455_BPM1PROD_20250525_r23qa8tn_1_1.vab
Backup Set           17607  25-MAY-25         
  Backup Piece       30857  25-MAY-25          3fc90592-511f-4200-aedc-48597064f4c8/RMAN_full_1562024455_BPM1PROD_20250525_r43qa97d_2_1.vab
Backup Set           17607  25-MAY-25         
  Backup Piece       30858  25-MAY-25          3fc90592-511f-4200-aedc-48597064f4c8/RMAN_full_1562024455_BPM1PROD_20250525_r43qa97d_1_1.vab
Backup Set           17606  25-MAY-25         
  Backup Piece       30856  25-MAY-25          3fc90592-511f-4200-aedc-48597064f4c8/RMAN_full_1562024455_BPM1PROD_20250525_r63qa9cj_2_1.vab
Backup Set           17606  25-MAY-25         
  Backup Piece       30859  25-MAY-25          3fc90592-511f-4200-aedc-48597064f4c8/RMAN_full_1562024455_BPM1PROD_20250525_r63qa9cj_1_1.vab
Backup Set           17608  25-MAY-25         
  Backup Piece       30861  25-MAY-25          3fc90592-511f-4200-aedc-48597064f4c8/RMAN_full_1562024455_BPM1PROD_20250525_r83qa9ll_2_1.vab
Backup Set           17608  25-MAY-25         
  Backup Piece       30860  25-MAY-25          3fc90592-511f-4200-aedc-48597064f4c8/RMAN_full_1562024455_BPM1PROD_20250525_r83qa9ll_1_1.vab
Backup Set           17609  25-MAY-25         
  Backup Piece       30862  25-MAY-25          3fc90592-511f-4200-aedc-48597064f4c8/RMAN_full_1562024455_BPM1PROD_20250525_ra3qa9vc_2_1.vab
Backup Set           17609  25-MAY-25         
  Backup Piece       30863  25-MAY-25          3fc90592-511f-4200-aedc-48597064f4c8/RMAN_full_1562024455_BPM1PROD_20250525_ra3qa9vc_1_1.vab
Backup Set           17610  25-MAY-25         
  Backup Piece       30864  25-MAY-25          3fc90592-511f-4200-aedc-48597064f4c8/RMAN_full_1562024455_BPM1PROD_20250525_rc3qaa50_2_1.vab
Backup Set           17610  25-MAY-25         
  Backup Piece       30865  25-MAY-25          3fc90592-511f-4200-aedc-48597064f4c8/RMAN_full_1562024455_BPM1PROD_20250525_rc3qaa50_1_1.vab
Backup Set           17611  25-MAY-25         
  Backup Piece       30866  25-MAY-25          3fc90592-511f-4200-aedc-48597064f4c8/RMAN_full_1562024455_BPM1PROD_20250525_re3qaabj_2_1.vab
Backup Set           17611  25-MAY-25         
  Backup Piece       30868  25-MAY-25          3fc90592-511f-4200-aedc-48597064f4c8/RMAN_full_1562024455_BPM1PROD_20250525_re3qaabj_1_1.vab
Backup Set           17612  25-MAY-25         
  Backup Piece       30867  25-MAY-25          3fc90592-511f-4200-aedc-48597064f4c8/RMAN_full_1562024455_BPM1PROD_20250525_rg3qaah7_2_1.vab
Backup Set           17612  25-MAY-25         
  Backup Piece       30870  25-MAY-25          3fc90592-511f-4200-aedc-48597064f4c8/RMAN_full_1562024455_BPM1PROD_20250525_rg3qaah7_1_1.vab
Backup Set           17613  25-MAY-25         
  Backup Piece       30869  25-MAY-25          3fc90592-511f-4200-aedc-48597064f4c8/RMAN_full_1562024455_BPM1PROD_20250525_ri3qaari_2_1.vab
Backup Set           17613  25-MAY-25         
  Backup Piece       30871  25-MAY-25          3fc90592-511f-4200-aedc-48597064f4c8/RMAN_full_1562024455_BPM1PROD_20250525_ri3qaari_1_1.vab
Backup Set           17614  25-MAY-25         
  Backup Piece       30872  25-MAY-25          3fc90592-511f-4200-aedc-48597064f4c8/RMAN_full_1562024455_BPM1PROD_20250525_rk3qab1q_2_1.vab
Backup Set           17614  25-MAY-25         
  Backup Piece       30873  25-MAY-25          3fc90592-511f-4200-aedc-48597064f4c8/RMAN_full_1562024455_BPM1PROD_20250525_rk3qab1q_1_1.vab
Backup Set           17615  25-MAY-25         
  Backup Piece       30874  25-MAY-25          3fc90592-511f-4200-aedc-48597064f4c8/RMAN_full_1562024455_BPM1PROD_20250525_rm3qab8d_2_1.vab
Backup Set           17615  25-MAY-25         
  Backup Piece       30875  25-MAY-25          3fc90592-511f-4200-aedc-48597064f4c8/RMAN_full_1562024455_BPM1PROD_20250525_rm3qab8d_1_1.vab
Backup Set           17616  25-MAY-25         
  Backup Piece       30877  25-MAY-25          3fc90592-511f-4200-aedc-48597064f4c8/RMAN_full_1562024455_BPM1PROD_20250525_ro3qabh5_2_1.vab
Backup Set           17616  25-MAY-25         
  Backup Piece       30876  25-MAY-25          3fc90592-511f-4200-aedc-48597064f4c8/RMAN_full_1562024455_BPM1PROD_20250525_ro3qabh5_1_1.vab
Backup Set           17617  25-MAY-25         
  Backup Piece       30878  25-MAY-25          3fc90592-511f-4200-aedc-48597064f4c8/RMAN_full_1562024455_BPM1PROD_20250525_rq3qabpa_2_1.vab
Backup Set           17617  25-MAY-25         
  Backup Piece       30880  25-MAY-25          3fc90592-511f-4200-aedc-48597064f4c8/RMAN_full_1562024455_BPM1PROD_20250525_rq3qabpa_1_1.vab
Backup Set           17618  25-MAY-25         
  Backup Piece       30879  25-MAY-25          3fc90592-511f-4200-aedc-48597064f4c8/RMAN_full_1562024455_BPM1PROD_20250525_rs3qac0q_2_1.vab
Backup Set           17618  25-MAY-25         
  Backup Piece       30881  25-MAY-25          3fc90592-511f-4200-aedc-48597064f4c8/RMAN_full_1562024455_BPM1PROD_20250525_rs3qac0q_1_1.vab
Backup Set           17619  25-MAY-25         
  Backup Piece       30882  25-MAY-25          3fc90592-511f-4200-aedc-48597064f4c8/RMAN_full_1562024455_BPM1PROD_20250525_ru3qac5m_2_1.vab
Backup Set           17619  25-MAY-25         
  Backup Piece       30884  25-MAY-25          3fc90592-511f-4200-aedc-48597064f4c8/RMAN_full_1562024455_BPM1PROD_20250525_ru3qac5m_1_1.vab
Backup Set           17620  25-MAY-25         
  Backup Piece       30885  25-MAY-25          3fc90592-511f-4200-aedc-48597064f4c8/RMAN_full_1562024455_BPM1PROD_20250525_s03qacbb_2_1.vab
Backup Set           17620  25-MAY-25         
  Backup Piece       30883  25-MAY-25          3fc90592-511f-4200-aedc-48597064f4c8/RMAN_full_1562024455_BPM1PROD_20250525_s03qacbb_1_1.vab
Backup Set           17621  25-MAY-25         
  Backup Piece       30887  25-MAY-25          3fc90592-511f-4200-aedc-48597064f4c8/RMAN_full_1562024455_BPM1PROD_20250525_s23qacj5_2_1.vab
Backup Set           17621  25-MAY-25         
  Backup Piece       30886  25-MAY-25          3fc90592-511f-4200-aedc-48597064f4c8/RMAN_full_1562024455_BPM1PROD_20250525_s23qacj5_1_1.vab
Backup Set           17623  25-MAY-25         
  Backup Piece       30889  25-MAY-25          3fc90592-511f-4200-aedc-48597064f4c8/RMAN_full_1562024455_BPM1PROD_20250525_s43qactq_2_1.vab
Backup Set           17623  25-MAY-25         
  Backup Piece       30891  25-MAY-25          3fc90592-511f-4200-aedc-48597064f4c8/RMAN_full_1562024455_BPM1PROD_20250525_s43qactq_1_1.vab
Backup Set           17622  25-MAY-25         
  Backup Piece       30888  25-MAY-25          3fc90592-511f-4200-aedc-48597064f4c8/RMAN_full_1562024455_BPM1PROD_20250525_s63qad2q_2_1.vab
Backup Set           17622  25-MAY-25         
  Backup Piece       30890  25-MAY-25          3fc90592-511f-4200-aedc-48597064f4c8/RMAN_full_1562024455_BPM1PROD_20250525_s63qad2q_1_1.vab
Backup Set           17624  25-MAY-25         
  Backup Piece       30892  25-MAY-25          3fc90592-511f-4200-aedc-48597064f4c8/RMAN_full_1562024455_BPM1PROD_20250525_s83qade3_2_1.vab
Backup Set           17624  25-MAY-25         
  Backup Piece       30897  25-MAY-25          3fc90592-511f-4200-aedc-48597064f4c8/RMAN_full_1562024455_BPM1PROD_20250525_s83qade3_1_1.vab
Backup Set           17625  25-MAY-25         
  Backup Piece       30895  25-MAY-25          3fc90592-511f-4200-aedc-48597064f4c8/RMAN_full_1562024455_BPM1PROD_20250525_sa3qadf6_2_1.vab
Backup Set           17625  25-MAY-25         
  Backup Piece       30893  25-MAY-25          3fc90592-511f-4200-aedc-48597064f4c8/RMAN_full_1562024455_BPM1PROD_20250525_sa3qadf6_1_1.vab
Backup Set           17626  25-MAY-25         
  Backup Piece       30894  25-MAY-25          3fc90592-511f-4200-aedc-48597064f4c8/RMAN_full_1562024455_BPM1PROD_20250525_sc3qadq4_2_1.vab
Backup Set           17626  25-MAY-25         
  Backup Piece       30896  25-MAY-25          3fc90592-511f-4200-aedc-48597064f4c8/RMAN_full_1562024455_BPM1PROD_20250525_sc3qadq4_1_1.vab
Backup Set           17627  25-MAY-25         
  Backup Piece       30898  25-MAY-25          3fc90592-511f-4200-aedc-48597064f4c8/RMAN_full_1562024455_BPM1PROD_20250525_se3qae45_2_1.vab
Backup Set           17627  25-MAY-25         
  Backup Piece       30899  25-MAY-25          3fc90592-511f-4200-aedc-48597064f4c8/RMAN_full_1562024455_BPM1PROD_20250525_se3qae45_1_1.vab
Backup Set           17628  25-MAY-25         
  Backup Piece       30900  25-MAY-25          3fc90592-511f-4200-aedc-48597064f4c8/RMAN_full_1562024455_BPM1PROD_20250525_sg3qae6v_2_1.vab
Backup Set           17628  25-MAY-25         
  Backup Piece       30901  25-MAY-25          3fc90592-511f-4200-aedc-48597064f4c8/RMAN_full_1562024455_BPM1PROD_20250525_sg3qae6v_1_1.vab
Backup Set           17629  25-MAY-25         
  Backup Piece       30902  25-MAY-25          3fc90592-511f-4200-aedc-48597064f4c8/RMAN_full_1562024455_BPM1PROD_20250525_si3qaefe_2_1.vab
Backup Set           17629  25-MAY-25         
  Backup Piece       30904  25-MAY-25          3fc90592-511f-4200-aedc-48597064f4c8/RMAN_full_1562024455_BPM1PROD_20250525_si3qaefe_1_1.vab
Backup Set           17630  25-MAY-25         
  Backup Piece       30903  25-MAY-25          3fc90592-511f-4200-aedc-48597064f4c8/RMAN_full_1562024455_BPM1PROD_20250525_sk3qaemk_2_1.vab
Backup Set           17630  25-MAY-25         
  Backup Piece       30906  25-MAY-25          3fc90592-511f-4200-aedc-48597064f4c8/RMAN_full_1562024455_BPM1PROD_20250525_sk3qaemk_1_1.vab
Backup Set           17631  25-MAY-25         
  Backup Piece       30905  25-MAY-25          3fc90592-511f-4200-aedc-48597064f4c8/RMAN_full_1562024455_BPM1PROD_20250525_sm3qaepp_2_1.vab
Backup Set           17631  25-MAY-25         
  Backup Piece       30907  25-MAY-25          3fc90592-511f-4200-aedc-48597064f4c8/RMAN_full_1562024455_BPM1PROD_20250525_sm3qaepp_1_1.vab
Backup Set           17632  25-MAY-25         
  Backup Piece       30908  25-MAY-25          3fc90592-511f-4200-aedc-48597064f4c8/RMAN_full_1562024455_BPM1PROD_20250525_so3qaf6u_2_1.vab
Backup Set           17632  25-MAY-25         
  Backup Piece       30910  25-MAY-25          3fc90592-511f-4200-aedc-48597064f4c8/RMAN_full_1562024455_BPM1PROD_20250525_so3qaf6u_1_1.vab
Backup Set           17633  25-MAY-25         
  Backup Piece       30909  25-MAY-25          3fc90592-511f-4200-aedc-48597064f4c8/RMAN_full_1562024455_BPM1PROD_20250525_sq3qafb5_2_1.vab
Backup Set           17633  25-MAY-25         
  Backup Piece       30912  25-MAY-25          3fc90592-511f-4200-aedc-48597064f4c8/RMAN_full_1562024455_BPM1PROD_20250525_sq3qafb5_1_1.vab
Backup Set           17634  25-MAY-25         
  Backup Piece       30911  25-MAY-25          3fc90592-511f-4200-aedc-48597064f4c8/RMAN_full_1562024455_BPM1PROD_20250525_ss3qafj0_2_1.vab
Backup Set           17634  25-MAY-25         
  Backup Piece       30917  25-MAY-25          3fc90592-511f-4200-aedc-48597064f4c8/RMAN_full_1562024455_BPM1PROD_20250525_ss3qafj0_1_1.vab
Backup Set           17635  25-MAY-25         
  Backup Piece       30913  25-MAY-25          3fc90592-511f-4200-aedc-48597064f4c8/RMAN_full_1562024455_BPM1PROD_20250525_su3qafok_2_1.vab
Backup Set           17635  25-MAY-25         
  Backup Piece       30915  25-MAY-25          3fc90592-511f-4200-aedc-48597064f4c8/RMAN_full_1562024455_BPM1PROD_20250525_su3qafok_1_1.vab
Backup Set           17636  25-MAY-25         
  Backup Piece       30914  25-MAY-25          3fc90592-511f-4200-aedc-48597064f4c8/RMAN_full_1562024455_BPM1PROD_20250525_t03qag0p_2_1.vab
Backup Set           17636  25-MAY-25         
  Backup Piece       30922  25-MAY-25          3fc90592-511f-4200-aedc-48597064f4c8/RMAN_full_1562024455_BPM1PROD_20250525_t03qag0p_1_1.vab
Backup Set           17637  25-MAY-25         
  Backup Piece       30916  25-MAY-25          3fc90592-511f-4200-aedc-48597064f4c8/RMAN_full_1562024455_BPM1PROD_20250525_t23qag68_2_1.vab
Backup Set           17637  25-MAY-25         
  Backup Piece       30920  25-MAY-25          3fc90592-511f-4200-aedc-48597064f4c8/RMAN_full_1562024455_BPM1PROD_20250525_t23qag68_1_1.vab
Backup Set           17638  25-MAY-25         
  Backup Piece       30918  25-MAY-25          3fc90592-511f-4200-aedc-48597064f4c8/RMAN_full_1562024455_BPM1PROD_20250525_t43qag9m_2_1.vab
Backup Set           17638  25-MAY-25         
  Backup Piece       30919  25-MAY-25          3fc90592-511f-4200-aedc-48597064f4c8/RMAN_full_1562024455_BPM1PROD_20250525_t43qag9m_1_1.vab
Backup Set           17639  25-MAY-25         
  Backup Piece       30921  25-MAY-25          3fc90592-511f-4200-aedc-48597064f4c8/RMAN_full_1562024455_BPM1PROD_20250525_t63qagah_1_1.vab
Backup Set           17641  25-MAY-25         
  Backup Piece       30924  25-MAY-25          3fc90592-511f-4200-aedc-48597064f4c8/RMAN_full_1562024455_BPM1PROD_20250525_t73qagba_1_1.vab
Backup Set           17643  25-MAY-25         
  Backup Piece       30926  25-MAY-25          3fc90592-511f-4200-aedc-48597064f4c8/RMAN_full_1562024455_BPM1PROD_20250525_t83qageu_1_1.vab
Backup Set           17642  25-MAY-25         
  Backup Piece       30925  25-MAY-25          3fc90592-511f-4200-aedc-48597064f4c8/RMAN_full_1562024455_BPM1PROD_20250525_t93qaggb_1_1.vab
Backup Set           17640  25-MAY-25         
  Backup Piece       30923  25-MAY-25          3fc90592-511f-4200-aedc-48597064f4c8/RMAN_full_1562024455_BPM1PROD_20250525_ta3qaggi_1_1.vab
Backup Set           17644  25-MAY-25         
  Backup Piece       30927  25-MAY-25          3fc90592-511f-4200-aedc-48597064f4c8/RMAN_full_1562024455_BPM1PROD_20250525_tb3qah03_1_1.vab
Backup Set           17645  25-MAY-25         
  Backup Piece       30928  25-MAY-25          3fc90592-511f-4200-aedc-48597064f4c8/RMAN_full_1562024455_BPM1PROD_20250525_tc3qah0n_1_1.vab
Backup Set           17646  25-MAY-25         
  Backup Piece       30929  25-MAY-25          3fc90592-511f-4200-aedc-48597064f4c8/RMAN_full_1562024455_BPM1PROD_20250525_td3qah0n_1_1.vab
Backup Set           17647  25-MAY-25         
  Backup Piece       30930  25-MAY-25          3fc90592-511f-4200-aedc-48597064f4c8/RMAN_full_1562024455_BPM1PROD_20250525_te3qah0n_1_1.vab
Backup Set           17648  25-MAY-25         
  Backup Piece       30931  25-MAY-25          3fc90592-511f-4200-aedc-48597064f4c8/RMAN_full_1562024455_BPM1PROD_20250525_tf3qah17_1_1.vab
Backup Set           17649  25-MAY-25         
  Backup Piece       30932  25-MAY-25          3fc90592-511f-4200-aedc-48597064f4c8/RMAN_full_1562024455_BPM1PROD_20250525_tg3qah20_1_1.vab
Backup Set           17650  25-MAY-25         
  Backup Piece       30933  25-MAY-25          3fc90592-511f-4200-aedc-48597064f4c8/RMAN_full_1562024455_BPM1PROD_20250525_th3qah20_1_1.vab
Backup Set           17651  25-MAY-25         
  Backup Piece       30934  25-MAY-25          3fc90592-511f-4200-aedc-48597064f4c8/RMAN_full_1562024455_BPM1PROD_20250525_ti3qah20_1_1.vab
Backup Set           17652  25-MAY-25         
  Backup Piece       30935  25-MAY-25          3fc90592-511f-4200-aedc-48597064f4c8/RMAN_full_1562024455_BPM1PROD_20250525_tj3qah20_1_1.vab
Backup Set           17998  17-JUN-25         
  Backup Piece       31440  17-JUN-25          3fc90592-511f-4200-aedc-48597064f4c8/RMAN_incr_1562024455_BPM1PROD_20250617_da3s6p5d_1_1.vab
Backup Set           17996  17-JUN-25         
  Backup Piece       31438  17-JUN-25          3fc90592-511f-4200-aedc-48597064f4c8/RMAN_incr_1562024455_BPM1PROD_20250617_db3s6p5e_1_1.vab
Backup Set           17997  17-JUN-25         
  Backup Piece       31439  17-JUN-25          3fc90592-511f-4200-aedc-48597064f4c8/RMAN_incr_1562024455_BPM1PROD_20250617_dc3s6qkr_1_1.vab
Backup Set           17999  17-JUN-25         
  Backup Piece       31441  17-JUN-25          3fc90592-511f-4200-aedc-48597064f4c8/RMAN_incr_1562024455_BPM1PROD_20250617_dd3s6qm0_1_1.vab
Backup Set           18001  17-JUN-25         
  Backup Piece       31443  17-JUN-25          3fc90592-511f-4200-aedc-48597064f4c8/RMAN_incr_1562024455_BPM1PROD_20250617_de3s6qma_1_1.vab
Backup Set           18000  17-JUN-25         
  Backup Piece       31442  17-JUN-25          3fc90592-511f-4200-aedc-48597064f4c8/RMAN_incr_1562024455_BPM1PROD_20250617_df3s6qma_1_1.vab
Backup Set           18002  17-JUN-25         
  Backup Piece       31444  17-JUN-25          3fc90592-511f-4200-aedc-48597064f4c8/RMAN_incr_1562024455_BPM1PROD_20250617_dg3s6qmi_1_1.vab
Backup Set           18004  17-JUN-25         
  Backup Piece       31446  17-JUN-25          3fc90592-511f-4200-aedc-48597064f4c8/RMAN_incr_1562024455_BPM1PROD_20250617_dh3s6qmv_1_1.vab
Backup Set           18003  17-JUN-25         
  Backup Piece       31445  17-JUN-25          3fc90592-511f-4200-aedc-48597064f4c8/RMAN_incr_1562024455_BPM1PROD_20250617_di3s6qmv_1_1.vab
deleted backup piece
backup piece handle=3fc90592-511f-4200-aedc-48597064f4c8/RMAN_full_1562024455_BPM1PROD_20250525_ps3qa4h3_2_1.vab RECID=30820 STAMP=1202001045
deleted backup piece
backup piece handle=3fc90592-511f-4200-aedc-48597064f4c8/RMAN_full_1562024455_BPM1PROD_20250525_ps3qa4h3_1_1.vab RECID=30818 STAMP=1202000419
deleted backup piece
backup piece handle=3fc90592-511f-4200-aedc-48597064f4c8/RMAN_full_1562024455_BPM1PROD_20250525_pt3qa4h3_2_1.vab RECID=30821 STAMP=1202001130
deleted backup piece
backup piece handle=3fc90592-511f-4200-aedc-48597064f4c8/RMAN_full_1562024455_BPM1PROD_20250525_pt3qa4h3_1_1.vab RECID=30817 STAMP=1202000419
deleted backup piece
backup piece handle=3fc90592-511f-4200-aedc-48597064f4c8/RMAN_full_1562024455_BPM1PROD_20250525_pu3qa4h3_2_1.vab RECID=30822 STAMP=1202001195
deleted backup piece
backup piece handle=3fc90592-511f-4200-aedc-48597064f4c8/RMAN_full_1562024455_BPM1PROD_20250525_pu3qa4h3_1_1.vab RECID=30816 STAMP=1202000419
deleted backup piece
backup piece handle=3fc90592-511f-4200-aedc-48597064f4c8/RMAN_full_1562024455_BPM1PROD_20250525_pv3qa4h3_2_1.vab RECID=30823 STAMP=1202001220
deleted backup piece
backup piece handle=3fc90592-511f-4200-aedc-48597064f4c8/RMAN_full_1562024455_BPM1PROD_20250525_pv3qa4h3_1_1.vab RECID=30819 STAMP=1202000419
deleted backup piece
backup piece handle=3fc90592-511f-4200-aedc-48597064f4c8/RMAN_full_1562024455_BPM1PROD_20250525_q43qa5e1_2_1.vab RECID=30824 STAMP=1202001461
deleted backup piece
backup piece handle=3fc90592-511f-4200-aedc-48597064f4c8/RMAN_full_1562024455_BPM1PROD_20250525_q43qa5e1_1_1.vab RECID=30825 STAMP=1202001346
deleted backup piece
backup piece handle=3fc90592-511f-4200-aedc-48597064f4c8/RMAN_full_1562024455_BPM1PROD_20250525_q63qa5i4_2_1.vab RECID=30826 STAMP=1202001601
deleted backup piece
backup piece handle=3fc90592-511f-4200-aedc-48597064f4c8/RMAN_full_1562024455_BPM1PROD_20250525_q63qa5i4_1_1.vab RECID=30827 STAMP=1202001476
deleted backup piece
backup piece handle=3fc90592-511f-4200-aedc-48597064f4c8/RMAN_full_1562024455_BPM1PROD_20250525_q83qa5pu_2_1.vab RECID=30828 STAMP=1202001822
deleted backup piece
backup piece handle=3fc90592-511f-4200-aedc-48597064f4c8/RMAN_full_1562024455_BPM1PROD_20250525_q83qa5pu_1_1.vab RECID=30830 STAMP=1202001727
deleted backup piece
backup piece handle=3fc90592-511f-4200-aedc-48597064f4c8/RMAN_full_1562024455_BPM1PROD_20250525_qa3qa62d_2_1.vab RECID=30829 STAMP=1202001997
deleted backup piece
backup piece handle=3fc90592-511f-4200-aedc-48597064f4c8/RMAN_full_1562024455_BPM1PROD_20250525_qa3qa62d_1_1.vab RECID=30831 STAMP=1202001997
deleted backup piece
backup piece handle=3fc90592-511f-4200-aedc-48597064f4c8/RMAN_full_1562024455_BPM1PROD_20250525_qc3qa66b_2_1.vab RECID=30835 STAMP=1202002388
deleted backup piece
backup piece handle=3fc90592-511f-4200-aedc-48597064f4c8/RMAN_full_1562024455_BPM1PROD_20250525_qc3qa66b_1_1.vab RECID=30832 STAMP=1202002123
deleted backup piece
backup piece handle=3fc90592-511f-4200-aedc-48597064f4c8/RMAN_full_1562024455_BPM1PROD_20250525_qe3qa6f3_2_1.vab RECID=30833 STAMP=1202002499
deleted backup piece
backup piece handle=3fc90592-511f-4200-aedc-48597064f4c8/RMAN_full_1562024455_BPM1PROD_20250525_qe3qa6f3_1_1.vab RECID=30834 STAMP=1202002403
deleted backup piece
backup piece handle=3fc90592-511f-4200-aedc-48597064f4c8/RMAN_full_1562024455_BPM1PROD_20250525_qg3qa6mk_2_1.vab RECID=30837 STAMP=1202002949
deleted backup piece
backup piece handle=3fc90592-511f-4200-aedc-48597064f4c8/RMAN_full_1562024455_BPM1PROD_20250525_qg3qa6mk_1_1.vab RECID=30836 STAMP=1202002644
deleted backup piece
backup piece handle=3fc90592-511f-4200-aedc-48597064f4c8/RMAN_full_1562024455_BPM1PROD_20250525_qi3qa72q_2_1.vab RECID=30838 STAMP=1202003035
deleted backup piece
backup piece handle=3fc90592-511f-4200-aedc-48597064f4c8/RMAN_full_1562024455_BPM1PROD_20250525_qi3qa72q_1_1.vab RECID=30840 STAMP=1202003035
deleted backup piece
backup piece handle=3fc90592-511f-4200-aedc-48597064f4c8/RMAN_full_1562024455_BPM1PROD_20250525_qk3qa772_2_1.vab RECID=30839 STAMP=1202003245
deleted backup piece
backup piece handle=3fc90592-511f-4200-aedc-48597064f4c8/RMAN_full_1562024455_BPM1PROD_20250525_qk3qa772_1_1.vab RECID=30841 STAMP=1202003170
deleted backup piece
backup piece handle=3fc90592-511f-4200-aedc-48597064f4c8/RMAN_full_1562024455_BPM1PROD_20250525_qm3qa7ib_2_1.vab RECID=30842 STAMP=1202003538
deleted backup piece
backup piece handle=3fc90592-511f-4200-aedc-48597064f4c8/RMAN_full_1562024455_BPM1PROD_20250525_qm3qa7ib_1_1.vab RECID=30846 STAMP=1202003531
deleted backup piece
backup piece handle=3fc90592-511f-4200-aedc-48597064f4c8/RMAN_full_1562024455_BPM1PROD_20250525_qo3qa7l7_2_1.vab RECID=30843 STAMP=1202003668
deleted backup piece
backup piece handle=3fc90592-511f-4200-aedc-48597064f4c8/RMAN_full_1562024455_BPM1PROD_20250525_qo3qa7l7_1_1.vab RECID=30845 STAMP=1202003623
deleted backup piece
backup piece handle=3fc90592-511f-4200-aedc-48597064f4c8/RMAN_full_1562024455_BPM1PROD_20250525_qq3qa7t1_2_1.vab RECID=30844 STAMP=1202003949
deleted backup piece
backup piece handle=3fc90592-511f-4200-aedc-48597064f4c8/RMAN_full_1562024455_BPM1PROD_20250525_qq3qa7t1_1_1.vab RECID=30847 STAMP=1202003874
deleted backup piece
backup piece handle=3fc90592-511f-4200-aedc-48597064f4c8/RMAN_full_1562024455_BPM1PROD_20250525_qs3qa87d_2_1.vab RECID=30848 STAMP=1202004300
deleted backup piece
backup piece handle=3fc90592-511f-4200-aedc-48597064f4c8/RMAN_full_1562024455_BPM1PROD_20250525_qs3qa87d_1_1.vab RECID=30849 STAMP=1202004205
deleted backup piece
backup piece handle=3fc90592-511f-4200-aedc-48597064f4c8/RMAN_full_1562024455_BPM1PROD_20250525_qu3qa8aj_2_1.vab RECID=30851 STAMP=1202004383
deleted backup piece
backup piece handle=3fc90592-511f-4200-aedc-48597064f4c8/RMAN_full_1562024455_BPM1PROD_20250525_qu3qa8aj_1_1.vab RECID=30853 STAMP=1202004308
deleted backup piece
backup piece handle=3fc90592-511f-4200-aedc-48597064f4c8/RMAN_full_1562024455_BPM1PROD_20250525_r03qa8io_2_1.vab RECID=30850 STAMP=1202004653
deleted backup piece
backup piece handle=3fc90592-511f-4200-aedc-48597064f4c8/RMAN_full_1562024455_BPM1PROD_20250525_r03qa8io_1_1.vab RECID=30852 STAMP=1202004568
deleted backup piece
backup piece handle=3fc90592-511f-4200-aedc-48597064f4c8/RMAN_full_1562024455_BPM1PROD_20250525_r23qa8tn_2_1.vab RECID=30854 STAMP=1202004984
deleted backup piece
backup piece handle=3fc90592-511f-4200-aedc-48597064f4c8/RMAN_full_1562024455_BPM1PROD_20250525_r23qa8tn_1_1.vab RECID=30855 STAMP=1202004919
deleted backup piece
backup piece handle=3fc90592-511f-4200-aedc-48597064f4c8/RMAN_full_1562024455_BPM1PROD_20250525_r43qa97d_2_1.vab RECID=30857 STAMP=1202005229
deleted backup piece
backup piece handle=3fc90592-511f-4200-aedc-48597064f4c8/RMAN_full_1562024455_BPM1PROD_20250525_r43qa97d_1_1.vab RECID=30858 STAMP=1202005229
deleted backup piece
backup piece handle=3fc90592-511f-4200-aedc-48597064f4c8/RMAN_full_1562024455_BPM1PROD_20250525_r63qa9cj_2_1.vab RECID=30856 STAMP=1202005420
deleted backup piece
backup piece handle=3fc90592-511f-4200-aedc-48597064f4c8/RMAN_full_1562024455_BPM1PROD_20250525_r63qa9cj_1_1.vab RECID=30859 STAMP=1202005395
deleted backup piece
backup piece handle=3fc90592-511f-4200-aedc-48597064f4c8/RMAN_full_1562024455_BPM1PROD_20250525_r83qa9ll_2_1.vab RECID=30861 STAMP=1202005771
deleted backup piece
backup piece handle=3fc90592-511f-4200-aedc-48597064f4c8/RMAN_full_1562024455_BPM1PROD_20250525_r83qa9ll_1_1.vab RECID=30860 STAMP=1202005685
deleted backup piece
backup piece handle=3fc90592-511f-4200-aedc-48597064f4c8/RMAN_full_1562024455_BPM1PROD_20250525_ra3qa9vc_2_1.vab RECID=30862 STAMP=1202006051
deleted backup piece
backup piece handle=3fc90592-511f-4200-aedc-48597064f4c8/RMAN_full_1562024455_BPM1PROD_20250525_ra3qa9vc_1_1.vab RECID=30863 STAMP=1202005996
deleted backup piece
backup piece handle=3fc90592-511f-4200-aedc-48597064f4c8/RMAN_full_1562024455_BPM1PROD_20250525_rc3qaa50_2_1.vab RECID=30864 STAMP=1202006222
deleted backup piece
backup piece handle=3fc90592-511f-4200-aedc-48597064f4c8/RMAN_full_1562024455_BPM1PROD_20250525_rc3qaa50_1_1.vab RECID=30865 STAMP=1202006176
deleted backup piece
backup piece handle=3fc90592-511f-4200-aedc-48597064f4c8/RMAN_full_1562024455_BPM1PROD_20250525_re3qaabj_2_1.vab RECID=30866 STAMP=1202006512
deleted backup piece
backup piece handle=3fc90592-511f-4200-aedc-48597064f4c8/RMAN_full_1562024455_BPM1PROD_20250525_re3qaabj_1_1.vab RECID=30868 STAMP=1202006387
deleted backup piece
backup piece handle=3fc90592-511f-4200-aedc-48597064f4c8/RMAN_full_1562024455_BPM1PROD_20250525_rg3qaah7_2_1.vab RECID=30867 STAMP=1202006663
deleted backup piece
backup piece handle=3fc90592-511f-4200-aedc-48597064f4c8/RMAN_full_1562024455_BPM1PROD_20250525_rg3qaah7_1_1.vab RECID=30870 STAMP=1202006567
deleted backup piece
backup piece handle=3fc90592-511f-4200-aedc-48597064f4c8/RMAN_full_1562024455_BPM1PROD_20250525_ri3qaari_2_1.vab RECID=30869 STAMP=1202006983
deleted backup piece
backup piece handle=3fc90592-511f-4200-aedc-48597064f4c8/RMAN_full_1562024455_BPM1PROD_20250525_ri3qaari_1_1.vab RECID=30871 STAMP=1202006898
deleted backup piece
backup piece handle=3fc90592-511f-4200-aedc-48597064f4c8/RMAN_full_1562024455_BPM1PROD_20250525_rk3qab1q_2_1.vab RECID=30872 STAMP=1202007294
deleted backup piece
backup piece handle=3fc90592-511f-4200-aedc-48597064f4c8/RMAN_full_1562024455_BPM1PROD_20250525_rk3qab1q_1_1.vab RECID=30873 STAMP=1202007099
deleted backup piece
backup piece handle=3fc90592-511f-4200-aedc-48597064f4c8/RMAN_full_1562024455_BPM1PROD_20250525_rm3qab8d_2_1.vab RECID=30874 STAMP=1202007504
deleted backup piece
backup piece handle=3fc90592-511f-4200-aedc-48597064f4c8/RMAN_full_1562024455_BPM1PROD_20250525_rm3qab8d_1_1.vab RECID=30875 STAMP=1202007309
deleted backup piece
backup piece handle=3fc90592-511f-4200-aedc-48597064f4c8/RMAN_full_1562024455_BPM1PROD_20250525_ro3qabh5_2_1.vab RECID=30877 STAMP=1202007695
deleted backup piece
backup piece handle=3fc90592-511f-4200-aedc-48597064f4c8/RMAN_full_1562024455_BPM1PROD_20250525_ro3qabh5_1_1.vab RECID=30876 STAMP=1202007589
deleted backup piece
backup piece handle=3fc90592-511f-4200-aedc-48597064f4c8/RMAN_full_1562024455_BPM1PROD_20250525_rq3qabpa_2_1.vab RECID=30878 STAMP=1202007875
deleted backup piece
backup piece handle=3fc90592-511f-4200-aedc-48597064f4c8/RMAN_full_1562024455_BPM1PROD_20250525_rq3qabpa_1_1.vab RECID=30880 STAMP=1202007850
deleted backup piece
backup piece handle=3fc90592-511f-4200-aedc-48597064f4c8/RMAN_full_1562024455_BPM1PROD_20250525_rs3qac0q_2_1.vab RECID=30879 STAMP=1202008091
deleted backup piece
backup piece handle=3fc90592-511f-4200-aedc-48597064f4c8/RMAN_full_1562024455_BPM1PROD_20250525_rs3qac0q_1_1.vab RECID=30881 STAMP=1202008090
deleted backup piece
backup piece handle=3fc90592-511f-4200-aedc-48597064f4c8/RMAN_full_1562024455_BPM1PROD_20250525_ru3qac5m_2_1.vab RECID=30882 STAMP=1202008361
deleted backup piece
backup piece handle=3fc90592-511f-4200-aedc-48597064f4c8/RMAN_full_1562024455_BPM1PROD_20250525_ru3qac5m_1_1.vab RECID=30884 STAMP=1202008246
deleted backup piece
backup piece handle=3fc90592-511f-4200-aedc-48597064f4c8/RMAN_full_1562024455_BPM1PROD_20250525_s03qacbb_2_1.vab RECID=30885 STAMP=1202008612
deleted backup piece
backup piece handle=3fc90592-511f-4200-aedc-48597064f4c8/RMAN_full_1562024455_BPM1PROD_20250525_s03qacbb_1_1.vab RECID=30883 STAMP=1202008427
deleted backup piece
backup piece handle=3fc90592-511f-4200-aedc-48597064f4c8/RMAN_full_1562024455_BPM1PROD_20250525_s23qacj5_2_1.vab RECID=30887 STAMP=1202008882
deleted backup piece
backup piece handle=3fc90592-511f-4200-aedc-48597064f4c8/RMAN_full_1562024455_BPM1PROD_20250525_s23qacj5_1_1.vab RECID=30886 STAMP=1202008677
deleted backup piece
backup piece handle=3fc90592-511f-4200-aedc-48597064f4c8/RMAN_full_1562024455_BPM1PROD_20250525_s43qactq_2_1.vab RECID=30889 STAMP=1202009103
deleted backup piece
backup piece handle=3fc90592-511f-4200-aedc-48597064f4c8/RMAN_full_1562024455_BPM1PROD_20250525_s43qactq_1_1.vab RECID=30891 STAMP=1202009018
deleted backup piece
backup piece handle=3fc90592-511f-4200-aedc-48597064f4c8/RMAN_full_1562024455_BPM1PROD_20250525_s63qad2q_2_1.vab RECID=30888 STAMP=1202009193
deleted backup piece
backup piece handle=3fc90592-511f-4200-aedc-48597064f4c8/RMAN_full_1562024455_BPM1PROD_20250525_s63qad2q_1_1.vab RECID=30890 STAMP=1202009178
deleted backup piece
backup piece handle=3fc90592-511f-4200-aedc-48597064f4c8/RMAN_full_1562024455_BPM1PROD_20250525_s83qade3_2_1.vab RECID=30892 STAMP=1202009539
deleted backup piece
backup piece handle=3fc90592-511f-4200-aedc-48597064f4c8/RMAN_full_1562024455_BPM1PROD_20250525_s83qade3_1_1.vab RECID=30897 STAMP=1202009539
deleted backup piece
backup piece handle=3fc90592-511f-4200-aedc-48597064f4c8/RMAN_full_1562024455_BPM1PROD_20250525_sa3qadf6_2_1.vab RECID=30895 STAMP=1202009779
deleted backup piece
backup piece handle=3fc90592-511f-4200-aedc-48597064f4c8/RMAN_full_1562024455_BPM1PROD_20250525_sa3qadf6_1_1.vab RECID=30893 STAMP=1202009574
deleted backup piece
backup piece handle=3fc90592-511f-4200-aedc-48597064f4c8/RMAN_full_1562024455_BPM1PROD_20250525_sc3qadq4_2_1.vab RECID=30894 STAMP=1202010220
deleted backup piece
backup piece handle=3fc90592-511f-4200-aedc-48597064f4c8/RMAN_full_1562024455_BPM1PROD_20250525_sc3qadq4_1_1.vab RECID=30896 STAMP=1202009925
deleted backup piece
backup piece handle=3fc90592-511f-4200-aedc-48597064f4c8/RMAN_full_1562024455_BPM1PROD_20250525_se3qae45_2_1.vab RECID=30898 STAMP=1202010320
deleted backup piece
backup piece handle=3fc90592-511f-4200-aedc-48597064f4c8/RMAN_full_1562024455_BPM1PROD_20250525_se3qae45_1_1.vab RECID=30899 STAMP=1202010245
deleted backup piece
backup piece handle=3fc90592-511f-4200-aedc-48597064f4c8/RMAN_full_1562024455_BPM1PROD_20250525_sg3qae6v_2_1.vab RECID=30900 STAMP=1202010541
deleted backup piece
backup piece handle=3fc90592-511f-4200-aedc-48597064f4c8/RMAN_full_1562024455_BPM1PROD_20250525_sg3qae6v_1_1.vab RECID=30901 STAMP=1202010335
deleted backup piece
backup piece handle=3fc90592-511f-4200-aedc-48597064f4c8/RMAN_full_1562024455_BPM1PROD_20250525_si3qaefe_2_1.vab RECID=30902 STAMP=1202010671
deleted backup piece
backup piece handle=3fc90592-511f-4200-aedc-48597064f4c8/RMAN_full_1562024455_BPM1PROD_20250525_si3qaefe_1_1.vab RECID=30904 STAMP=1202010606
deleted backup piece
backup piece handle=3fc90592-511f-4200-aedc-48597064f4c8/RMAN_full_1562024455_BPM1PROD_20250525_sk3qaemk_2_1.vab RECID=30903 STAMP=1202010872
deleted backup piece
backup piece handle=3fc90592-511f-4200-aedc-48597064f4c8/RMAN_full_1562024455_BPM1PROD_20250525_sk3qaemk_1_1.vab RECID=30906 STAMP=1202010837
deleted backup piece
backup piece handle=3fc90592-511f-4200-aedc-48597064f4c8/RMAN_full_1562024455_BPM1PROD_20250525_sm3qaepp_2_1.vab RECID=30905 STAMP=1202011182
deleted backup piece
backup piece handle=3fc90592-511f-4200-aedc-48597064f4c8/RMAN_full_1562024455_BPM1PROD_20250525_sm3qaepp_1_1.vab RECID=30907 STAMP=1202010937
deleted backup piece
backup piece handle=3fc90592-511f-4200-aedc-48597064f4c8/RMAN_full_1562024455_BPM1PROD_20250525_so3qaf6u_2_1.vab RECID=30908 STAMP=1202011358
deleted backup piece
backup piece handle=3fc90592-511f-4200-aedc-48597064f4c8/RMAN_full_1562024455_BPM1PROD_20250525_so3qaf6u_1_1.vab RECID=30910 STAMP=1202011358
deleted backup piece
backup piece handle=3fc90592-511f-4200-aedc-48597064f4c8/RMAN_full_1562024455_BPM1PROD_20250525_sq3qafb5_2_1.vab RECID=30909 STAMP=1202011508
deleted backup piece
backup piece handle=3fc90592-511f-4200-aedc-48597064f4c8/RMAN_full_1562024455_BPM1PROD_20250525_sq3qafb5_1_1.vab RECID=30912 STAMP=1202011493
deleted backup piece
backup piece handle=3fc90592-511f-4200-aedc-48597064f4c8/RMAN_full_1562024455_BPM1PROD_20250525_ss3qafj0_2_1.vab RECID=30911 STAMP=1202011809
deleted backup piece
backup piece handle=3fc90592-511f-4200-aedc-48597064f4c8/RMAN_full_1562024455_BPM1PROD_20250525_ss3qafj0_1_1.vab RECID=30917 STAMP=1202011744
deleted backup piece
backup piece handle=3fc90592-511f-4200-aedc-48597064f4c8/RMAN_full_1562024455_BPM1PROD_20250525_su3qafok_2_1.vab RECID=30913 STAMP=1202012010
deleted backup piece
backup piece handle=3fc90592-511f-4200-aedc-48597064f4c8/RMAN_full_1562024455_BPM1PROD_20250525_su3qafok_1_1.vab RECID=30915 STAMP=1202011924
deleted backup piece
backup piece handle=3fc90592-511f-4200-aedc-48597064f4c8/RMAN_full_1562024455_BPM1PROD_20250525_t03qag0p_2_1.vab RECID=30914 STAMP=1202012185
deleted backup piece
backup piece handle=3fc90592-511f-4200-aedc-48597064f4c8/RMAN_full_1562024455_BPM1PROD_20250525_t03qag0p_1_1.vab RECID=30922 STAMP=1202012185
deleted backup piece
backup piece handle=3fc90592-511f-4200-aedc-48597064f4c8/RMAN_full_1562024455_BPM1PROD_20250525_t23qag68_2_1.vab RECID=30916 STAMP=1202012445
deleted backup piece
backup piece handle=3fc90592-511f-4200-aedc-48597064f4c8/RMAN_full_1562024455_BPM1PROD_20250525_t23qag68_1_1.vab RECID=30920 STAMP=1202012360
deleted backup piece
backup piece handle=3fc90592-511f-4200-aedc-48597064f4c8/RMAN_full_1562024455_BPM1PROD_20250525_t43qag9m_2_1.vab RECID=30918 STAMP=1202012472
deleted backup piece
backup piece handle=3fc90592-511f-4200-aedc-48597064f4c8/RMAN_full_1562024455_BPM1PROD_20250525_t43qag9m_1_1.vab RECID=30919 STAMP=1202012471
deleted backup piece
backup piece handle=3fc90592-511f-4200-aedc-48597064f4c8/RMAN_full_1562024455_BPM1PROD_20250525_t63qagah_1_1.vab RECID=30921 STAMP=1202012497
deleted backup piece
backup piece handle=3fc90592-511f-4200-aedc-48597064f4c8/RMAN_full_1562024455_BPM1PROD_20250525_t73qagba_1_1.vab RECID=30924 STAMP=1202012522
deleted backup piece
backup piece handle=3fc90592-511f-4200-aedc-48597064f4c8/RMAN_full_1562024455_BPM1PROD_20250525_t83qageu_1_1.vab RECID=30926 STAMP=1202012638
deleted backup piece
backup piece handle=3fc90592-511f-4200-aedc-48597064f4c8/RMAN_full_1562024455_BPM1PROD_20250525_t93qaggb_1_1.vab RECID=30925 STAMP=1202012683
deleted backup piece
backup piece handle=3fc90592-511f-4200-aedc-48597064f4c8/RMAN_full_1562024455_BPM1PROD_20250525_ta3qaggi_1_1.vab RECID=30923 STAMP=1202012691
deleted backup piece
backup piece handle=3fc90592-511f-4200-aedc-48597064f4c8/RMAN_full_1562024455_BPM1PROD_20250525_tb3qah03_1_1.vab RECID=30927 STAMP=1202013187
deleted backup piece
backup piece handle=3fc90592-511f-4200-aedc-48597064f4c8/RMAN_full_1562024455_BPM1PROD_20250525_tc3qah0n_1_1.vab RECID=30928 STAMP=1202013207
deleted backup piece
backup piece handle=3fc90592-511f-4200-aedc-48597064f4c8/RMAN_full_1562024455_BPM1PROD_20250525_td3qah0n_1_1.vab RECID=30929 STAMP=1202013207
deleted backup piece
backup piece handle=3fc90592-511f-4200-aedc-48597064f4c8/RMAN_full_1562024455_BPM1PROD_20250525_te3qah0n_1_1.vab RECID=30930 STAMP=1202013208
deleted backup piece
backup piece handle=3fc90592-511f-4200-aedc-48597064f4c8/RMAN_full_1562024455_BPM1PROD_20250525_tf3qah17_1_1.vab RECID=30931 STAMP=1202013224
deleted backup piece
backup piece handle=3fc90592-511f-4200-aedc-48597064f4c8/RMAN_full_1562024455_BPM1PROD_20250525_tg3qah20_1_1.vab RECID=30932 STAMP=1202013248
deleted backup piece
backup piece handle=3fc90592-511f-4200-aedc-48597064f4c8/RMAN_full_1562024455_BPM1PROD_20250525_th3qah20_1_1.vab RECID=30933 STAMP=1202013248
deleted backup piece
backup piece handle=3fc90592-511f-4200-aedc-48597064f4c8/RMAN_full_1562024455_BPM1PROD_20250525_ti3qah20_1_1.vab RECID=30934 STAMP=1202013248
deleted backup piece
backup piece handle=3fc90592-511f-4200-aedc-48597064f4c8/RMAN_full_1562024455_BPM1PROD_20250525_tj3qah20_1_1.vab RECID=30935 STAMP=1202013248
deleted backup piece
backup piece handle=3fc90592-511f-4200-aedc-48597064f4c8/RMAN_incr_1562024455_BPM1PROD_20250617_da3s6p5d_1_1.vab RECID=31440 STAMP=1203987631
deleted backup piece
backup piece handle=3fc90592-511f-4200-aedc-48597064f4c8/RMAN_incr_1562024455_BPM1PROD_20250617_db3s6p5e_1_1.vab RECID=31438 STAMP=1203987633
deleted backup piece
backup piece handle=3fc90592-511f-4200-aedc-48597064f4c8/RMAN_incr_1562024455_BPM1PROD_20250617_dc3s6qkr_1_1.vab RECID=31439 STAMP=1203989148
deleted backup piece
backup piece handle=3fc90592-511f-4200-aedc-48597064f4c8/RMAN_incr_1562024455_BPM1PROD_20250617_dd3s6qm0_1_1.vab RECID=31441 STAMP=1203989184
deleted backup piece
backup piece handle=3fc90592-511f-4200-aedc-48597064f4c8/RMAN_incr_1562024455_BPM1PROD_20250617_de3s6qma_1_1.vab RECID=31443 STAMP=1203989194
deleted backup piece
backup piece handle=3fc90592-511f-4200-aedc-48597064f4c8/RMAN_incr_1562024455_BPM1PROD_20250617_df3s6qma_1_1.vab RECID=31442 STAMP=1203989195
deleted backup piece
backup piece handle=3fc90592-511f-4200-aedc-48597064f4c8/RMAN_incr_1562024455_BPM1PROD_20250617_dg3s6qmi_1_1.vab RECID=31444 STAMP=1203989203
deleted backup piece
backup piece handle=3fc90592-511f-4200-aedc-48597064f4c8/RMAN_incr_1562024455_BPM1PROD_20250617_dh3s6qmv_1_1.vab RECID=31446 STAMP=1203989215
deleted backup piece
backup piece handle=3fc90592-511f-4200-aedc-48597064f4c8/RMAN_incr_1562024455_BPM1PROD_20250617_di3s6qmv_1_1.vab RECID=31445 STAMP=1203989215
Deleted 129 objects


RMAN> 

List of Backup Sets
===================


BS Key  Type LV Size       Device Type Elapsed Time Completion Time
------- ---- -- ---------- ----------- ------------ ---------------
18101   Full    8.00M      SBT_TAPE    00:00:08     22-JUN-25      
        BP Key: 31596   Status: AVAILABLE  Compressed: YES  Tag: FULL_BPM1PROD_22062025_01H00
        Handle: 3fc90592-511f-4200-aedc-48597064f4c8/RMAN_full_1562024455_BPM1PROD_20250622_i83skbpk_1_1.vab   Media: {3fc90592-511f-4200-aedc-48597064f4c8}
        Keep: BACKUP_LOGS        Until: 22-JUL-25      
  SPFILE Included: Modification time: 22-JUN-25
  SPFILE db_unique_name: BPM1PROD

BS Key  Type LV Size       Device Type Elapsed Time Completion Time
------- ---- -- ---------- ----------- ------------ ---------------
18113   Full    8.00M      SBT_TAPE    00:00:06     24-JUN-25      
        BP Key: 31608   Status: AVAILABLE  Compressed: YES  Tag: FULL_BPM1PROD_22062025_01H00
        Handle: 3fc90592-511f-4200-aedc-48597064f4c8/RMAN_incr_1562024455_BPM1PROD_20250624_io3sr85f_1_1.vab   Media: {3fc90592-511f-4200-aedc-48597064f4c8}
        Keep: BACKUP_LOGS        Until: 01-JUL-25      
  SPFILE Included: Modification time: 22-JUN-25
  SPFILE db_unique_name: BPM1PROD

RMAN> 

List of Backup Sets
===================


BS Key  Type LV Size       Device Type Elapsed Time Completion Time
------- ---- -- ---------- ----------- ------------ ---------------
18097   Incr 0  16.00M     SBT_TAPE    00:00:21     22-JUN-25      
        BP Key: 31592   Status: AVAILABLE  Compressed: YES  Tag: FULL_BPM1PROD_22062025_01H00
        Handle: 3fc90592-511f-4200-aedc-48597064f4c8/RMAN_full_1562024455_BPM1PROD_20250622_i73skbbl_1_1.vab   Media: {3fc90592-511f-4200-aedc-48597064f4c8}
        Keep: BACKUP_LOGS        Until: 22-JUL-25      
  Control File Included: Ckp SCN: 47075614932   Ckp time: 22-JUN-25

BS Key  Type LV Size       Device Type Elapsed Time Completion Time
------- ---- -- ---------- ----------- ------------ ---------------
18105   Full    16.00M     SBT_TAPE    00:00:08     22-JUN-25      
        BP Key: 31600   Status: AVAILABLE  Compressed: YES  Tag: FULL_BPM1PROD_22062025_01H00
        Handle: 3fc90592-511f-4200-aedc-48597064f4c8/RMAN_full_1562024455_BPM1PROD_20250622_ic3skbqo_1_1.vab   Media: {3fc90592-511f-4200-aedc-48597064f4c8}
        Keep: BACKUP_LOGS        Until: 22-JUL-25      
  Control File Included: Ckp SCN: 47075615444   Ckp time: 22-JUN-25

BS Key  Type LV Size       Device Type Elapsed Time Completion Time
------- ---- -- ---------- ----------- ------------ ---------------
18111   Incr 1  16.00M     SBT_TAPE    00:00:09     24-JUN-25      
        BP Key: 31606   Status: AVAILABLE  Compressed: YES  Tag: FULL_BPM1PROD_22062025_01H00
        Handle: 3fc90592-511f-4200-aedc-48597064f4c8/RMAN_incr_1562024455_BPM1PROD_20250624_in3sr84k_1_1.vab   Media: {3fc90592-511f-4200-aedc-48597064f4c8}
        Keep: BACKUP_LOGS        Until: 01-JUL-25      
  Control File Included: Ckp SCN: 47076931677   Ckp time: 24-JUN-25

BS Key  Type LV Size       Device Type Elapsed Time Completion Time
------- ---- -- ---------- ----------- ------------ ---------------
18116   Full    16.00M     SBT_TAPE    00:00:12     24-JUN-25      
        BP Key: 31611   Status: AVAILABLE  Compressed: YES  Tag: FULL_BPM1PROD_22062025_01H00
        Handle: 3fc90592-511f-4200-aedc-48597064f4c8/RMAN_incr_1562024455_BPM1PROD_20250624_ir3sr869_1_1.vab   Media: {3fc90592-511f-4200-aedc-48597064f4c8}
        Keep: BACKUP_LOGS        Until: 01-JUL-25      
  Control File Included: Ckp SCN: 47076931782   Ckp time: 24-JUN-25

RMAN> 

Recovery Manager complete.
