
Recovery Manager: Release 11.2.0.4.0 - Production on Tue Jun 24 23:51:59 2025

Copyright (c) 1982, 2011, Oracle and/or its affiliates.  All rights reserved.

RMAN> 
connected to target database: RMANCAT (DBID=3914110385)

RMAN> 2> 3> 4> 5> 6> 7> 8> 9> 
using target database control file instead of recovery catalog
allocated channel: ch1
channel ch1: SID=42 instance=rmancat1 device type=SBT_TAPE
channel ch1: Veeam Plug-in for Oracle RMAN

allocated channel: ch2
channel ch2: SID=103 instance=rmancat1 device type=SBT_TAPE
channel ch2: Veeam Plug-in for Oracle RMAN

Starting backup at 24-JUN-25
current log archived

backup will be obsolete on date 01-JUL-25
archived logs required to recover from this backup will be backed up
channel ch1: starting compressed incremental level 1 datafile backup set
channel ch1: specifying datafile(s) in backup set
input datafile file number=00006 name=+DG_META4/rmancat/datafile/rman_data.276.1054228373
input datafile file number=00002 name=+DG_META4/rmancat/datafile/sysaux.286.1054229821
input datafile file number=00007 name=+DG_META4/rmancat/datafile/oranev01_odbprac_12c.277.1054228383
channel ch1: starting piece 1 at 24-JUN-25
channel ch2: starting compressed incremental level 1 datafile backup set
channel ch2: specifying datafile(s) in backup set
input datafile file number=00001 name=+DG_META4/rmancat/datafile/system.285.1054229791
input datafile file number=00008 name=+DG_META4/rmancat/datafile/undotb2.282.1054229075
input datafile file number=00009 name=+DG_META4/rmancat/datafile/undotb1.283.1054229095
input datafile file number=00004 name=+DG_META4/rmancat/datafile/users.275.1054228369
channel ch2: starting piece 1 at 24-JUN-25
RMAN-03009: failure of backup command on ch2 channel at 06/24/2025 23:58:00
ORA-19506: failed to create sequential file, name="3fc90592-511f-4200-aedc-48597064f4c8/RMAN_incr_3914110385_RMANCAT_20250624_ds3sro5e_1_1.vab", parms=""
ORA-27028: skgfqcre: sbtbackup returned error
ORA-19511: Error received from media manager layer, error text:
   TCP stream was closed
--tr:Failed to start source agent.
--tr:Failed to start shared source agent.
--tr:Failed to get agents session.
--tr:Failed to create RMAN backup file session.
channel ch2 disabled, job failed on it will be run on another channel
released channel: ch1
released channel: ch2
RMAN-00571: ===========================================================
RMAN-00569: =============== ERROR MESSAGE STACK FOLLOWS ===============
RMAN-00571: ===========================================================
RMAN-03002: failure of backup command at 06/25/2025 00:01:15
ORA-19506: failed to create sequential file, name="3fc90592-511f-4200-aedc-48597064f4c8/RMAN_incr_3914110385_RMANCAT_20250624_dr3sro5e_1_1.vab", parms=""
ORA-27028: skgfqcre: sbtbackup returned error
ORA-19511: Error received from media manager layer, error text:
   TCP stream was closed
--tr:Failed to start source agent.
--tr:Failed to start shared source agent.
--tr:Failed to get agents session.
--tr:Failed to create RMAN backup file session.

RMAN> 

List of Backup Sets
===================


BS Key  Type LV Size       Device Type Elapsed Time Completion Time
------- ---- -- ---------- ----------- ------------ ---------------
14611   Full    8.00M      SBT_TAPE    00:00:04     21-JUN-25      
        BP Key: 14611   Status: AVAILABLE  Compressed: YES  Tag: FULL_RMANCAT_21062025_23H00
        Handle: 3fc90592-511f-4200-aedc-48597064f4c8/RMAN_full_3914110385_RMANCAT_20250621_d43sjoam_1_1.vab   Media: {3fc90592-511f-4200-aedc-48597064f4c8}
        Keep: BACKUP_LOGS        Until: 21-JUL-25      
  SPFILE Included: Modification time: 09-JUN-25
  SPFILE db_unique_name: RMANCAT

BS Key  Type LV Size       Device Type Elapsed Time Completion Time
------- ---- -- ---------- ----------- ------------ ---------------
14621   Full    8.00M      SBT_TAPE    00:00:17     24-JUN-25      
        BP Key: 14621   Status: AVAILABLE  Compressed: YES  Tag: FULL_RMANCAT_21062025_23H00
        Handle: 3fc90592-511f-4200-aedc-48597064f4c8/RMAN_incr_3914110385_RMANCAT_20250624_di3sr3to_1_1.vab   Media: {3fc90592-511f-4200-aedc-48597064f4c8}
        Keep: BACKUP_LOGS        Until: 01-JUL-25      
  SPFILE Included: Modification time: 09-JUN-25
  SPFILE db_unique_name: RMANCAT

RMAN> 

List of Backup Sets
===================


BS Key  Type LV Size       Device Type Elapsed Time Completion Time
------- ---- -- ---------- ----------- ------------ ---------------
14609   Incr 0  16.00M     SBT_TAPE    00:00:08     21-JUN-25      
        BP Key: 14609   Status: AVAILABLE  Compressed: YES  Tag: FULL_RMANCAT_21062025_23H00
        Handle: 3fc90592-511f-4200-aedc-48597064f4c8/RMAN_full_3914110385_RMANCAT_20250621_d33sjo8j_1_1.vab   Media: {3fc90592-511f-4200-aedc-48597064f4c8}
        Keep: BACKUP_LOGS        Until: 21-JUL-25      
  Control File Included: Ckp SCN: 779370378    Ckp time: 21-JUN-25

BS Key  Type LV Size       Device Type Elapsed Time Completion Time
------- ---- -- ---------- ----------- ------------ ---------------
14614   Full    16.00M     SBT_TAPE    00:00:14     21-JUN-25      
        BP Key: 14614   Status: AVAILABLE  Compressed: YES  Tag: FULL_RMANCAT_21062025_23H00
        Handle: 3fc90592-511f-4200-aedc-48597064f4c8/RMAN_full_3914110385_RMANCAT_20250621_d73sjobv_1_1.vab   Media: {3fc90592-511f-4200-aedc-48597064f4c8}
        Keep: BACKUP_LOGS        Until: 21-JUL-25      
  Control File Included: Ckp SCN: 779370788    Ckp time: 21-JUN-25

BS Key  Type LV Size       Device Type Elapsed Time Completion Time
------- ---- -- ---------- ----------- ------------ ---------------
14620   Incr 1  16.00M     SBT_TAPE    00:00:09     24-JUN-25      
        BP Key: 14620   Status: AVAILABLE  Compressed: YES  Tag: FULL_RMANCAT_21062025_23H00
        Handle: 3fc90592-511f-4200-aedc-48597064f4c8/RMAN_incr_3914110385_RMANCAT_20250624_dh3sr3tb_1_1.vab   Media: {3fc90592-511f-4200-aedc-48597064f4c8}
        Keep: BACKUP_LOGS        Until: 01-JUL-25      
  Control File Included: Ckp SCN: 779842555    Ckp time: 24-JUN-25

BS Key  Type LV Size       Device Type Elapsed Time Completion Time
------- ---- -- ---------- ----------- ------------ ---------------
14624   Full    16.00M     SBT_TAPE    00:00:10     24-JUN-25      
        BP Key: 14624   Status: AVAILABLE  Compressed: YES  Tag: FULL_RMANCAT_21062025_23H00
        Handle: 3fc90592-511f-4200-aedc-48597064f4c8/RMAN_incr_3914110385_RMANCAT_20250624_dl3sr3vh_1_1.vab   Media: {3fc90592-511f-4200-aedc-48597064f4c8}
        Keep: BACKUP_LOGS        Until: 01-JUL-25      
  Control File Included: Ckp SCN: 779842615    Ckp time: 24-JUN-25

RMAN> 

Recovery Manager complete.
